2025-07-25 08:40:44,967  WARN com.zaxxer.hikari.pool.HikariPool run.788  - HikariPool-1 - Thread starvation or clock leap detected (housekeeper delta=15h49m37s60ms480µs400ns).
2025-07-25 11:23:30,008 ERROR com.corena.acm.rest.resource.auth.AuthResource deleteToken.249  - FAILED_GET_AUTH_HEADER
2025-07-25 11:23:40,349  WARN com.flatirons.commons.rest.performance.PerformanceLogger filter.52  - REST API: com.corena.acm.rest.resource.auth.AuthResource.postUserLoginEvent; Duration (ms): 10083
2025-07-25 11:23:40,363  WARN com.flatirons.commons.rest.performance.PerformanceLogger filter.52  - REST API: com.corena.acm.rest.resource.auth.AuthResource.putToken; Duration (ms): 10471
2025-07-25 11:23:40,363  WARN com.flatirons.commons.rest.performance.PerformanceLogger filter.52  - REST API: com.corena.acm.rest.resource.auth.AuthResource.putToken; Duration (ms): 10471
2025-07-25 11:23:40,364  WARN com.flatirons.commons.rest.performance.PerformanceLogger filter.52  - REST API: com.corena.acm.rest.resource.auth.AuthResource.putToken; Duration (ms): 10472
2025-07-25 11:23:40,364  WARN com.flatirons.commons.rest.performance.PerformanceLogger filter.52  - REST API: com.corena.acm.rest.resource.auth.AuthResource.putToken; Duration (ms): 10472
2025-07-25 11:23:40,364  WARN com.flatirons.commons.rest.performance.PerformanceLogger filter.52  - REST API: com.corena.acm.rest.resource.auth.AuthResource.putToken; Duration (ms): 10472
2025-07-25 11:23:40,365  WARN com.flatirons.commons.rest.performance.PerformanceLogger filter.52  - REST API: com.corena.acm.rest.resource.auth.AuthResource.putToken; Duration (ms): 10473
2025-07-25 11:23:40,366  WARN com.flatirons.commons.rest.performance.PerformanceLogger filter.52  - REST API: com.corena.acm.rest.resource.auth.AuthResource.putToken; Duration (ms): 9550
2025-07-25 11:23:40,367  WARN com.flatirons.commons.rest.performance.PerformanceLogger filter.52  - REST API: com.corena.acm.rest.resource.auth.AuthResource.putToken; Duration (ms): 9549
2025-07-25 11:23:40,366  WARN com.flatirons.commons.rest.performance.PerformanceLogger filter.52  - REST API: com.corena.acm.rest.resource.auth.AuthResource.putToken; Duration (ms): 9548
2025-07-25 11:23:40,366  WARN com.flatirons.commons.rest.performance.PerformanceLogger filter.52  - REST API: com.corena.acm.rest.resource.auth.AuthResource.putToken; Duration (ms): 9550
2025-07-25 11:23:40,368  WARN com.flatirons.commons.rest.performance.PerformanceLogger filter.52  - REST API: com.corena.acm.rest.resource.auth.AuthResource.putToken; Duration (ms): 9552
2025-07-25 11:23:40,370  WARN com.flatirons.commons.rest.performance.PerformanceLogger filter.52  - REST API: com.corena.acm.rest.resource.auth.AuthResource.putToken; Duration (ms): 8792
2025-07-25 11:48:21,729  INFO org.apache.catalina.core.ContainerBase.[auth_engine].[localhost].[/acmserver] log.173  - 1 Spring WebApplicationInitializers detected on classpath
2025-07-25 11:48:43,134  INFO org.apache.catalina.core.ContainerBase.[auth_engine].[localhost].[/acmserver] log.173  - Initializing Spring embedded WebApplicationContext
2025-07-25 11:48:48,144  INFO com.flatirons.commons.utilities.DatabaseInitializingBean afterPropertiesSet.39  - Check database connection.
2025-07-25 11:48:48,164  INFO com.zaxxer.hikari.HikariDataSource getConnection.110  - HikariPool-1 - Starting...
2025-07-25 11:48:48,215  WARN com.zaxxer.hikari.util.DriverDataSource <init>.70  - Registered driver with driverClassName=org.hsqldb.jdbcDriver was not found, trying direct instantiation.
2025-07-25 11:48:50,303 ERROR com.zaxxer.hikari.pool.HikariPool throwPoolInitializationException.594  - HikariPool-1 - Exception during pool initialization.
java.sql.SQLTransientConnectionException: java.net.ConnectException: Connection refused: connect
	at org.hsqldb.jdbc.JDBCUtil.sqlException(Unknown Source)
	at org.hsqldb.jdbc.JDBCUtil.sqlException(Unknown Source)
	at org.hsqldb.jdbc.JDBCConnection.<init>(Unknown Source)
	at org.hsqldb.jdbc.JDBCDriver$1.run(Unknown Source)
Caused by: org.hsqldb.HsqlException: java.net.ConnectException: Connection refused: connect
	at org.hsqldb.ClientConnection.openConnection(Unknown Source)
	at org.hsqldb.ClientConnection.initConnection(Unknown Source)
	at org.hsqldb.ClientConnection.<init>(Unknown Source)
	... 2 common frames omitted
Caused by: java.net.ConnectException: Connection refused: connect
	at java.base/java.net.PlainSocketImpl.connect0(Native Method)
	at java.base/java.net.PlainSocketImpl.socketConnect(Unknown Source)
	at java.base/java.net.AbstractPlainSocketImpl.doConnect(Unknown Source)
	at java.base/java.net.AbstractPlainSocketImpl.connectToAddress(Unknown Source)
	at java.base/java.net.AbstractPlainSocketImpl.connect(Unknown Source)
	at java.base/java.net.SocksSocketImpl.connect(Unknown Source)
	at java.base/java.net.Socket.connect(Unknown Source)
	at java.base/java.net.Socket.connect(Unknown Source)
	at java.base/java.net.Socket.<init>(Unknown Source)
	at java.base/java.net.Socket.<init>(Unknown Source)
	at org.hsqldb.server.HsqlSocketFactory.createSocket(Unknown Source)
	... 5 common frames omitted
2025-07-25 11:48:50,311  WARN com.flatirons.commons.utilities.DatabaseInitializingBean afterPropertiesSet.47  - Database is not Initialized, will attempt to start (path: C:\Users\u8064927\Downloads\OMAT_8.5.0.9_Light_20250601_x64/data/hsqldb/standaloneDB)
2025-07-25 11:48:50,316  INFO com.flatirons.commons.utilities.DatabaseInitializingBean startHsqldb.118  - Port specification found in url.
2025-07-25 11:48:50,423  INFO com.flatirons.commons.utilities.DatabaseInitializingBean startHsqldb.123  - Using port from url: 9003
2025-07-25 11:48:50,424  INFO com.flatirons.commons.utilities.DatabaseInitializingBean startHsqldb.130  - Starting HyperSQL ...please wait
2025-07-25 11:48:52,868  INFO com.flatirons.commons.utilities.DatabaseInitializingBean startHsqldb.132  - HyperSQL started
2025-07-25 11:48:52,869  INFO com.zaxxer.hikari.HikariDataSource getConnection.110  - HikariPool-1 - Starting...
2025-07-25 11:48:52,871  WARN com.zaxxer.hikari.util.DriverDataSource <init>.70  - Registered driver with driverClassName=org.hsqldb.jdbcDriver was not found, trying direct instantiation.
2025-07-25 11:48:53,051  INFO com.zaxxer.hikari.pool.PoolBase getAndSetNetworkTimeout.541  - HikariPool-1 - Driver does not support get/set network timeout for connections. (feature not supported)
2025-07-25 11:48:53,142  INFO com.zaxxer.hikari.HikariDataSource getConnection.123  - HikariPool-1 - Start completed.
2025-07-25 11:48:53,156  INFO com.flatirons.commons.utilities.DatabaseInitializingBean waitUntilConnectionAvailable.98  - Database Started Successfully.
2025-07-25 11:48:53,980  INFO liquibase.integration log.37  - Liquibase did not run because 'shouldRun' property was set to false on liquibase Liquibase Spring bean.
