2025-07-25 08:40:58,970  WARN com.zaxxer.hikari.pool.HikariPool run.788  - HikariPool-2 - Thread starvation or clock leap detected (housekeeper delta=15h49m30s578ms467µs).
2025-07-25 11:23:29,539  WARN com.flatirons.commons.rest.performance.PerformanceLogger filter.52 core=x:misspellings_core - REST API: com.flatirons.pinpoint.server.rest.resource.UserResource.getUserDetails; Duration (ms): 153006703
2025-07-25 11:23:29,539  WARN com.flatirons.commons.rest.performance.PerformanceLogger filter.52  - REST API: com.flatirons.pinpoint.server.rest.resource.ConfigurationResource.isEncryptionEnabled; Duration (ms): 153014519
2025-07-25 11:23:29,539  WARN com.flatirons.commons.rest.performance.PerformanceLogger filter.52  - REST API: com.flatirons.pinpoint.server.rest.resource.FileResource.getCustomTheme; Duration (ms): 153006815
2025-07-25 11:23:29,539  WARN com.flatirons.commons.rest.performance.PerformanceLogger filter.52  - REST API: com.flatirons.pinpoint.server.rest.resource.FileResource.getLogo; Duration (ms): 153006769
2025-07-25 11:23:29,539  WARN com.flatirons.commons.rest.performance.PerformanceLogger filter.52  - REST API: com.flatirons.pinpoint.server.rest.resource.UserPrivilegeResource.allPrivileges; Duration (ms): 153006651
2025-07-25 11:23:29,644  WARN com.flatirons.commons.rest.performance.PerformanceLogger filter.52  - REST API: com.flatirons.pinpoint.server.rest.resource.UserAddlDetailsResource.getUserDetailsByUserName; Duration (ms): 153014624
2025-07-25 11:23:40,486  WARN com.flatirons.commons.rest.performance.PerformanceLogger filter.52  - REST API: com.flatirons.pinpoint.server.rest.resource.AuthenticationResource.deleteToken; Duration (ms): 10778
2025-07-25 11:23:40,491  WARN com.flatirons.commons.rest.performance.PerformanceLogger filter.52  - REST API: com.flatirons.pinpoint.server.rest.resource.AuthenticationResource.deleteToken; Duration (ms): 10820
2025-07-25 11:23:40,496  WARN com.flatirons.commons.rest.performance.PerformanceLogger filter.52  - REST API: com.flatirons.pinpoint.server.rest.resource.AuthenticationResource.deleteToken; Duration (ms): 10771
2025-07-25 11:23:40,502  WARN com.flatirons.commons.rest.performance.PerformanceLogger filter.52 core=x:misspellings_core - REST API: com.flatirons.pinpoint.server.rest.resource.AuthenticationResource.deleteToken; Duration (ms): 10791
2025-07-25 11:23:40,505  WARN com.flatirons.commons.rest.performance.PerformanceLogger filter.52  - REST API: com.flatirons.pinpoint.server.rest.resource.AuthenticationResource.deleteToken; Duration (ms): 10803
2025-07-25 11:23:40,506  WARN com.flatirons.commons.rest.performance.PerformanceLogger filter.52  - REST API: com.flatirons.pinpoint.server.rest.resource.AuthenticationResource.deleteToken; Duration (ms): 10796
2025-07-25 11:23:51,836  WARN com.flatirons.commons.rest.performance.PerformanceLogger filter.52  - REST API: com.flatirons.pinpoint.server.rest.resource.ConfigurationResource.getSingleConfiguration; Duration (ms): 10521
2025-07-25 11:23:51,836  WARN com.flatirons.commons.rest.performance.PerformanceLogger filter.52  - REST API: com.flatirons.pinpoint.server.rest.resource.UserResource.getUserDetails; Duration (ms): 11086
2025-07-25 11:23:51,836  WARN com.flatirons.commons.rest.performance.PerformanceLogger filter.52 core=x:misspellings_core - REST API: com.flatirons.pinpoint.server.rest.resource.ConfigurationResource.getAllConfigurations; Duration (ms): 10486
2025-07-25 11:23:51,839  WARN com.flatirons.commons.rest.performance.PerformanceLogger filter.52  - REST API: com.flatirons.pinpoint.server.rest.resource.ConfigurationResource.isEncryptionEnabled; Duration (ms): 11135
2025-07-25 11:23:54,622  WARN com.flatirons.commons.rest.performance.PerformanceLogger filter.52  - REST API: com.flatirons.pinpoint.server.rest.resource.SearchResource.fullTextSearchInit; Duration (ms): 13601
2025-07-25 11:23:54,628  INFO com.flatirons.commons.rest.performance.PerformanceLogger filter.55  - REST API: com.flatirons.pinpoint.server.rest.resource.LibraryResource.libraries; Duration (ms): 2725
2025-07-25 11:23:54,719  WARN com.flatirons.commons.rest.performance.PerformanceLogger filter.52 core=x:misspellings_core - REST API: com.flatirons.pinpoint.server.rest.resource.LandingPageResource.applicationPage; Duration (ms): 13393
2025-07-25 11:28:32,450  INFO com.flatirons.commons.rest.performance.PerformanceLogger filter.55 core=x:misspellings_core - REST API: com.flatirons.pinpoint.server.rest.resource.DocumentResource.documentContent; Duration (ms): 1457
2025-07-25 11:29:10,529  INFO com.flatirons.commons.rest.performance.PerformanceLogger filter.55  - REST API: com.flatirons.pinpoint.server.rest.resource.DocumentPrintResource.printSearchResult; Duration (ms): 4271
2025-07-25 11:42:55,097  WARN com.flatirons.commons.rest.performance.PerformanceLogger filter.52  - REST API: com.flatirons.pinpoint.server.rest.resource.SearchResource.fullTextSearchSubmit; Duration (ms): 5549
2025-07-25 11:47:11,207  WARN com.flatirons.commons.rest.performance.PerformanceLogger filter.52 core=x:pinpoint_server - REST API: com.flatirons.pinpoint.server.rest.resource.ConfigurationResource.getSingleConfiguration; Duration (ms): 21300
2025-07-25 11:47:11,207  WARN com.flatirons.commons.rest.performance.PerformanceLogger filter.52 core=x:misspellings_core - REST API: com.flatirons.pinpoint.server.rest.resource.ConfigurationResource.getAllConfigurations; Duration (ms): 16908
2025-07-25 11:47:11,207  WARN com.flatirons.commons.rest.performance.PerformanceLogger filter.52  - REST API: com.flatirons.pinpoint.server.rest.resource.UserResource.getUserDetails; Duration (ms): 23103
2025-07-25 11:47:11,209  WARN com.flatirons.commons.rest.performance.PerformanceLogger filter.52 core=x:pinpoint_server - REST API: com.flatirons.pinpoint.server.rest.resource.ConfigurationResource.isEncryptionEnabled; Duration (ms): 23086
2025-07-25 11:47:17,098  WARN com.flatirons.commons.rest.performance.PerformanceLogger filter.52  - REST API: com.flatirons.pinpoint.server.rest.resource.SearchResource.fullTextSearchInit; Duration (ms): 27935
2025-07-25 11:47:17,114  WARN com.flatirons.commons.rest.performance.PerformanceLogger filter.52 core=x:pinpoint_server - REST API: com.flatirons.pinpoint.server.rest.resource.LibraryResource.libraries; Duration (ms): 5801
2025-07-25 11:47:17,143  WARN com.flatirons.commons.rest.performance.PerformanceLogger filter.52 core=x:pinpoint_server - REST API: com.flatirons.pinpoint.server.rest.resource.LandingPageResource.applicationPage; Duration (ms): 27201
2025-07-25 11:48:21,734  INFO org.apache.catalina.core.ContainerBase.[pinpoint_engine].[localhost].[/ppserver] log.173  - 1 Spring WebApplicationInitializers detected on classpath
2025-07-25 11:48:49,081  INFO org.apache.catalina.core.ContainerBase.[pinpoint_engine].[localhost].[/ppserver] log.173  - Initializing Spring embedded WebApplicationContext
2025-07-25 11:48:55,036  INFO com.flatirons.commons.utilities.DatabaseInitializingBean afterPropertiesSet.39  - Check database connection.
2025-07-25 11:48:55,040  INFO com.zaxxer.hikari.HikariDataSource getConnection.110  - HikariPool-2 - Starting...
2025-07-25 11:48:55,067  WARN com.zaxxer.hikari.util.DriverDataSource <init>.70  - Registered driver with driverClassName=org.hsqldb.jdbcDriver was not found, trying direct instantiation.
2025-07-25 11:48:55,630  INFO com.zaxxer.hikari.pool.PoolBase getAndSetNetworkTimeout.541  - HikariPool-2 - Driver does not support get/set network timeout for connections. (feature not supported)
2025-07-25 11:48:55,727  INFO com.zaxxer.hikari.HikariDataSource getConnection.123  - HikariPool-2 - Start completed.
2025-07-25 11:48:55,813  INFO com.flatirons.commons.utilities.DatabaseInitializingBean afterPropertiesSet.41  - Database connection is available.
2025-07-25 11:48:56,818  INFO liquibase.integration log.37  - Liquibase did not run because 'shouldRun' property was set to false on liquibase Liquibase Spring bean.
