[2025-07-25 11:23:40]  INFO [http-nio-8085-exec-3] com.flatirons.pinpoint.server.access.impl.AcmServerTalk:91 - PUT http://localhost:8086/acmserver/api/auth/privileges.return status 200
[2025-07-25 11:23:40]  INFO [http-nio-8085-exec-12] com.flatirons.pinpoint.server.access.impl.AcmServerTalk:91 - PUT http://localhost:8086/acmserver/api/auth/privileges.return status 200
[2025-07-25 11:23:40]  INFO [http-nio-8085-exec-14] com.flatirons.pinpoint.server.access.impl.AcmServerTalk:91 - PUT http://localhost:8086/acmserver/api/auth/privileges.return status 200
[2025-07-25 11:23:40]  INFO [http-nio-8085-exec-1] com.flatirons.pinpoint.server.access.impl.AcmServerTalk:91 - PUT http://localhost:8086/acmserver/api/auth/privileges.return status 200
[2025-07-25 11:23:40]  INFO [http-nio-8085-exec-7] com.flatirons.pinpoint.server.access.impl.AcmServerTalk:91 - PUT http://localhost:8086/acmserver/api/auth/privileges.return status 200
[2025-07-25 11:23:40]  INFO [http-nio-8085-exec-13] com.flatirons.pinpoint.server.access.impl.AcmServerTalk:91 - PUT http://localhost:8086/acmserver/api/auth/privileges.return status 200
[2025-07-25 11:23:40]  INFO [http-nio-8085-exec-12] com.flatirons.pinpoint.server.access.impl.AcmServerTalk:91 - PUT http://localhost:8086/acmserver/api/auth/privileges.return status 200
[2025-07-25 11:23:40]  INFO [http-nio-8085-exec-1] com.flatirons.pinpoint.server.access.impl.AcmServerTalk:73 - Get http://localhost:8086/acmserver/api/organizations/SYS.return status 200
[2025-07-25 11:23:40]  INFO [http-nio-8085-exec-13] com.flatirons.pinpoint.server.access.impl.AcmServerTalk:73 - Get http://localhost:8086/acmserver/api/users/Guest.return status 200
[2025-07-25 11:23:40]  INFO [http-nio-8085-exec-3] com.flatirons.pinpoint.server.access.impl.AcmServerTalk:91 - PUT http://localhost:8086/acmserver/api/auth/privileges.return status 200
[2025-07-25 11:23:40]  INFO [http-nio-8085-exec-13] com.flatirons.pinpoint.server.access.impl.AcmServerTalk:73 - Get http://localhost:8086/acmserver/api/usergroups/1.return status 200
[2025-07-25 11:23:40]  INFO [http-nio-8085-exec-13] com.flatirons.pinpoint.server.access.impl.AcmServerTalk:73 - Get http://localhost:8086/acmserver/api/usergroups/3.return status 200
[2025-07-25 11:23:41]  INFO [http-nio-8085-exec-2] com.flatirons.pinpoint.server.access.impl.AcmServerTalk:91 - PUT http://localhost:8086/acmserver/api/auth/privileges.return status 200
[2025-07-25 11:23:41]  INFO [http-nio-8085-exec-2] com.flatirons.pinpoint.server.access.impl.AcmServerTalk:73 - Get http://localhost:8086/acmserver/api/users/Guest.return status 200
[2025-07-25 11:23:41]  INFO [http-nio-8085-exec-10] com.flatirons.pinpoint.server.access.impl.AcmServerTalk:91 - PUT http://localhost:8086/acmserver/api/auth/privileges.return status 200
[2025-07-25 11:23:41]  INFO [http-nio-8085-exec-3] com.flatirons.pinpoint.server.access.impl.AcmServerTalk:91 - PUT http://localhost:8086/acmserver/api/auth/privileges.return status 200
[2025-07-25 11:23:41]  INFO [http-nio-8085-exec-8] com.flatirons.pinpoint.server.access.impl.AcmServerTalk:91 - PUT http://localhost:8086/acmserver/api/auth/privileges.return status 200
[2025-07-25 11:23:41]  INFO [http-nio-8085-exec-8] com.flatirons.pinpoint.server.access.impl.AcmServerTalk:91 - PUT http://localhost:8086/acmserver/api/auth/privileges.return status 200
[2025-07-25 11:23:41]  INFO [http-nio-8085-exec-8] com.flatirons.pinpoint.server.access.impl.AcmServerTalk:91 - PUT http://localhost:8086/acmserver/api/auth/privileges.return status 200
[2025-07-25 11:23:41]  INFO [http-nio-8085-exec-8] com.flatirons.pinpoint.server.access.impl.AcmServerTalk:91 - PUT http://localhost:8086/acmserver/api/auth/privileges.return status 200
[2025-07-25 11:23:41]  INFO [http-nio-8085-exec-8] com.flatirons.pinpoint.server.access.impl.AcmServerTalk:91 - PUT http://localhost:8086/acmserver/api/auth/privileges.return status 200
[2025-07-25 11:23:41]  INFO [http-nio-8085-exec-8] com.flatirons.pinpoint.server.access.impl.AcmServerTalk:91 - PUT http://localhost:8086/acmserver/api/auth/privileges.return status 200
[2025-07-25 11:23:41]  INFO [http-nio-8085-exec-8] com.flatirons.pinpoint.server.access.impl.AcmServerTalk:91 - PUT http://localhost:8086/acmserver/api/auth/privileges.return status 200
[2025-07-25 11:23:41]  INFO [http-nio-8085-exec-8] com.flatirons.pinpoint.server.access.impl.AcmServerTalk:91 - PUT http://localhost:8086/acmserver/api/auth/privileges.return status 200
[2025-07-25 11:23:41]  INFO [http-nio-8085-exec-8] com.flatirons.pinpoint.server.access.impl.AcmServerTalk:91 - PUT http://localhost:8086/acmserver/api/auth/privileges.return status 200
[2025-07-25 11:23:41]  INFO [http-nio-8085-exec-8] com.flatirons.pinpoint.server.access.impl.AcmServerTalk:91 - PUT http://localhost:8086/acmserver/api/auth/privileges.return status 200
[2025-07-25 11:23:41]  INFO [http-nio-8085-exec-8] com.flatirons.pinpoint.server.access.impl.AcmServerTalk:91 - PUT http://localhost:8086/acmserver/api/auth/privileges.return status 200
[2025-07-25 11:23:41]  INFO [http-nio-8085-exec-8] com.flatirons.pinpoint.server.access.impl.AcmServerTalk:91 - PUT http://localhost:8086/acmserver/api/auth/privileges.return status 200
[2025-07-25 11:23:41]  INFO [http-nio-8085-exec-8] com.flatirons.pinpoint.server.access.impl.AcmServerTalk:91 - PUT http://localhost:8086/acmserver/api/auth/privileges.return status 200
[2025-07-25 11:23:41]  INFO [http-nio-8085-exec-8] com.flatirons.pinpoint.server.access.impl.AcmServerTalk:91 - PUT http://localhost:8086/acmserver/api/auth/privileges.return status 200
[2025-07-25 11:23:41]  INFO [http-nio-8085-exec-8] com.flatirons.pinpoint.server.access.impl.AcmServerTalk:91 - PUT http://localhost:8086/acmserver/api/auth/privileges.return status 200
[2025-07-25 11:23:41]  INFO [http-nio-8085-exec-8] com.flatirons.pinpoint.server.access.impl.AcmServerTalk:91 - PUT http://localhost:8086/acmserver/api/auth/privileges.return status 200
[2025-07-25 11:23:41]  INFO [http-nio-8085-exec-8] com.flatirons.pinpoint.server.access.impl.AcmServerTalk:91 - PUT http://localhost:8086/acmserver/api/auth/privileges.return status 200
[2025-07-25 11:23:41]  INFO [http-nio-8085-exec-8] com.flatirons.pinpoint.server.access.impl.AcmServerTalk:91 - PUT http://localhost:8086/acmserver/api/auth/privileges.return status 200
[2025-07-25 11:23:41]  INFO [http-nio-8085-exec-8] com.flatirons.pinpoint.server.access.impl.AcmServerTalk:91 - PUT http://localhost:8086/acmserver/api/auth/privileges.return status 200
[2025-07-25 11:23:41]  INFO [http-nio-8085-exec-8] com.flatirons.pinpoint.server.access.impl.AcmServerTalk:91 - PUT http://localhost:8086/acmserver/api/auth/privileges.return status 200
[2025-07-25 11:23:41]  INFO [http-nio-8085-exec-8] com.flatirons.pinpoint.server.access.impl.AcmServerTalk:91 - PUT http://localhost:8086/acmserver/api/auth/privileges.return status 200
[2025-07-25 11:23:41]  INFO [http-nio-8085-exec-8] com.flatirons.pinpoint.server.access.impl.AcmServerTalk:91 - PUT http://localhost:8086/acmserver/api/auth/privileges.return status 200
[2025-07-25 11:23:41]  INFO [http-nio-8085-exec-8] com.flatirons.pinpoint.server.access.impl.AcmServerTalk:91 - PUT http://localhost:8086/acmserver/api/auth/privileges.return status 200
[2025-07-25 11:23:41]  INFO [http-nio-8085-exec-8] com.flatirons.pinpoint.server.access.impl.AcmServerTalk:91 - PUT http://localhost:8086/acmserver/api/auth/privileges.return status 200
[2025-07-25 11:23:41]  INFO [http-nio-8085-exec-8] com.flatirons.pinpoint.server.access.impl.AcmServerTalk:91 - PUT http://localhost:8086/acmserver/api/auth/privileges.return status 200
[2025-07-25 11:23:41]  INFO [http-nio-8085-exec-8] com.flatirons.pinpoint.server.access.impl.AcmServerTalk:91 - PUT http://localhost:8086/acmserver/api/auth/privileges.return status 200
[2025-07-25 11:23:41]  INFO [http-nio-8085-exec-8] com.flatirons.pinpoint.server.access.impl.AcmServerTalk:91 - PUT http://localhost:8086/acmserver/api/auth/privileges.return status 200
[2025-07-25 11:23:41]  INFO [http-nio-8085-exec-8] com.flatirons.pinpoint.server.access.impl.AcmServerTalk:91 - PUT http://localhost:8086/acmserver/api/auth/privileges.return status 200
[2025-07-25 11:23:41]  INFO [http-nio-8085-exec-8] com.flatirons.pinpoint.server.access.impl.AcmServerTalk:91 - PUT http://localhost:8086/acmserver/api/auth/privileges.return status 200
[2025-07-25 11:23:41]  INFO [http-nio-8085-exec-8] com.flatirons.pinpoint.server.access.impl.AcmServerTalk:91 - PUT http://localhost:8086/acmserver/api/auth/privileges.return status 200
[2025-07-25 11:23:41]  INFO [http-nio-8085-exec-8] com.flatirons.pinpoint.server.access.impl.AcmServerTalk:91 - PUT http://localhost:8086/acmserver/api/auth/privileges.return status 200
[2025-07-25 11:23:41]  INFO [http-nio-8085-exec-8] com.flatirons.pinpoint.server.access.impl.AcmServerTalk:91 - PUT http://localhost:8086/acmserver/api/auth/privileges.return status 200
[2025-07-25 11:23:41]  INFO [http-nio-8085-exec-8] com.flatirons.pinpoint.server.access.impl.AcmServerTalk:91 - PUT http://localhost:8086/acmserver/api/auth/privileges.return status 200
[2025-07-25 11:23:41]  INFO [http-nio-8085-exec-8] com.flatirons.pinpoint.server.access.impl.AcmServerTalk:91 - PUT http://localhost:8086/acmserver/api/auth/privileges.return status 200
[2025-07-25 11:23:41]  INFO [http-nio-8085-exec-8] com.flatirons.pinpoint.server.access.impl.AcmServerTalk:91 - PUT http://localhost:8086/acmserver/api/auth/privileges.return status 200
[2025-07-25 11:23:41]  INFO [http-nio-8085-exec-8] com.flatirons.pinpoint.server.access.impl.AcmServerTalk:91 - PUT http://localhost:8086/acmserver/api/auth/privileges.return status 200
[2025-07-25 11:23:41]  INFO [http-nio-8085-exec-8] com.flatirons.pinpoint.server.access.impl.AcmServerTalk:91 - PUT http://localhost:8086/acmserver/api/auth/privileges.return status 200
[2025-07-25 11:23:42]  INFO [http-nio-8085-exec-8] com.flatirons.pinpoint.server.access.impl.AcmServerTalk:91 - PUT http://localhost:8086/acmserver/api/auth/privileges.return status 200
[2025-07-25 11:23:42]  INFO [http-nio-8085-exec-8] com.flatirons.pinpoint.server.access.impl.AcmServerTalk:91 - PUT http://localhost:8086/acmserver/api/auth/privileges.return status 200
[2025-07-25 11:23:42]  INFO [http-nio-8085-exec-8] com.flatirons.pinpoint.server.access.impl.AcmServerTalk:91 - PUT http://localhost:8086/acmserver/api/auth/privileges.return status 200
[2025-07-25 11:23:42]  INFO [http-nio-8085-exec-8] com.flatirons.pinpoint.server.access.impl.AcmServerTalk:91 - PUT http://localhost:8086/acmserver/api/auth/privileges.return status 200
[2025-07-25 11:23:42]  INFO [http-nio-8085-exec-8] com.flatirons.pinpoint.server.access.impl.AcmServerTalk:91 - PUT http://localhost:8086/acmserver/api/auth/privileges.return status 200
[2025-07-25 11:23:42]  INFO [http-nio-8085-exec-8] com.flatirons.pinpoint.server.access.impl.AcmServerTalk:91 - PUT http://localhost:8086/acmserver/api/auth/privileges.return status 200
[2025-07-25 11:23:42]  INFO [http-nio-8085-exec-8] com.flatirons.pinpoint.server.access.impl.AcmServerTalk:91 - PUT http://localhost:8086/acmserver/api/auth/privileges.return status 200
[2025-07-25 11:23:42]  INFO [http-nio-8085-exec-8] com.flatirons.pinpoint.server.access.impl.AcmServerTalk:91 - PUT http://localhost:8086/acmserver/api/auth/privileges.return status 200
[2025-07-25 11:23:42]  INFO [http-nio-8085-exec-8] com.flatirons.pinpoint.server.access.impl.AcmServerTalk:91 - PUT http://localhost:8086/acmserver/api/auth/privileges.return status 200
[2025-07-25 11:23:51]  INFO [http-nio-8085-exec-11] com.flatirons.pinpoint.server.access.impl.AcmServerTalk:91 - PUT http://localhost:8086/acmserver/api/auth/privileges.return status 200
[2025-07-25 11:23:51]  INFO [http-nio-8085-exec-10] com.flatirons.pinpoint.server.access.impl.AcmServerTalk:91 - PUT http://localhost:8086/acmserver/api/auth/privileges.return status 200
[2025-07-25 11:23:51]  INFO [http-nio-8085-exec-10] com.flatirons.pinpoint.server.access.impl.AcmServerTalk:53 - Get http://localhost:8086/acmserver/api/organizations/SYS.return status 200
[2025-07-25 11:23:51]  INFO [http-nio-8085-exec-4] com.flatirons.pinpoint.server.access.impl.AcmServerTalk:91 - PUT http://localhost:8086/acmserver/api/auth/privileges.return status 200
[2025-07-25 11:23:54]  INFO [http-nio-8085-exec-13] com.flatirons.pinpoint.server.access.impl.AcmServerTalk:91 - PUT http://localhost:8086/acmserver/api/auth/privileges.return status 200
[2025-07-25 11:24:19]  INFO [http-nio-8085-exec-9] com.flatirons.pinpoint.server.access.impl.AcmServerTalk:91 - PUT http://localhost:8086/acmserver/api/auth/privileges.return status 200
[2025-07-25 11:24:21]  INFO [http-nio-8085-exec-1] com.flatirons.pinpoint.server.access.impl.AcmServerTalk:91 - PUT http://localhost:8086/acmserver/api/auth/privileges.return status 200
[2025-07-25 11:24:21]  INFO [http-nio-8085-exec-12] com.flatirons.pinpoint.server.access.impl.AcmServerTalk:91 - PUT http://localhost:8086/acmserver/api/auth/privileges.return status 200
[2025-07-25 11:24:21]  INFO [http-nio-8085-exec-1] com.flatirons.pinpoint.server.access.impl.AcmServerTalk:91 - PUT http://localhost:8086/acmserver/api/auth/privileges.return status 200
[2025-07-25 11:24:22]  INFO [http-nio-8085-exec-7] com.flatirons.pinpoint.server.access.impl.AcmServerTalk:91 - PUT http://localhost:8086/acmserver/api/auth/privileges.return status 200
[2025-07-25 11:24:22]  INFO [http-nio-8085-exec-7] com.flatirons.pinpoint.server.access.impl.AcmServerTalk:73 - Get http://localhost:8086/acmserver/api/users/Guest.return status 200
[2025-07-25 11:24:22]  INFO [http-nio-8085-exec-7] com.flatirons.pinpoint.server.access.impl.AcmServerTalk:91 - PUT http://localhost:8086/acmserver/api/auth/privileges.return status 200
[2025-07-25 11:24:22]  INFO [http-nio-8085-exec-10] com.flatirons.pinpoint.server.access.impl.AcmServerTalk:91 - PUT http://localhost:8086/acmserver/api/auth/privileges.return status 200
[2025-07-25 11:24:22]  INFO [http-nio-8085-exec-4] com.flatirons.pinpoint.server.access.impl.AcmServerTalk:91 - PUT http://localhost:8086/acmserver/api/auth/privileges.return status 200
[2025-07-25 11:24:22]  INFO [http-nio-8085-exec-6] com.flatirons.pinpoint.server.access.impl.AcmServerTalk:91 - PUT http://localhost:8086/acmserver/api/auth/privileges.return status 200
[2025-07-25 11:24:22]  INFO [http-nio-8085-exec-2] com.flatirons.pinpoint.server.access.impl.AcmServerTalk:91 - PUT http://localhost:8086/acmserver/api/auth/privileges.return status 200
[2025-07-25 11:24:22]  INFO [http-nio-8085-exec-4] com.flatirons.pinpoint.server.access.impl.AcmServerTalk:91 - PUT http://localhost:8086/acmserver/api/auth/privileges.return status 200
[2025-07-25 11:24:22]  INFO [http-nio-8085-exec-10] com.flatirons.pinpoint.server.access.impl.AcmServerTalk:73 - Get http://localhost:8086/acmserver/api/users/Guest.return status 200
[2025-07-25 11:24:22]  INFO [http-nio-8085-exec-6] com.flatirons.pinpoint.server.access.impl.AcmServerTalk:91 - PUT http://localhost:8086/acmserver/api/auth/privileges.return status 200
[2025-07-25 11:24:22]  INFO [http-nio-8085-exec-2] com.flatirons.pinpoint.server.access.impl.AcmServerTalk:91 - PUT http://localhost:8086/acmserver/api/auth/privileges.return status 200
[2025-07-25 11:24:22]  INFO [http-nio-8085-exec-4] com.flatirons.pinpoint.server.access.impl.AcmServerTalk:91 - PUT http://localhost:8086/acmserver/api/auth/user/privileges.return status 200
[2025-07-25 11:24:22]  INFO [http-nio-8085-exec-2] com.flatirons.pinpoint.server.access.impl.AcmServerTalk:91 - PUT http://localhost:8086/acmserver/api/auth/user/privileges.return status 200
[2025-07-25 11:24:22]  INFO [http-nio-8085-exec-10] com.flatirons.pinpoint.server.access.impl.AcmServerTalk:91 - PUT http://localhost:8086/acmserver/api/auth/privileges.return status 200
[2025-07-25 11:24:22]  INFO [http-nio-8085-exec-6] com.flatirons.pinpoint.server.access.impl.AcmServerTalk:91 - PUT http://localhost:8086/acmserver/api/auth/user/privileges.return status 200
[2025-07-25 11:24:22]  INFO [http-nio-8085-exec-4] com.flatirons.pinpoint.server.access.impl.AcmServerTalk:73 - Get http://localhost:8086/acmserver/api/organizations/SYS.return status 200
[2025-07-25 11:24:22]  INFO [http-nio-8085-exec-10] com.flatirons.pinpoint.server.access.impl.AcmServerTalk:91 - PUT http://localhost:8086/acmserver/api/auth/user/privileges.return status 200
[2025-07-25 11:24:23]  INFO [http-nio-8085-exec-13] com.flatirons.pinpoint.server.access.impl.AcmServerTalk:91 - PUT http://localhost:8086/acmserver/api/auth/privileges.return status 200
[2025-07-25 11:24:23]  INFO [http-nio-8085-exec-3] com.flatirons.pinpoint.server.access.impl.AcmServerTalk:91 - PUT http://localhost:8086/acmserver/api/auth/privileges.return status 200
[2025-07-25 11:24:23]  INFO [http-nio-8085-exec-8] com.flatirons.pinpoint.server.access.impl.AcmServerTalk:91 - PUT http://localhost:8086/acmserver/api/auth/privileges.return status 200
[2025-07-25 11:24:23]  INFO [http-nio-8085-exec-9] com.flatirons.pinpoint.server.access.impl.AcmServerTalk:91 - PUT http://localhost:8086/acmserver/api/auth/privileges.return status 200
[2025-07-25 11:24:23]  INFO [http-nio-8085-exec-9] com.flatirons.pinpoint.server.access.impl.AcmServerTalk:91 - PUT http://localhost:8086/acmserver/api/auth/privileges.return status 200
[2025-07-25 11:24:23]  INFO [http-nio-8085-exec-9] com.flatirons.pinpoint.server.access.impl.AcmServerTalk:91 - PUT http://localhost:8086/acmserver/api/auth/user/privileges.return status 200
[2025-07-25 11:24:24]  INFO [http-nio-8085-exec-12] com.flatirons.pinpoint.server.access.impl.AcmServerTalk:91 - PUT http://localhost:8086/acmserver/api/auth/privileges.return status 200
[2025-07-25 11:24:24]  INFO [http-nio-8085-exec-12] com.flatirons.pinpoint.server.access.impl.AcmServerTalk:91 - PUT http://localhost:8086/acmserver/api/auth/privileges.return status 200
[2025-07-25 11:24:24]  INFO [http-nio-8085-exec-12] com.flatirons.pinpoint.server.access.impl.AcmServerTalk:91 - PUT http://localhost:8086/acmserver/api/auth/user/privileges.return status 200
[2025-07-25 11:24:24]  INFO [http-nio-8085-exec-7] com.flatirons.pinpoint.server.access.impl.AcmServerTalk:91 - PUT http://localhost:8086/acmserver/api/auth/privileges.return status 200
[2025-07-25 11:24:25]  INFO [http-nio-8085-exec-1] com.flatirons.pinpoint.server.access.impl.AcmServerTalk:91 - PUT http://localhost:8086/acmserver/api/auth/privileges.return status 200
[2025-07-25 11:24:25]  INFO [http-nio-8085-exec-7] com.flatirons.pinpoint.server.access.impl.AcmServerTalk:91 - PUT http://localhost:8086/acmserver/api/auth/privileges.return status 200
[2025-07-25 11:24:25]  INFO [http-nio-8085-exec-7] com.flatirons.pinpoint.server.access.impl.AcmServerTalk:91 - PUT http://localhost:8086/acmserver/api/auth/user/privileges.return status 200
[2025-07-25 11:24:25]  INFO [http-nio-8085-exec-1] com.flatirons.pinpoint.server.access.impl.AcmServerTalk:91 - PUT http://localhost:8086/acmserver/api/auth/privileges.return status 200
[2025-07-25 11:24:25]  INFO [http-nio-8085-exec-1] com.flatirons.pinpoint.server.access.impl.AcmServerTalk:91 - PUT http://localhost:8086/acmserver/api/auth/user/privileges.return status 200
[2025-07-25 11:28:23]  INFO [http-nio-8085-exec-14] com.flatirons.pinpoint.server.access.impl.AcmServerTalk:91 - PUT http://localhost:8086/acmserver/api/auth/privileges.return status 200
[2025-07-25 11:28:23]  INFO [http-nio-8085-exec-14] com.flatirons.pinpoint.server.access.impl.AcmServerTalk:91 - PUT http://localhost:8086/acmserver/api/auth/privileges.return status 200
[2025-07-25 11:28:23]  INFO [http-nio-8085-exec-14] com.flatirons.pinpoint.server.access.impl.AcmServerTalk:91 - PUT http://localhost:8086/acmserver/api/auth/user/privileges.return status 200
[2025-07-25 11:28:30]  INFO [http-nio-8085-exec-8] com.flatirons.pinpoint.server.access.impl.AcmServerTalk:91 - PUT http://localhost:8086/acmserver/api/auth/privileges.return status 200
[2025-07-25 11:28:30]  INFO [http-nio-8085-exec-9] com.flatirons.pinpoint.server.access.impl.AcmServerTalk:91 - PUT http://localhost:8086/acmserver/api/auth/privileges.return status 200
[2025-07-25 11:28:31]  INFO [http-nio-8085-exec-8] com.flatirons.pinpoint.server.access.impl.AcmServerTalk:91 - PUT http://localhost:8086/acmserver/api/auth/privileges.return status 200
[2025-07-25 11:28:31]  INFO [http-nio-8085-exec-8] com.flatirons.pinpoint.server.access.impl.AcmServerTalk:91 - PUT http://localhost:8086/acmserver/api/auth/user/privileges.return status 200
[2025-07-25 11:28:33]  INFO [http-nio-8085-exec-7] com.flatirons.pinpoint.server.access.impl.AcmServerTalk:91 - PUT http://localhost:8086/acmserver/api/auth/privileges.return status 200
[2025-07-25 11:28:33]  INFO [http-nio-8085-exec-6] com.flatirons.pinpoint.server.access.impl.AcmServerTalk:91 - PUT http://localhost:8086/acmserver/api/auth/privileges.return status 200
[2025-07-25 11:28:33]  INFO [http-nio-8085-exec-11] com.flatirons.pinpoint.server.access.impl.AcmServerTalk:91 - PUT http://localhost:8086/acmserver/api/auth/privileges.return status 200
[2025-07-25 11:28:33]  INFO [http-nio-8085-exec-13] com.flatirons.pinpoint.server.access.impl.AcmServerTalk:91 - PUT http://localhost:8086/acmserver/api/auth/privileges.return status 200
[2025-07-25 11:28:33]  INFO [http-nio-8085-exec-6] com.flatirons.pinpoint.server.access.impl.AcmServerTalk:91 - PUT http://localhost:8086/acmserver/api/auth/privileges.return status 200
[2025-07-25 11:28:33]  INFO [http-nio-8085-exec-11] com.flatirons.pinpoint.server.access.impl.AcmServerTalk:91 - PUT http://localhost:8086/acmserver/api/auth/privileges.return status 200
[2025-07-25 11:28:33]  INFO [http-nio-8085-exec-13] com.flatirons.pinpoint.server.access.impl.AcmServerTalk:91 - PUT http://localhost:8086/acmserver/api/auth/privileges.return status 200
[2025-07-25 11:28:33]  INFO [http-nio-8085-exec-11] com.flatirons.pinpoint.server.access.impl.AcmServerTalk:91 - PUT http://localhost:8086/acmserver/api/auth/privileges.return status 200
[2025-07-25 11:28:33]  INFO [http-nio-8085-exec-6] com.flatirons.pinpoint.server.access.impl.AcmServerTalk:91 - PUT http://localhost:8086/acmserver/api/auth/user/privileges.return status 200
[2025-07-25 11:28:33]  INFO [http-nio-8085-exec-13] com.flatirons.pinpoint.server.access.impl.AcmServerTalk:91 - PUT http://localhost:8086/acmserver/api/auth/user/privileges.return status 200
[2025-07-25 11:28:33]  INFO [http-nio-8085-exec-11] com.flatirons.pinpoint.server.access.impl.AcmServerTalk:91 - PUT http://localhost:8086/acmserver/api/auth/privileges.return status 200
[2025-07-25 11:28:33]  INFO [http-nio-8085-exec-13] com.flatirons.pinpoint.server.access.impl.AcmServerTalk:73 - Get http://localhost:8086/acmserver/api/organizations/SYS.return status 200
[2025-07-25 11:28:33]  INFO [http-nio-8085-exec-11] com.flatirons.pinpoint.server.access.impl.AcmServerTalk:91 - PUT http://localhost:8086/acmserver/api/auth/user/privileges.return status 200
[2025-07-25 11:28:33]  INFO [http-nio-8085-exec-14] com.flatirons.pinpoint.server.access.impl.AcmServerTalk:91 - PUT http://localhost:8086/acmserver/api/auth/privileges.return status 200
[2025-07-25 11:28:33]  INFO [http-nio-8085-exec-3] com.flatirons.pinpoint.server.access.impl.AcmServerTalk:91 - PUT http://localhost:8086/acmserver/api/auth/privileges.return status 200
[2025-07-25 11:28:33]  INFO [http-nio-8085-exec-3] com.flatirons.pinpoint.server.access.impl.AcmServerTalk:91 - PUT http://localhost:8086/acmserver/api/auth/privileges.return status 200
[2025-07-25 11:28:33]  INFO [http-nio-8085-exec-3] com.flatirons.pinpoint.server.access.impl.AcmServerTalk:91 - PUT http://localhost:8086/acmserver/api/auth/privileges.return status 200
[2025-07-25 11:28:33]  INFO [http-nio-8085-exec-3] com.flatirons.pinpoint.server.access.impl.AcmServerTalk:91 - PUT http://localhost:8086/acmserver/api/auth/privileges.return status 200
[2025-07-25 11:28:33]  INFO [http-nio-8085-exec-3] com.flatirons.pinpoint.server.access.impl.AcmServerTalk:91 - PUT http://localhost:8086/acmserver/api/auth/user/privileges.return status 200
[2025-07-25 11:28:34]  INFO [http-nio-8085-exec-1] com.flatirons.pinpoint.server.access.impl.AcmServerTalk:91 - PUT http://localhost:8086/acmserver/api/auth/privileges.return status 200
[2025-07-25 11:28:34]  INFO [http-nio-8085-exec-9] com.flatirons.pinpoint.server.access.impl.AcmServerTalk:91 - PUT http://localhost:8086/acmserver/api/auth/privileges.return status 200
[2025-07-25 11:28:34]  INFO [http-nio-8085-exec-8] com.flatirons.pinpoint.server.access.impl.AcmServerTalk:91 - PUT http://localhost:8086/acmserver/api/auth/privileges.return status 200
[2025-07-25 11:28:34]  INFO [http-nio-8085-exec-1] com.flatirons.pinpoint.server.access.impl.AcmServerTalk:91 - PUT http://localhost:8086/acmserver/api/auth/privileges.return status 200
[2025-07-25 11:28:34]  INFO [http-nio-8085-exec-1] com.flatirons.pinpoint.server.access.impl.AcmServerTalk:91 - PUT http://localhost:8086/acmserver/api/auth/user/privileges.return status 200
[2025-07-25 11:28:34]  INFO [http-nio-8085-exec-8] com.flatirons.pinpoint.server.access.impl.AcmServerTalk:91 - PUT http://localhost:8086/acmserver/api/auth/privileges.return status 200
[2025-07-25 11:28:34]  INFO [http-nio-8085-exec-9] com.flatirons.pinpoint.server.access.impl.AcmServerTalk:91 - PUT http://localhost:8086/acmserver/api/auth/privileges.return status 200
[2025-07-25 11:28:34]  INFO [http-nio-8085-exec-8] com.flatirons.pinpoint.server.access.impl.AcmServerTalk:91 - PUT http://localhost:8086/acmserver/api/auth/user/privileges.return status 200
[2025-07-25 11:28:34]  INFO [http-nio-8085-exec-9] com.flatirons.pinpoint.server.access.impl.AcmServerTalk:91 - PUT http://localhost:8086/acmserver/api/auth/user/privileges.return status 200
[2025-07-25 11:28:34]  INFO [http-nio-8085-exec-7] com.flatirons.pinpoint.server.access.impl.AcmServerTalk:91 - PUT http://localhost:8086/acmserver/api/auth/privileges.return status 200
[2025-07-25 11:28:34]  INFO [http-nio-8085-exec-7] com.flatirons.pinpoint.server.access.impl.AcmServerTalk:91 - PUT http://localhost:8086/acmserver/api/auth/privileges.return status 200
[2025-07-25 11:28:34]  INFO [http-nio-8085-exec-7] com.flatirons.pinpoint.server.access.impl.AcmServerTalk:91 - PUT http://localhost:8086/acmserver/api/auth/user/privileges.return status 200
[2025-07-25 11:28:50]  INFO [http-nio-8085-exec-13] com.flatirons.pinpoint.server.access.impl.AcmServerTalk:91 - PUT http://localhost:8086/acmserver/api/auth/privileges.return status 200
[2025-07-25 11:28:50]  INFO [http-nio-8085-exec-13] com.flatirons.pinpoint.server.access.impl.AcmServerTalk:91 - PUT http://localhost:8086/acmserver/api/auth/privileges.return status 200
[2025-07-25 11:29:06]  INFO [http-nio-8085-exec-6] com.flatirons.pinpoint.server.access.impl.AcmServerTalk:91 - PUT http://localhost:8086/acmserver/api/auth/privileges.return status 200
[2025-07-25 11:29:06]  INFO [http-nio-8085-exec-6] com.flatirons.pinpoint.server.access.impl.AcmServerTalk:91 - PUT http://localhost:8086/acmserver/api/auth/privileges.return status 200
[2025-07-25 11:29:06]  INFO [http-nio-8085-exec-6] com.flatirons.pinpoint.server.access.impl.AcmServerTalk:91 - PUT http://localhost:8086/acmserver/api/auth/user/privileges.return status 200
[2025-07-25 11:29:06]  INFO [http-nio-8085-exec-6] com.flatirons.pinpoint.server.access.impl.AcmServerTalk:73 - Get http://localhost:8086/acmserver/api/organizations/SYS.return status 200
[2025-07-25 11:30:44]  INFO [http-nio-8085-exec-7] com.flatirons.pinpoint.server.access.impl.AcmServerTalk:91 - PUT http://localhost:8086/acmserver/api/auth/privileges.return status 200
[2025-07-25 11:30:44]  INFO [http-nio-8085-exec-12] com.flatirons.pinpoint.server.access.impl.AcmServerTalk:91 - PUT http://localhost:8086/acmserver/api/auth/privileges.return status 200
[2025-07-25 11:30:44]  INFO [http-nio-8085-exec-12] com.flatirons.pinpoint.server.access.impl.AcmServerTalk:91 - PUT http://localhost:8086/acmserver/api/auth/privileges.return status 200
[2025-07-25 11:30:44]  INFO [http-nio-8085-exec-12] com.flatirons.pinpoint.server.access.impl.AcmServerTalk:91 - PUT http://localhost:8086/acmserver/api/auth/user/privileges.return status 200
[2025-07-25 11:30:46]  INFO [http-nio-8085-exec-13] com.flatirons.pinpoint.server.access.impl.AcmServerTalk:91 - PUT http://localhost:8086/acmserver/api/auth/privileges.return status 200
[2025-07-25 11:30:46]  INFO [http-nio-8085-exec-14] com.flatirons.pinpoint.server.access.impl.AcmServerTalk:91 - PUT http://localhost:8086/acmserver/api/auth/privileges.return status 200
[2025-07-25 11:30:46]  INFO [http-nio-8085-exec-3] com.flatirons.pinpoint.server.access.impl.AcmServerTalk:91 - PUT http://localhost:8086/acmserver/api/auth/privileges.return status 200
[2025-07-25 11:30:46]  INFO [http-nio-8085-exec-6] com.flatirons.pinpoint.server.access.impl.AcmServerTalk:91 - PUT http://localhost:8086/acmserver/api/auth/privileges.return status 200
[2025-07-25 11:30:46]  INFO [http-nio-8085-exec-3] com.flatirons.pinpoint.server.access.impl.AcmServerTalk:91 - PUT http://localhost:8086/acmserver/api/auth/privileges.return status 200
[2025-07-25 11:30:46]  INFO [http-nio-8085-exec-6] com.flatirons.pinpoint.server.access.impl.AcmServerTalk:91 - PUT http://localhost:8086/acmserver/api/auth/privileges.return status 200
[2025-07-25 11:30:46]  INFO [http-nio-8085-exec-14] com.flatirons.pinpoint.server.access.impl.AcmServerTalk:91 - PUT http://localhost:8086/acmserver/api/auth/privileges.return status 200
[2025-07-25 11:30:46]  INFO [http-nio-8085-exec-3] com.flatirons.pinpoint.server.access.impl.AcmServerTalk:91 - PUT http://localhost:8086/acmserver/api/auth/user/privileges.return status 200
[2025-07-25 11:30:46]  INFO [http-nio-8085-exec-6] com.flatirons.pinpoint.server.access.impl.AcmServerTalk:91 - PUT http://localhost:8086/acmserver/api/auth/user/privileges.return status 200
[2025-07-25 11:30:46]  INFO [http-nio-8085-exec-14] com.flatirons.pinpoint.server.access.impl.AcmServerTalk:91 - PUT http://localhost:8086/acmserver/api/auth/privileges.return status 200
[2025-07-25 11:30:46]  INFO [http-nio-8085-exec-14] com.flatirons.pinpoint.server.access.impl.AcmServerTalk:91 - PUT http://localhost:8086/acmserver/api/auth/privileges.return status 200
[2025-07-25 11:30:46]  INFO [http-nio-8085-exec-3] com.flatirons.pinpoint.server.access.impl.AcmServerTalk:73 - Get http://localhost:8086/acmserver/api/organizations/SYS.return status 200
[2025-07-25 11:30:46]  INFO [http-nio-8085-exec-14] com.flatirons.pinpoint.server.access.impl.AcmServerTalk:91 - PUT http://localhost:8086/acmserver/api/auth/user/privileges.return status 200
[2025-07-25 11:30:46]  INFO [http-nio-8085-exec-1] com.flatirons.pinpoint.server.access.impl.AcmServerTalk:91 - PUT http://localhost:8086/acmserver/api/auth/privileges.return status 200
[2025-07-25 11:30:46]  INFO [http-nio-8085-exec-8] com.flatirons.pinpoint.server.access.impl.AcmServerTalk:91 - PUT http://localhost:8086/acmserver/api/auth/privileges.return status 200
[2025-07-25 11:30:46]  INFO [http-nio-8085-exec-1] com.flatirons.pinpoint.server.access.impl.AcmServerTalk:91 - PUT http://localhost:8086/acmserver/api/auth/privileges.return status 200
[2025-07-25 11:30:46]  INFO [http-nio-8085-exec-1] com.flatirons.pinpoint.server.access.impl.AcmServerTalk:91 - PUT http://localhost:8086/acmserver/api/auth/privileges.return status 200
[2025-07-25 11:30:46]  INFO [http-nio-8085-exec-1] com.flatirons.pinpoint.server.access.impl.AcmServerTalk:91 - PUT http://localhost:8086/acmserver/api/auth/privileges.return status 200
[2025-07-25 11:30:46]  INFO [http-nio-8085-exec-1] com.flatirons.pinpoint.server.access.impl.AcmServerTalk:91 - PUT http://localhost:8086/acmserver/api/auth/user/privileges.return status 200
[2025-07-25 11:30:46]  INFO [http-nio-8085-exec-9] com.flatirons.pinpoint.server.access.impl.AcmServerTalk:91 - PUT http://localhost:8086/acmserver/api/auth/privileges.return status 200
[2025-07-25 11:30:46]  INFO [http-nio-8085-exec-7] com.flatirons.pinpoint.server.access.impl.AcmServerTalk:91 - PUT http://localhost:8086/acmserver/api/auth/privileges.return status 200
[2025-07-25 11:30:46]  INFO [http-nio-8085-exec-11] com.flatirons.pinpoint.server.access.impl.AcmServerTalk:91 - PUT http://localhost:8086/acmserver/api/auth/privileges.return status 200
[2025-07-25 11:30:46]  INFO [http-nio-8085-exec-9] com.flatirons.pinpoint.server.access.impl.AcmServerTalk:91 - PUT http://localhost:8086/acmserver/api/auth/privileges.return status 200
[2025-07-25 11:30:46]  INFO [http-nio-8085-exec-7] com.flatirons.pinpoint.server.access.impl.AcmServerTalk:91 - PUT http://localhost:8086/acmserver/api/auth/privileges.return status 200
[2025-07-25 11:30:46]  INFO [http-nio-8085-exec-11] com.flatirons.pinpoint.server.access.impl.AcmServerTalk:91 - PUT http://localhost:8086/acmserver/api/auth/privileges.return status 200
[2025-07-25 11:30:46]  INFO [http-nio-8085-exec-9] com.flatirons.pinpoint.server.access.impl.AcmServerTalk:91 - PUT http://localhost:8086/acmserver/api/auth/user/privileges.return status 200
[2025-07-25 11:30:46]  INFO [http-nio-8085-exec-7] com.flatirons.pinpoint.server.access.impl.AcmServerTalk:91 - PUT http://localhost:8086/acmserver/api/auth/user/privileges.return status 200
[2025-07-25 11:30:46]  INFO [http-nio-8085-exec-11] com.flatirons.pinpoint.server.access.impl.AcmServerTalk:91 - PUT http://localhost:8086/acmserver/api/auth/user/privileges.return status 200
[2025-07-25 11:30:47]  INFO [http-nio-8085-exec-12] com.flatirons.pinpoint.server.access.impl.AcmServerTalk:91 - PUT http://localhost:8086/acmserver/api/auth/privileges.return status 200
[2025-07-25 11:30:47]  INFO [http-nio-8085-exec-12] com.flatirons.pinpoint.server.access.impl.AcmServerTalk:91 - PUT http://localhost:8086/acmserver/api/auth/privileges.return status 200
[2025-07-25 11:30:47]  INFO [http-nio-8085-exec-12] com.flatirons.pinpoint.server.access.impl.AcmServerTalk:91 - PUT http://localhost:8086/acmserver/api/auth/user/privileges.return status 200
[2025-07-25 11:30:51]  INFO [http-nio-8085-exec-13] com.flatirons.pinpoint.server.access.impl.AcmServerTalk:91 - PUT http://localhost:8086/acmserver/api/auth/privileges.return status 200
[2025-07-25 11:30:51]  INFO [http-nio-8085-exec-13] com.flatirons.pinpoint.server.access.impl.AcmServerTalk:91 - PUT http://localhost:8086/acmserver/api/auth/privileges.return status 200
[2025-07-25 11:30:51]  INFO [http-nio-8085-exec-13] com.flatirons.pinpoint.server.access.impl.AcmServerTalk:91 - PUT http://localhost:8086/acmserver/api/auth/user/privileges.return status 200
[2025-07-25 11:30:52]  INFO [http-nio-8085-exec-3] com.flatirons.pinpoint.server.access.impl.AcmServerTalk:91 - PUT http://localhost:8086/acmserver/api/auth/privileges.return status 200
[2025-07-25 11:30:52]  INFO [http-nio-8085-exec-6] com.flatirons.pinpoint.server.access.impl.AcmServerTalk:91 - PUT http://localhost:8086/acmserver/api/auth/privileges.return status 200
[2025-07-25 11:30:52]  INFO [http-nio-8085-exec-14] com.flatirons.pinpoint.server.access.impl.AcmServerTalk:91 - PUT http://localhost:8086/acmserver/api/auth/privileges.return status 200
[2025-07-25 11:30:52]  INFO [http-nio-8085-exec-8] com.flatirons.pinpoint.server.access.impl.AcmServerTalk:91 - PUT http://localhost:8086/acmserver/api/auth/privileges.return status 200
[2025-07-25 11:30:52]  INFO [http-nio-8085-exec-6] com.flatirons.pinpoint.server.access.impl.AcmServerTalk:91 - PUT http://localhost:8086/acmserver/api/auth/privileges.return status 200
[2025-07-25 11:30:52]  INFO [http-nio-8085-exec-14] com.flatirons.pinpoint.server.access.impl.AcmServerTalk:91 - PUT http://localhost:8086/acmserver/api/auth/privileges.return status 200
[2025-07-25 11:30:52]  INFO [http-nio-8085-exec-8] com.flatirons.pinpoint.server.access.impl.AcmServerTalk:91 - PUT http://localhost:8086/acmserver/api/auth/privileges.return status 200
[2025-07-25 11:30:52]  INFO [http-nio-8085-exec-6] com.flatirons.pinpoint.server.access.impl.AcmServerTalk:91 - PUT http://localhost:8086/acmserver/api/auth/user/privileges.return status 200
[2025-07-25 11:30:52]  INFO [http-nio-8085-exec-14] com.flatirons.pinpoint.server.access.impl.AcmServerTalk:91 - PUT http://localhost:8086/acmserver/api/auth/privileges.return status 200
[2025-07-25 11:30:52]  INFO [http-nio-8085-exec-8] com.flatirons.pinpoint.server.access.impl.AcmServerTalk:91 - PUT http://localhost:8086/acmserver/api/auth/user/privileges.return status 200
[2025-07-25 11:30:52]  INFO [http-nio-8085-exec-14] com.flatirons.pinpoint.server.access.impl.AcmServerTalk:91 - PUT http://localhost:8086/acmserver/api/auth/privileges.return status 200
[2025-07-25 11:30:52]  INFO [http-nio-8085-exec-8] com.flatirons.pinpoint.server.access.impl.AcmServerTalk:73 - Get http://localhost:8086/acmserver/api/organizations/SYS.return status 200
[2025-07-25 11:30:52]  INFO [http-nio-8085-exec-14] com.flatirons.pinpoint.server.access.impl.AcmServerTalk:91 - PUT http://localhost:8086/acmserver/api/auth/user/privileges.return status 200
[2025-07-25 11:30:52]  INFO [http-nio-8085-exec-1] com.flatirons.pinpoint.server.access.impl.AcmServerTalk:91 - PUT http://localhost:8086/acmserver/api/auth/privileges.return status 200
[2025-07-25 11:30:52]  INFO [http-nio-8085-exec-11] com.flatirons.pinpoint.server.access.impl.AcmServerTalk:91 - PUT http://localhost:8086/acmserver/api/auth/privileges.return status 200
[2025-07-25 11:30:52]  INFO [http-nio-8085-exec-1] com.flatirons.pinpoint.server.access.impl.AcmServerTalk:91 - PUT http://localhost:8086/acmserver/api/auth/privileges.return status 200
[2025-07-25 11:30:52]  INFO [http-nio-8085-exec-1] com.flatirons.pinpoint.server.access.impl.AcmServerTalk:91 - PUT http://localhost:8086/acmserver/api/auth/privileges.return status 200
[2025-07-25 11:30:52]  INFO [http-nio-8085-exec-1] com.flatirons.pinpoint.server.access.impl.AcmServerTalk:91 - PUT http://localhost:8086/acmserver/api/auth/privileges.return status 200
[2025-07-25 11:30:52]  INFO [http-nio-8085-exec-1] com.flatirons.pinpoint.server.access.impl.AcmServerTalk:91 - PUT http://localhost:8086/acmserver/api/auth/user/privileges.return status 200
[2025-07-25 11:30:52]  INFO [http-nio-8085-exec-7] com.flatirons.pinpoint.server.access.impl.AcmServerTalk:91 - PUT http://localhost:8086/acmserver/api/auth/privileges.return status 200
[2025-07-25 11:30:52]  INFO [http-nio-8085-exec-9] com.flatirons.pinpoint.server.access.impl.AcmServerTalk:91 - PUT http://localhost:8086/acmserver/api/auth/privileges.return status 200
[2025-07-25 11:30:52]  INFO [http-nio-8085-exec-12] com.flatirons.pinpoint.server.access.impl.AcmServerTalk:91 - PUT http://localhost:8086/acmserver/api/auth/privileges.return status 200
[2025-07-25 11:30:53]  INFO [http-nio-8085-exec-12] com.flatirons.pinpoint.server.access.impl.AcmServerTalk:91 - PUT http://localhost:8086/acmserver/api/auth/privileges.return status 200
[2025-07-25 11:30:53]  INFO [http-nio-8085-exec-7] com.flatirons.pinpoint.server.access.impl.AcmServerTalk:91 - PUT http://localhost:8086/acmserver/api/auth/privileges.return status 200
[2025-07-25 11:30:53]  INFO [http-nio-8085-exec-9] com.flatirons.pinpoint.server.access.impl.AcmServerTalk:91 - PUT http://localhost:8086/acmserver/api/auth/privileges.return status 200
[2025-07-25 11:30:53]  INFO [http-nio-8085-exec-12] com.flatirons.pinpoint.server.access.impl.AcmServerTalk:91 - PUT http://localhost:8086/acmserver/api/auth/user/privileges.return status 200
[2025-07-25 11:30:53]  INFO [http-nio-8085-exec-7] com.flatirons.pinpoint.server.access.impl.AcmServerTalk:91 - PUT http://localhost:8086/acmserver/api/auth/user/privileges.return status 200
[2025-07-25 11:30:53]  INFO [http-nio-8085-exec-9] com.flatirons.pinpoint.server.access.impl.AcmServerTalk:91 - PUT http://localhost:8086/acmserver/api/auth/user/privileges.return status 200
[2025-07-25 11:30:53]  INFO [http-nio-8085-exec-13] com.flatirons.pinpoint.server.access.impl.AcmServerTalk:91 - PUT http://localhost:8086/acmserver/api/auth/privileges.return status 200
[2025-07-25 11:30:53]  INFO [http-nio-8085-exec-13] com.flatirons.pinpoint.server.access.impl.AcmServerTalk:91 - PUT http://localhost:8086/acmserver/api/auth/privileges.return status 200
[2025-07-25 11:30:53]  INFO [http-nio-8085-exec-13] com.flatirons.pinpoint.server.access.impl.AcmServerTalk:91 - PUT http://localhost:8086/acmserver/api/auth/user/privileges.return status 200
[2025-07-25 11:31:01]  INFO [http-nio-8085-exec-13] com.flatirons.pinpoint.server.access.impl.AcmServerTalk:91 - PUT http://localhost:8086/acmserver/api/auth/privileges.return status 200
[2025-07-25 11:31:01]  INFO [http-nio-8085-exec-14] com.flatirons.pinpoint.server.access.impl.AcmServerTalk:91 - PUT http://localhost:8086/acmserver/api/auth/privileges.return status 200
[2025-07-25 11:31:01]  INFO [http-nio-8085-exec-12] com.flatirons.pinpoint.server.access.impl.AcmServerTalk:91 - PUT http://localhost:8086/acmserver/api/auth/privileges.return status 200
[2025-07-25 11:31:01]  INFO [http-nio-8085-exec-7] com.flatirons.pinpoint.server.access.impl.AcmServerTalk:91 - PUT http://localhost:8086/acmserver/api/auth/privileges.return status 200
[2025-07-25 11:31:01]  INFO [http-nio-8085-exec-14] com.flatirons.pinpoint.server.access.impl.AcmServerTalk:73 - Get http://localhost:8086/acmserver/api/users/Guest.return status 200
[2025-07-25 11:31:01]  INFO [http-nio-8085-exec-11] com.flatirons.pinpoint.server.access.impl.AcmServerTalk:91 - PUT http://localhost:8086/acmserver/api/auth/privileges.return status 200
[2025-07-25 11:31:01]  INFO [http-nio-8085-exec-14] com.flatirons.pinpoint.server.access.impl.AcmServerTalk:73 - Get http://localhost:8086/acmserver/api/usergroups/1.return status 200
[2025-07-25 11:31:01]  INFO [http-nio-8085-exec-11] com.flatirons.pinpoint.server.access.impl.AcmServerTalk:73 - Get http://localhost:8086/acmserver/api/organizations/SYS.return status 200
[2025-07-25 11:31:01]  INFO [http-nio-8085-exec-7] com.flatirons.pinpoint.server.access.impl.AcmServerTalk:91 - PUT http://localhost:8086/acmserver/api/auth/privileges.return status 200
[2025-07-25 11:31:01]  INFO [http-nio-8085-exec-14] com.flatirons.pinpoint.server.access.impl.AcmServerTalk:73 - Get http://localhost:8086/acmserver/api/usergroups/3.return status 200
[2025-07-25 11:31:01]  INFO [http-nio-8085-exec-13] com.flatirons.pinpoint.server.access.impl.AcmServerTalk:91 - PUT http://localhost:8086/acmserver/api/auth/privileges.return status 200
[2025-07-25 11:31:01]  INFO [http-nio-8085-exec-13] com.flatirons.pinpoint.server.access.impl.AcmServerTalk:73 - Get http://localhost:8086/acmserver/api/users/Guest.return status 200
[2025-07-25 11:31:02]  INFO [http-nio-8085-exec-6] com.flatirons.pinpoint.server.access.impl.AcmServerTalk:91 - PUT http://localhost:8086/acmserver/api/auth/privileges.return status 200
[2025-07-25 11:31:02]  INFO [http-nio-8085-exec-9] com.flatirons.pinpoint.server.access.impl.AcmServerTalk:91 - PUT http://localhost:8086/acmserver/api/auth/privileges.return status 200
[2025-07-25 11:31:02]  INFO [http-nio-8085-exec-12] com.flatirons.pinpoint.server.access.impl.AcmServerTalk:91 - PUT http://localhost:8086/acmserver/api/auth/privileges.return status 200
[2025-07-25 11:31:02]  INFO [http-nio-8085-exec-12] com.flatirons.pinpoint.server.access.impl.AcmServerTalk:91 - PUT http://localhost:8086/acmserver/api/auth/privileges.return status 200
[2025-07-25 11:31:02]  INFO [http-nio-8085-exec-12] com.flatirons.pinpoint.server.access.impl.AcmServerTalk:91 - PUT http://localhost:8086/acmserver/api/auth/privileges.return status 200
[2025-07-25 11:31:02]  INFO [http-nio-8085-exec-12] com.flatirons.pinpoint.server.access.impl.AcmServerTalk:91 - PUT http://localhost:8086/acmserver/api/auth/privileges.return status 200
[2025-07-25 11:31:02]  INFO [http-nio-8085-exec-12] com.flatirons.pinpoint.server.access.impl.AcmServerTalk:91 - PUT http://localhost:8086/acmserver/api/auth/privileges.return status 200
[2025-07-25 11:31:02]  INFO [http-nio-8085-exec-12] com.flatirons.pinpoint.server.access.impl.AcmServerTalk:91 - PUT http://localhost:8086/acmserver/api/auth/privileges.return status 200
[2025-07-25 11:31:02]  INFO [http-nio-8085-exec-12] com.flatirons.pinpoint.server.access.impl.AcmServerTalk:91 - PUT http://localhost:8086/acmserver/api/auth/privileges.return status 200
[2025-07-25 11:31:02]  INFO [http-nio-8085-exec-12] com.flatirons.pinpoint.server.access.impl.AcmServerTalk:91 - PUT http://localhost:8086/acmserver/api/auth/privileges.return status 200
[2025-07-25 11:31:02]  INFO [http-nio-8085-exec-12] com.flatirons.pinpoint.server.access.impl.AcmServerTalk:91 - PUT http://localhost:8086/acmserver/api/auth/privileges.return status 200
[2025-07-25 11:31:02]  INFO [http-nio-8085-exec-12] com.flatirons.pinpoint.server.access.impl.AcmServerTalk:91 - PUT http://localhost:8086/acmserver/api/auth/privileges.return status 200
[2025-07-25 11:31:02]  INFO [http-nio-8085-exec-12] com.flatirons.pinpoint.server.access.impl.AcmServerTalk:91 - PUT http://localhost:8086/acmserver/api/auth/privileges.return status 200
[2025-07-25 11:31:02]  INFO [http-nio-8085-exec-12] com.flatirons.pinpoint.server.access.impl.AcmServerTalk:91 - PUT http://localhost:8086/acmserver/api/auth/privileges.return status 200
[2025-07-25 11:31:02]  INFO [http-nio-8085-exec-12] com.flatirons.pinpoint.server.access.impl.AcmServerTalk:91 - PUT http://localhost:8086/acmserver/api/auth/privileges.return status 200
[2025-07-25 11:31:02]  INFO [http-nio-8085-exec-12] com.flatirons.pinpoint.server.access.impl.AcmServerTalk:91 - PUT http://localhost:8086/acmserver/api/auth/privileges.return status 200
[2025-07-25 11:31:02]  INFO [http-nio-8085-exec-12] com.flatirons.pinpoint.server.access.impl.AcmServerTalk:91 - PUT http://localhost:8086/acmserver/api/auth/privileges.return status 200
[2025-07-25 11:31:02]  INFO [http-nio-8085-exec-14] com.flatirons.pinpoint.server.access.impl.AcmServerTalk:91 - PUT http://localhost:8086/acmserver/api/auth/privileges.return status 200
[2025-07-25 11:31:02]  INFO [http-nio-8085-exec-12] com.flatirons.pinpoint.server.access.impl.AcmServerTalk:91 - PUT http://localhost:8086/acmserver/api/auth/privileges.return status 200
[2025-07-25 11:31:02]  INFO [http-nio-8085-exec-12] com.flatirons.pinpoint.server.access.impl.AcmServerTalk:91 - PUT http://localhost:8086/acmserver/api/auth/privileges.return status 200
[2025-07-25 11:31:02]  INFO [http-nio-8085-exec-12] com.flatirons.pinpoint.server.access.impl.AcmServerTalk:91 - PUT http://localhost:8086/acmserver/api/auth/privileges.return status 200
[2025-07-25 11:31:02]  INFO [http-nio-8085-exec-12] com.flatirons.pinpoint.server.access.impl.AcmServerTalk:91 - PUT http://localhost:8086/acmserver/api/auth/privileges.return status 200
[2025-07-25 11:31:02]  INFO [http-nio-8085-exec-12] com.flatirons.pinpoint.server.access.impl.AcmServerTalk:91 - PUT http://localhost:8086/acmserver/api/auth/privileges.return status 200
[2025-07-25 11:31:02]  INFO [http-nio-8085-exec-12] com.flatirons.pinpoint.server.access.impl.AcmServerTalk:91 - PUT http://localhost:8086/acmserver/api/auth/privileges.return status 200
[2025-07-25 11:31:02]  INFO [http-nio-8085-exec-12] com.flatirons.pinpoint.server.access.impl.AcmServerTalk:91 - PUT http://localhost:8086/acmserver/api/auth/privileges.return status 200
[2025-07-25 11:31:02]  INFO [http-nio-8085-exec-12] com.flatirons.pinpoint.server.access.impl.AcmServerTalk:91 - PUT http://localhost:8086/acmserver/api/auth/privileges.return status 200
[2025-07-25 11:31:02]  INFO [http-nio-8085-exec-12] com.flatirons.pinpoint.server.access.impl.AcmServerTalk:91 - PUT http://localhost:8086/acmserver/api/auth/privileges.return status 200
[2025-07-25 11:31:02]  INFO [http-nio-8085-exec-12] com.flatirons.pinpoint.server.access.impl.AcmServerTalk:91 - PUT http://localhost:8086/acmserver/api/auth/privileges.return status 200
[2025-07-25 11:31:02]  INFO [http-nio-8085-exec-12] com.flatirons.pinpoint.server.access.impl.AcmServerTalk:91 - PUT http://localhost:8086/acmserver/api/auth/privileges.return status 200
[2025-07-25 11:31:02]  INFO [http-nio-8085-exec-12] com.flatirons.pinpoint.server.access.impl.AcmServerTalk:91 - PUT http://localhost:8086/acmserver/api/auth/privileges.return status 200
[2025-07-25 11:31:02]  INFO [http-nio-8085-exec-12] com.flatirons.pinpoint.server.access.impl.AcmServerTalk:91 - PUT http://localhost:8086/acmserver/api/auth/privileges.return status 200
[2025-07-25 11:31:02]  INFO [http-nio-8085-exec-12] com.flatirons.pinpoint.server.access.impl.AcmServerTalk:91 - PUT http://localhost:8086/acmserver/api/auth/privileges.return status 200
[2025-07-25 11:31:02]  INFO [http-nio-8085-exec-12] com.flatirons.pinpoint.server.access.impl.AcmServerTalk:91 - PUT http://localhost:8086/acmserver/api/auth/privileges.return status 200
[2025-07-25 11:31:02]  INFO [http-nio-8085-exec-12] com.flatirons.pinpoint.server.access.impl.AcmServerTalk:91 - PUT http://localhost:8086/acmserver/api/auth/privileges.return status 200
[2025-07-25 11:31:02]  INFO [http-nio-8085-exec-12] com.flatirons.pinpoint.server.access.impl.AcmServerTalk:91 - PUT http://localhost:8086/acmserver/api/auth/privileges.return status 200
[2025-07-25 11:31:02]  INFO [http-nio-8085-exec-12] com.flatirons.pinpoint.server.access.impl.AcmServerTalk:91 - PUT http://localhost:8086/acmserver/api/auth/privileges.return status 200
[2025-07-25 11:31:02]  INFO [http-nio-8085-exec-12] com.flatirons.pinpoint.server.access.impl.AcmServerTalk:91 - PUT http://localhost:8086/acmserver/api/auth/privileges.return status 200
[2025-07-25 11:31:02]  INFO [http-nio-8085-exec-12] com.flatirons.pinpoint.server.access.impl.AcmServerTalk:91 - PUT http://localhost:8086/acmserver/api/auth/privileges.return status 200
[2025-07-25 11:31:02]  INFO [http-nio-8085-exec-12] com.flatirons.pinpoint.server.access.impl.AcmServerTalk:91 - PUT http://localhost:8086/acmserver/api/auth/privileges.return status 200
[2025-07-25 11:31:02]  INFO [http-nio-8085-exec-12] com.flatirons.pinpoint.server.access.impl.AcmServerTalk:91 - PUT http://localhost:8086/acmserver/api/auth/privileges.return status 200
[2025-07-25 11:31:02]  INFO [http-nio-8085-exec-12] com.flatirons.pinpoint.server.access.impl.AcmServerTalk:91 - PUT http://localhost:8086/acmserver/api/auth/privileges.return status 200
[2025-07-25 11:31:02]  INFO [http-nio-8085-exec-12] com.flatirons.pinpoint.server.access.impl.AcmServerTalk:91 - PUT http://localhost:8086/acmserver/api/auth/privileges.return status 200
[2025-07-25 11:31:02]  INFO [http-nio-8085-exec-12] com.flatirons.pinpoint.server.access.impl.AcmServerTalk:91 - PUT http://localhost:8086/acmserver/api/auth/privileges.return status 200
[2025-07-25 11:31:02]  INFO [http-nio-8085-exec-12] com.flatirons.pinpoint.server.access.impl.AcmServerTalk:91 - PUT http://localhost:8086/acmserver/api/auth/privileges.return status 200
[2025-07-25 11:31:02]  INFO [http-nio-8085-exec-12] com.flatirons.pinpoint.server.access.impl.AcmServerTalk:91 - PUT http://localhost:8086/acmserver/api/auth/privileges.return status 200
[2025-07-25 11:31:02]  INFO [http-nio-8085-exec-12] com.flatirons.pinpoint.server.access.impl.AcmServerTalk:91 - PUT http://localhost:8086/acmserver/api/auth/privileges.return status 200
[2025-07-25 11:31:02]  INFO [http-nio-8085-exec-12] com.flatirons.pinpoint.server.access.impl.AcmServerTalk:91 - PUT http://localhost:8086/acmserver/api/auth/privileges.return status 200
[2025-07-25 11:31:02]  INFO [http-nio-8085-exec-12] com.flatirons.pinpoint.server.access.impl.AcmServerTalk:91 - PUT http://localhost:8086/acmserver/api/auth/privileges.return status 200
[2025-07-25 11:31:02]  INFO [http-nio-8085-exec-12] com.flatirons.pinpoint.server.access.impl.AcmServerTalk:91 - PUT http://localhost:8086/acmserver/api/auth/privileges.return status 200
[2025-07-25 11:31:03]  INFO [http-nio-8085-exec-14] com.flatirons.pinpoint.server.access.impl.AcmServerTalk:91 - PUT http://localhost:8086/acmserver/api/auth/privileges.return status 200
[2025-07-25 11:31:03]  INFO [http-nio-8085-exec-7] com.flatirons.pinpoint.server.access.impl.AcmServerTalk:91 - PUT http://localhost:8086/acmserver/api/auth/privileges.return status 200
[2025-07-25 11:31:03]  INFO [http-nio-8085-exec-13] com.flatirons.pinpoint.server.access.impl.AcmServerTalk:91 - PUT http://localhost:8086/acmserver/api/auth/privileges.return status 200
[2025-07-25 11:31:03]  INFO [http-nio-8085-exec-7] com.flatirons.pinpoint.server.access.impl.AcmServerTalk:53 - Get http://localhost:8086/acmserver/api/organizations/SYS.return status 200
[2025-07-25 11:31:03]  INFO [http-nio-8085-exec-8] com.flatirons.pinpoint.server.access.impl.AcmServerTalk:91 - PUT http://localhost:8086/acmserver/api/auth/privileges.return status 200
[2025-07-25 11:31:03]  INFO [http-nio-8085-exec-9] com.flatirons.pinpoint.server.access.impl.AcmServerTalk:91 - PUT http://localhost:8086/acmserver/api/auth/privileges.return status 200
[2025-07-25 11:31:05]  INFO [http-nio-8085-exec-11] com.flatirons.pinpoint.server.access.impl.AcmServerTalk:91 - PUT http://localhost:8086/acmserver/api/auth/privileges.return status 200
[2025-07-25 11:40:47]  INFO [http-nio-8085-exec-11] com.flatirons.pinpoint.server.access.impl.AcmServerTalk:91 - PUT http://localhost:8086/acmserver/api/auth/privileges.return status 200
[2025-07-25 11:40:47]  INFO [http-nio-8085-exec-11] com.flatirons.pinpoint.server.access.impl.AcmServerTalk:91 - PUT http://localhost:8086/acmserver/api/auth/privileges.return status 200
[2025-07-25 11:40:55]  INFO [http-nio-8085-exec-7] com.flatirons.pinpoint.server.access.impl.AcmServerTalk:91 - PUT http://localhost:8086/acmserver/api/auth/privileges.return status 200
[2025-07-25 11:40:55]  INFO [http-nio-8085-exec-7] com.flatirons.pinpoint.server.access.impl.AcmServerTalk:91 - PUT http://localhost:8086/acmserver/api/auth/privileges.return status 200
[2025-07-25 11:40:55]  INFO [http-nio-8085-exec-7] com.flatirons.pinpoint.server.access.impl.AcmServerTalk:91 - PUT http://localhost:8086/acmserver/api/auth/user/privileges.return status 200
[2025-07-25 11:41:01]  INFO [http-nio-8085-exec-13] com.flatirons.pinpoint.server.access.impl.AcmServerTalk:91 - PUT http://localhost:8086/acmserver/api/auth/privileges.return status 200
[2025-07-25 11:41:01]  INFO [http-nio-8085-exec-8] com.flatirons.pinpoint.server.access.impl.AcmServerTalk:91 - PUT http://localhost:8086/acmserver/api/auth/privileges.return status 200
[2025-07-25 11:41:01]  INFO [http-nio-8085-exec-8] com.flatirons.pinpoint.server.access.impl.AcmServerTalk:91 - PUT http://localhost:8086/acmserver/api/auth/privileges.return status 200
[2025-07-25 11:41:01]  INFO [http-nio-8085-exec-8] com.flatirons.pinpoint.server.access.impl.AcmServerTalk:91 - PUT http://localhost:8086/acmserver/api/auth/user/privileges.return status 200
[2025-07-25 11:41:02]  INFO [http-nio-8085-exec-14] com.flatirons.pinpoint.server.access.impl.AcmServerTalk:91 - PUT http://localhost:8086/acmserver/api/auth/privileges.return status 200
[2025-07-25 11:41:02]  INFO [http-nio-8085-exec-12] com.flatirons.pinpoint.server.access.impl.AcmServerTalk:91 - PUT http://localhost:8086/acmserver/api/auth/privileges.return status 200
[2025-07-25 11:41:02]  INFO [http-nio-8085-exec-11] com.flatirons.pinpoint.server.access.impl.AcmServerTalk:91 - PUT http://localhost:8086/acmserver/api/auth/privileges.return status 200
[2025-07-25 11:41:02]  INFO [http-nio-8085-exec-3] com.flatirons.pinpoint.server.access.impl.AcmServerTalk:91 - PUT http://localhost:8086/acmserver/api/auth/privileges.return status 200
[2025-07-25 11:41:02]  INFO [http-nio-8085-exec-11] com.flatirons.pinpoint.server.access.impl.AcmServerTalk:91 - PUT http://localhost:8086/acmserver/api/auth/privileges.return status 200
[2025-07-25 11:41:02]  INFO [http-nio-8085-exec-12] com.flatirons.pinpoint.server.access.impl.AcmServerTalk:91 - PUT http://localhost:8086/acmserver/api/auth/privileges.return status 200
[2025-07-25 11:41:02]  INFO [http-nio-8085-exec-11] com.flatirons.pinpoint.server.access.impl.AcmServerTalk:91 - PUT http://localhost:8086/acmserver/api/auth/user/privileges.return status 200
[2025-07-25 11:41:02]  INFO [http-nio-8085-exec-3] com.flatirons.pinpoint.server.access.impl.AcmServerTalk:91 - PUT http://localhost:8086/acmserver/api/auth/privileges.return status 200
[2025-07-25 11:41:02]  INFO [http-nio-8085-exec-12] com.flatirons.pinpoint.server.access.impl.AcmServerTalk:91 - PUT http://localhost:8086/acmserver/api/auth/privileges.return status 200
[2025-07-25 11:41:02]  INFO [http-nio-8085-exec-12] com.flatirons.pinpoint.server.access.impl.AcmServerTalk:91 - PUT http://localhost:8086/acmserver/api/auth/privileges.return status 200
[2025-07-25 11:41:02]  INFO [http-nio-8085-exec-3] com.flatirons.pinpoint.server.access.impl.AcmServerTalk:53 - Get http://localhost:8086/acmserver/api/organizations/SYS.return status 200
[2025-07-25 11:41:02]  INFO [http-nio-8085-exec-12] com.flatirons.pinpoint.server.access.impl.AcmServerTalk:91 - PUT http://localhost:8086/acmserver/api/auth/user/privileges.return status 200
[2025-07-25 11:41:02]  INFO [http-nio-8085-exec-7] com.flatirons.pinpoint.server.access.impl.AcmServerTalk:91 - PUT http://localhost:8086/acmserver/api/auth/privileges.return status 200
[2025-07-25 11:41:02]  INFO [http-nio-8085-exec-1] com.flatirons.pinpoint.server.access.impl.AcmServerTalk:91 - PUT http://localhost:8086/acmserver/api/auth/privileges.return status 200
[2025-07-25 11:41:02]  INFO [http-nio-8085-exec-1] com.flatirons.pinpoint.server.access.impl.AcmServerTalk:91 - PUT http://localhost:8086/acmserver/api/auth/privileges.return status 200
[2025-07-25 11:41:02]  INFO [http-nio-8085-exec-1] com.flatirons.pinpoint.server.access.impl.AcmServerTalk:91 - PUT http://localhost:8086/acmserver/api/auth/privileges.return status 200
[2025-07-25 11:41:02]  INFO [http-nio-8085-exec-1] com.flatirons.pinpoint.server.access.impl.AcmServerTalk:91 - PUT http://localhost:8086/acmserver/api/auth/privileges.return status 200
[2025-07-25 11:41:02]  INFO [http-nio-8085-exec-1] com.flatirons.pinpoint.server.access.impl.AcmServerTalk:91 - PUT http://localhost:8086/acmserver/api/auth/user/privileges.return status 200
[2025-07-25 11:41:03]  INFO [http-nio-8085-exec-9] com.flatirons.pinpoint.server.access.impl.AcmServerTalk:91 - PUT http://localhost:8086/acmserver/api/auth/privileges.return status 200
[2025-07-25 11:41:03]  INFO [http-nio-8085-exec-8] com.flatirons.pinpoint.server.access.impl.AcmServerTalk:91 - PUT http://localhost:8086/acmserver/api/auth/privileges.return status 200
[2025-07-25 11:41:03]  INFO [http-nio-8085-exec-6] com.flatirons.pinpoint.server.access.impl.AcmServerTalk:91 - PUT http://localhost:8086/acmserver/api/auth/privileges.return status 200
[2025-07-25 11:41:03]  INFO [http-nio-8085-exec-9] com.flatirons.pinpoint.server.access.impl.AcmServerTalk:91 - PUT http://localhost:8086/acmserver/api/auth/privileges.return status 200
[2025-07-25 11:41:03]  INFO [http-nio-8085-exec-6] com.flatirons.pinpoint.server.access.impl.AcmServerTalk:91 - PUT http://localhost:8086/acmserver/api/auth/privileges.return status 200
[2025-07-25 11:41:03]  INFO [http-nio-8085-exec-8] com.flatirons.pinpoint.server.access.impl.AcmServerTalk:91 - PUT http://localhost:8086/acmserver/api/auth/privileges.return status 200
[2025-07-25 11:41:03]  INFO [http-nio-8085-exec-9] com.flatirons.pinpoint.server.access.impl.AcmServerTalk:91 - PUT http://localhost:8086/acmserver/api/auth/user/privileges.return status 200
[2025-07-25 11:41:03]  INFO [http-nio-8085-exec-6] com.flatirons.pinpoint.server.access.impl.AcmServerTalk:91 - PUT http://localhost:8086/acmserver/api/auth/user/privileges.return status 200
[2025-07-25 11:41:03]  INFO [http-nio-8085-exec-8] com.flatirons.pinpoint.server.access.impl.AcmServerTalk:91 - PUT http://localhost:8086/acmserver/api/auth/user/privileges.return status 200
[2025-07-25 11:41:03]  INFO [http-nio-8085-exec-14] com.flatirons.pinpoint.server.access.impl.AcmServerTalk:91 - PUT http://localhost:8086/acmserver/api/auth/privileges.return status 200
[2025-07-25 11:41:03]  INFO [http-nio-8085-exec-14] com.flatirons.pinpoint.server.access.impl.AcmServerTalk:91 - PUT http://localhost:8086/acmserver/api/auth/privileges.return status 200
[2025-07-25 11:41:03]  INFO [http-nio-8085-exec-14] com.flatirons.pinpoint.server.access.impl.AcmServerTalk:91 - PUT http://localhost:8086/acmserver/api/auth/user/privileges.return status 200
[2025-07-25 11:41:03]  INFO [http-nio-8085-exec-14] com.flatirons.pinpoint.server.access.impl.AcmServerTalk:73 - Get http://localhost:8086/acmserver/api/organizations/SYS.return status 200
[2025-07-25 11:41:03]  INFO [http-nio-8085-exec-3] com.flatirons.pinpoint.server.access.impl.AcmServerTalk:91 - PUT http://localhost:8086/acmserver/api/auth/privileges.return status 200
[2025-07-25 11:41:03]  INFO [http-nio-8085-exec-3] com.flatirons.pinpoint.server.access.impl.AcmServerTalk:91 - PUT http://localhost:8086/acmserver/api/auth/privileges.return status 200
[2025-07-25 11:41:03]  INFO [http-nio-8085-exec-3] com.flatirons.pinpoint.server.access.impl.AcmServerTalk:91 - PUT http://localhost:8086/acmserver/api/auth/user/privileges.return status 200
[2025-07-25 11:42:15]  INFO [http-nio-8085-exec-8] com.flatirons.pinpoint.server.access.impl.AcmServerTalk:91 - PUT http://localhost:8086/acmserver/api/auth/privileges.return status 200
[2025-07-25 11:42:15]  INFO [http-nio-8085-exec-8] com.flatirons.pinpoint.server.access.impl.AcmServerTalk:91 - PUT http://localhost:8086/acmserver/api/auth/privileges.return status 200
[2025-07-25 11:42:15]  INFO [http-nio-8085-exec-8] com.flatirons.pinpoint.server.access.impl.AcmServerTalk:91 - PUT http://localhost:8086/acmserver/api/auth/user/privileges.return status 200
[2025-07-25 11:42:49]  INFO [http-nio-8085-exec-13] com.flatirons.pinpoint.server.access.impl.AcmServerTalk:91 - PUT http://localhost:8086/acmserver/api/auth/privileges.return status 200
[2025-07-25 11:42:49]  INFO [http-nio-8085-exec-13] com.flatirons.pinpoint.server.access.impl.AcmServerTalk:91 - PUT http://localhost:8086/acmserver/api/auth/privileges.return status 200
[2025-07-25 11:42:54]  INFO [http-nio-8085-exec-13] com.flatirons.pinpoint.server.access.impl.AcmServerTalk:91 - PUT http://localhost:8086/acmserver/api/auth/user/privileges.return status 200
[2025-07-25 11:42:54]  INFO [http-nio-8085-exec-13] com.flatirons.pinpoint.server.access.impl.AcmServerTalk:91 - PUT http://localhost:8086/acmserver/api/auth/user/privileges.return status 200
[2025-07-25 11:42:54]  INFO [http-nio-8085-exec-13] com.flatirons.pinpoint.server.access.impl.AcmServerTalk:91 - PUT http://localhost:8086/acmserver/api/auth/user/privileges.return status 200
[2025-07-25 11:42:54]  INFO [http-nio-8085-exec-13] com.flatirons.pinpoint.server.access.impl.AcmServerTalk:91 - PUT http://localhost:8086/acmserver/api/auth/user/privileges.return status 200
[2025-07-25 11:42:54]  INFO [http-nio-8085-exec-13] com.flatirons.pinpoint.server.access.impl.AcmServerTalk:91 - PUT http://localhost:8086/acmserver/api/auth/user/privileges.return status 200
[2025-07-25 11:42:54]  INFO [http-nio-8085-exec-13] com.flatirons.pinpoint.server.access.impl.AcmServerTalk:91 - PUT http://localhost:8086/acmserver/api/auth/user/privileges.return status 200
[2025-07-25 11:42:54]  INFO [http-nio-8085-exec-13] com.flatirons.pinpoint.server.access.impl.AcmServerTalk:91 - PUT http://localhost:8086/acmserver/api/auth/user/privileges.return status 200
[2025-07-25 11:42:54]  INFO [http-nio-8085-exec-13] com.flatirons.pinpoint.server.access.impl.AcmServerTalk:91 - PUT http://localhost:8086/acmserver/api/auth/user/privileges.return status 200
[2025-07-25 11:42:55]  INFO [http-nio-8085-exec-13] com.flatirons.pinpoint.server.access.impl.AcmServerTalk:91 - PUT http://localhost:8086/acmserver/api/auth/user/privileges.return status 200
[2025-07-25 11:42:55]  INFO [http-nio-8085-exec-13] com.flatirons.pinpoint.server.access.impl.AcmServerTalk:91 - PUT http://localhost:8086/acmserver/api/auth/user/privileges.return status 200
[2025-07-25 11:46:48]  INFO [http-nio-8085-exec-9] com.flatirons.pinpoint.server.access.impl.AcmServerTalk:91 - PUT http://localhost:8086/acmserver/api/auth/privileges.return status 200
[2025-07-25 11:46:48]  INFO [http-nio-8085-exec-6] com.flatirons.pinpoint.server.access.impl.AcmServerTalk:91 - PUT http://localhost:8086/acmserver/api/auth/privileges.return status 200
[2025-07-25 11:46:48]  INFO [http-nio-8085-exec-3] com.flatirons.pinpoint.server.access.impl.AcmServerTalk:91 - PUT http://localhost:8086/acmserver/api/auth/privileges.return status 200
[2025-07-25 11:46:48]  INFO [http-nio-8085-exec-8] com.flatirons.pinpoint.server.access.impl.AcmServerTalk:91 - PUT http://localhost:8086/acmserver/api/auth/privileges.return status 200
[2025-07-25 11:46:48]  INFO [http-nio-8085-exec-14] com.flatirons.pinpoint.server.access.impl.AcmServerTalk:91 - PUT http://localhost:8086/acmserver/api/auth/privileges.return status 200
[2025-07-25 11:46:48]  INFO [http-nio-8085-exec-9] com.flatirons.pinpoint.server.access.impl.AcmServerTalk:73 - Get http://localhost:8086/acmserver/api/users/Guest.return status 200
[2025-07-25 11:46:48]  INFO [http-nio-8085-exec-3] com.flatirons.pinpoint.server.access.impl.AcmServerTalk:73 - Get http://localhost:8086/acmserver/api/organizations/SYS.return status 200
[2025-07-25 11:46:48]  INFO [http-nio-8085-exec-9] com.flatirons.pinpoint.server.access.impl.AcmServerTalk:73 - Get http://localhost:8086/acmserver/api/usergroups/1.return status 200
[2025-07-25 11:46:48]  INFO [http-nio-8085-exec-8] com.flatirons.pinpoint.server.access.impl.AcmServerTalk:91 - PUT http://localhost:8086/acmserver/api/auth/privileges.return status 200
[2025-07-25 11:46:48]  INFO [http-nio-8085-exec-9] com.flatirons.pinpoint.server.access.impl.AcmServerTalk:73 - Get http://localhost:8086/acmserver/api/usergroups/3.return status 200
[2025-07-25 11:46:48]  INFO [http-nio-8085-exec-6] com.flatirons.pinpoint.server.access.impl.AcmServerTalk:91 - PUT http://localhost:8086/acmserver/api/auth/privileges.return status 200
[2025-07-25 11:46:49]  INFO [http-nio-8085-exec-13] com.flatirons.pinpoint.server.access.impl.AcmServerTalk:91 - PUT http://localhost:8086/acmserver/api/auth/privileges.return status 200
[2025-07-25 11:46:49]  INFO [http-nio-8085-exec-13] com.flatirons.pinpoint.server.access.impl.AcmServerTalk:73 - Get http://localhost:8086/acmserver/api/users/Guest.return status 200
[2025-07-25 11:46:49]  INFO [http-nio-8085-exec-6] com.flatirons.pinpoint.server.access.impl.AcmServerTalk:91 - PUT http://localhost:8086/acmserver/api/auth/privileges.return status 200
[2025-07-25 11:46:49]  INFO [http-nio-8085-exec-12] com.flatirons.pinpoint.server.access.impl.AcmServerTalk:91 - PUT http://localhost:8086/acmserver/api/auth/privileges.return status 200
[2025-07-25 11:46:49]  INFO [http-nio-8085-exec-11] com.flatirons.pinpoint.server.access.impl.AcmServerTalk:91 - PUT http://localhost:8086/acmserver/api/auth/privileges.return status 200
[2025-07-25 11:46:54]  INFO [http-nio-8085-exec-8] com.flatirons.pinpoint.server.access.impl.AcmServerTalk:91 - PUT http://localhost:8086/acmserver/api/auth/privileges.return status 200
[2025-07-25 11:46:54]  INFO [http-nio-8085-exec-8] com.flatirons.pinpoint.server.access.impl.AcmServerTalk:91 - PUT http://localhost:8086/acmserver/api/auth/privileges.return status 200
[2025-07-25 11:46:54]  INFO [http-nio-8085-exec-8] com.flatirons.pinpoint.server.access.impl.AcmServerTalk:91 - PUT http://localhost:8086/acmserver/api/auth/privileges.return status 200
[2025-07-25 11:46:54]  INFO [http-nio-8085-exec-8] com.flatirons.pinpoint.server.access.impl.AcmServerTalk:91 - PUT http://localhost:8086/acmserver/api/auth/privileges.return status 200
[2025-07-25 11:46:54]  INFO [http-nio-8085-exec-8] com.flatirons.pinpoint.server.access.impl.AcmServerTalk:91 - PUT http://localhost:8086/acmserver/api/auth/privileges.return status 200
[2025-07-25 11:46:54]  INFO [http-nio-8085-exec-8] com.flatirons.pinpoint.server.access.impl.AcmServerTalk:91 - PUT http://localhost:8086/acmserver/api/auth/privileges.return status 200
[2025-07-25 11:46:54]  INFO [http-nio-8085-exec-8] com.flatirons.pinpoint.server.access.impl.AcmServerTalk:91 - PUT http://localhost:8086/acmserver/api/auth/privileges.return status 200
[2025-07-25 11:46:54]  INFO [http-nio-8085-exec-8] com.flatirons.pinpoint.server.access.impl.AcmServerTalk:91 - PUT http://localhost:8086/acmserver/api/auth/privileges.return status 200
[2025-07-25 11:46:54]  INFO [http-nio-8085-exec-8] com.flatirons.pinpoint.server.access.impl.AcmServerTalk:91 - PUT http://localhost:8086/acmserver/api/auth/privileges.return status 200
[2025-07-25 11:46:54]  INFO [http-nio-8085-exec-8] com.flatirons.pinpoint.server.access.impl.AcmServerTalk:91 - PUT http://localhost:8086/acmserver/api/auth/privileges.return status 200
[2025-07-25 11:46:54]  INFO [http-nio-8085-exec-8] com.flatirons.pinpoint.server.access.impl.AcmServerTalk:91 - PUT http://localhost:8086/acmserver/api/auth/privileges.return status 200
[2025-07-25 11:46:54]  INFO [http-nio-8085-exec-8] com.flatirons.pinpoint.server.access.impl.AcmServerTalk:91 - PUT http://localhost:8086/acmserver/api/auth/privileges.return status 200
[2025-07-25 11:46:54]  INFO [http-nio-8085-exec-8] com.flatirons.pinpoint.server.access.impl.AcmServerTalk:91 - PUT http://localhost:8086/acmserver/api/auth/privileges.return status 200
[2025-07-25 11:46:54]  INFO [http-nio-8085-exec-8] com.flatirons.pinpoint.server.access.impl.AcmServerTalk:91 - PUT http://localhost:8086/acmserver/api/auth/privileges.return status 200
[2025-07-25 11:46:54]  INFO [http-nio-8085-exec-8] com.flatirons.pinpoint.server.access.impl.AcmServerTalk:91 - PUT http://localhost:8086/acmserver/api/auth/privileges.return status 200
[2025-07-25 11:46:54]  INFO [http-nio-8085-exec-8] com.flatirons.pinpoint.server.access.impl.AcmServerTalk:91 - PUT http://localhost:8086/acmserver/api/auth/privileges.return status 200
[2025-07-25 11:46:54]  INFO [http-nio-8085-exec-8] com.flatirons.pinpoint.server.access.impl.AcmServerTalk:91 - PUT http://localhost:8086/acmserver/api/auth/privileges.return status 200
[2025-07-25 11:46:54]  INFO [http-nio-8085-exec-8] com.flatirons.pinpoint.server.access.impl.AcmServerTalk:91 - PUT http://localhost:8086/acmserver/api/auth/privileges.return status 200
[2025-07-25 11:46:54]  INFO [http-nio-8085-exec-8] com.flatirons.pinpoint.server.access.impl.AcmServerTalk:91 - PUT http://localhost:8086/acmserver/api/auth/privileges.return status 200
[2025-07-25 11:46:54]  INFO [http-nio-8085-exec-8] com.flatirons.pinpoint.server.access.impl.AcmServerTalk:91 - PUT http://localhost:8086/acmserver/api/auth/privileges.return status 200
[2025-07-25 11:46:54]  INFO [http-nio-8085-exec-8] com.flatirons.pinpoint.server.access.impl.AcmServerTalk:91 - PUT http://localhost:8086/acmserver/api/auth/privileges.return status 200
[2025-07-25 11:46:54]  INFO [http-nio-8085-exec-8] com.flatirons.pinpoint.server.access.impl.AcmServerTalk:91 - PUT http://localhost:8086/acmserver/api/auth/privileges.return status 200
[2025-07-25 11:46:54]  INFO [http-nio-8085-exec-8] com.flatirons.pinpoint.server.access.impl.AcmServerTalk:91 - PUT http://localhost:8086/acmserver/api/auth/privileges.return status 200
[2025-07-25 11:46:54]  INFO [http-nio-8085-exec-8] com.flatirons.pinpoint.server.access.impl.AcmServerTalk:91 - PUT http://localhost:8086/acmserver/api/auth/privileges.return status 200
[2025-07-25 11:46:54]  INFO [http-nio-8085-exec-8] com.flatirons.pinpoint.server.access.impl.AcmServerTalk:91 - PUT http://localhost:8086/acmserver/api/auth/privileges.return status 200
[2025-07-25 11:46:54]  INFO [http-nio-8085-exec-8] com.flatirons.pinpoint.server.access.impl.AcmServerTalk:91 - PUT http://localhost:8086/acmserver/api/auth/privileges.return status 200
[2025-07-25 11:46:54]  INFO [http-nio-8085-exec-8] com.flatirons.pinpoint.server.access.impl.AcmServerTalk:91 - PUT http://localhost:8086/acmserver/api/auth/privileges.return status 200
[2025-07-25 11:46:54]  INFO [http-nio-8085-exec-8] com.flatirons.pinpoint.server.access.impl.AcmServerTalk:91 - PUT http://localhost:8086/acmserver/api/auth/privileges.return status 200
[2025-07-25 11:46:54]  INFO [http-nio-8085-exec-8] com.flatirons.pinpoint.server.access.impl.AcmServerTalk:91 - PUT http://localhost:8086/acmserver/api/auth/privileges.return status 200
[2025-07-25 11:46:54]  INFO [http-nio-8085-exec-8] com.flatirons.pinpoint.server.access.impl.AcmServerTalk:91 - PUT http://localhost:8086/acmserver/api/auth/privileges.return status 200
[2025-07-25 11:46:55]  INFO [http-nio-8085-exec-8] com.flatirons.pinpoint.server.access.impl.AcmServerTalk:91 - PUT http://localhost:8086/acmserver/api/auth/privileges.return status 200
[2025-07-25 11:46:55]  INFO [http-nio-8085-exec-8] com.flatirons.pinpoint.server.access.impl.AcmServerTalk:91 - PUT http://localhost:8086/acmserver/api/auth/privileges.return status 200
[2025-07-25 11:46:55]  INFO [http-nio-8085-exec-8] com.flatirons.pinpoint.server.access.impl.AcmServerTalk:91 - PUT http://localhost:8086/acmserver/api/auth/privileges.return status 200
[2025-07-25 11:46:55]  INFO [http-nio-8085-exec-8] com.flatirons.pinpoint.server.access.impl.AcmServerTalk:91 - PUT http://localhost:8086/acmserver/api/auth/privileges.return status 200
[2025-07-25 11:46:55]  INFO [http-nio-8085-exec-8] com.flatirons.pinpoint.server.access.impl.AcmServerTalk:91 - PUT http://localhost:8086/acmserver/api/auth/privileges.return status 200
[2025-07-25 11:46:55]  INFO [http-nio-8085-exec-8] com.flatirons.pinpoint.server.access.impl.AcmServerTalk:91 - PUT http://localhost:8086/acmserver/api/auth/privileges.return status 200
[2025-07-25 11:46:55]  INFO [http-nio-8085-exec-8] com.flatirons.pinpoint.server.access.impl.AcmServerTalk:91 - PUT http://localhost:8086/acmserver/api/auth/privileges.return status 200
[2025-07-25 11:46:55]  INFO [http-nio-8085-exec-8] com.flatirons.pinpoint.server.access.impl.AcmServerTalk:91 - PUT http://localhost:8086/acmserver/api/auth/privileges.return status 200
[2025-07-25 11:46:55]  INFO [http-nio-8085-exec-8] com.flatirons.pinpoint.server.access.impl.AcmServerTalk:91 - PUT http://localhost:8086/acmserver/api/auth/privileges.return status 200
[2025-07-25 11:46:55]  INFO [http-nio-8085-exec-8] com.flatirons.pinpoint.server.access.impl.AcmServerTalk:91 - PUT http://localhost:8086/acmserver/api/auth/privileges.return status 200
[2025-07-25 11:46:55]  INFO [http-nio-8085-exec-8] com.flatirons.pinpoint.server.access.impl.AcmServerTalk:91 - PUT http://localhost:8086/acmserver/api/auth/privileges.return status 200
[2025-07-25 11:46:55]  INFO [http-nio-8085-exec-8] com.flatirons.pinpoint.server.access.impl.AcmServerTalk:91 - PUT http://localhost:8086/acmserver/api/auth/privileges.return status 200
[2025-07-25 11:46:55]  INFO [http-nio-8085-exec-8] com.flatirons.pinpoint.server.access.impl.AcmServerTalk:91 - PUT http://localhost:8086/acmserver/api/auth/privileges.return status 200
[2025-07-25 11:46:55]  INFO [http-nio-8085-exec-8] com.flatirons.pinpoint.server.access.impl.AcmServerTalk:91 - PUT http://localhost:8086/acmserver/api/auth/privileges.return status 200
[2025-07-25 11:46:55]  INFO [http-nio-8085-exec-8] com.flatirons.pinpoint.server.access.impl.AcmServerTalk:91 - PUT http://localhost:8086/acmserver/api/auth/privileges.return status 200
[2025-07-25 11:46:55]  INFO [http-nio-8085-exec-8] com.flatirons.pinpoint.server.access.impl.AcmServerTalk:91 - PUT http://localhost:8086/acmserver/api/auth/privileges.return status 200
[2025-07-25 11:47:11]  INFO [http-nio-8085-exec-3] com.flatirons.pinpoint.server.access.impl.AcmServerTalk:91 - PUT http://localhost:8086/acmserver/api/auth/privileges.return status 200
[2025-07-25 11:47:11]  INFO [http-nio-8085-exec-7] com.flatirons.pinpoint.server.access.impl.AcmServerTalk:91 - PUT http://localhost:8086/acmserver/api/auth/privileges.return status 200
[2025-07-25 11:47:11]  INFO [http-nio-8085-exec-9] com.flatirons.pinpoint.server.access.impl.AcmServerTalk:91 - PUT http://localhost:8086/acmserver/api/auth/privileges.return status 200
[2025-07-25 11:47:11]  INFO [http-nio-8085-exec-7] com.flatirons.pinpoint.server.access.impl.AcmServerTalk:53 - Get http://localhost:8086/acmserver/api/organizations/SYS.return status 200
[2025-07-25 11:47:11]  INFO [http-nio-8085-exec-1] com.flatirons.pinpoint.server.access.impl.AcmServerTalk:91 - PUT http://localhost:8086/acmserver/api/auth/privileges.return status 200
[2025-07-25 11:47:11]  INFO [http-nio-8085-exec-14] com.flatirons.pinpoint.server.access.impl.AcmServerTalk:91 - PUT http://localhost:8086/acmserver/api/auth/privileges.return status 200
[2025-07-25 11:47:11]  INFO [http-nio-8085-exec-6] com.flatirons.pinpoint.server.access.impl.AcmServerTalk:91 - PUT http://localhost:8086/acmserver/api/auth/privileges.return status 200
[2025-07-25 11:47:11]  INFO [http-nio-8085-exec-12] com.flatirons.pinpoint.server.access.impl.AcmServerTalk:91 - PUT http://localhost:8086/acmserver/api/auth/privileges.return status 200
[2025-07-25 11:47:11]  INFO [http-nio-8085-exec-3] com.flatirons.pinpoint.server.access.impl.AcmServerTalk:91 - PUT http://localhost:8086/acmserver/api/auth/privileges.return status 200
[2025-07-25 11:47:17]  INFO [http-nio-8085-exec-6] com.flatirons.pinpoint.server.access.impl.AcmServerTalk:91 - PUT http://localhost:8086/acmserver/api/auth/privileges.return status 200
