2025-07-15 12:36:24 - INFO - COM interface availability: True
2025-07-15 12:36:24 - INFO - Starting COM interface initialization...
2025-07-15 12:36:24 - INFO - COM interface initialized successfully
2025-07-15 12:38:24 - INFO - COM interface availability: True
2025-07-15 12:40:24 - INFO - COM interface availability: True
2025-07-15 12:42:24 - INFO - COM interface availability: True
2025-07-15 12:44:24 - INFO - COM interface availability: True
2025-07-15 12:46:24 - INFO - COM interface availability: True
2025-07-15 12:48:24 - INFO - COM interface availability: True
2025-07-15 12:50:24 - INFO - COM interface availability: True
2025-07-15 12:52:24 - INFO - COM interface availability: True
2025-07-15 12:54:24 - INFO - COM interface availability: True
2025-07-15 12:56:24 - INFO - COM interface availability: True
2025-07-15 12:58:24 - INFO - COM interface availability: True
2025-07-15 13:00:24 - INFO - COM interface availability: True
2025-07-15 13:02:24 - INFO - COM interface availability: True
2025-07-15 13:04:24 - INFO - COM interface availability: True
2025-07-15 13:06:24 - INFO - COM interface availability: True
2025-07-15 13:08:24 - INFO - COM interface availability: True
2025-07-15 13:10:24 - INFO - COM interface availability: True
2025-07-15 13:12:24 - INFO - COM interface availability: True
2025-07-15 13:14:24 - INFO - COM interface availability: True
2025-07-15 13:16:24 - INFO - COM interface availability: True
2025-07-15 13:18:24 - INFO - COM interface availability: True
2025-07-15 13:20:02 - INFO - COM interface availability: True
2025-07-15 13:20:02 - INFO - Starting COM interface initialization...
2025-07-15 13:20:02 - INFO - COM interface initialized successfully
2025-07-15 13:20:06 - INFO - COM interface availability: True
2025-07-15 13:20:06 - INFO - Starting COM interface initialization...
2025-07-15 13:20:06 - INFO - COM interface initialized successfully
2025-07-15 13:22:07 - INFO - COM interface availability: True
2025-07-15 13:24:07 - INFO - COM interface availability: True
2025-07-15 13:24:59 - INFO - COM interface availability: True
2025-07-15 13:24:59 - INFO - Starting COM interface initialization...
2025-07-15 13:24:59 - INFO - COM interface initialized successfully
2025-07-15 13:25:11 - INFO - COM interface availability: True
2025-07-15 13:25:11 - INFO - Starting COM interface initialization...
2025-07-15 13:25:11 - INFO - COM interface initialized successfully
2025-07-15 13:25:13 - INFO - COM interface availability: True
2025-07-15 13:25:13 - INFO - Starting COM interface initialization...
2025-07-15 13:25:13 - INFO - COM interface initialized successfully
2025-07-15 13:25:14 - INFO - COM interface availability: True
2025-07-15 13:25:14 - INFO - Starting COM interface initialization...
2025-07-15 13:25:14 - INFO - COM interface initialized successfully
2025-07-15 13:25:31 - INFO - COM interface availability: True
2025-07-15 13:25:31 - INFO - Starting COM interface initialization...
2025-07-15 13:25:31 - INFO - COM interface initialized successfully
2025-07-15 13:25:32 - INFO - COM interface availability: True
2025-07-15 13:25:32 - INFO - Starting COM interface initialization...
2025-07-15 13:25:32 - INFO - COM interface initialized successfully
2025-07-15 13:25:36 - INFO - COM interface availability: True
2025-07-15 13:25:36 - INFO - Starting COM interface initialization...
2025-07-15 13:25:36 - INFO - COM interface initialized successfully
2025-07-15 13:25:38 - INFO - COM interface availability: True
2025-07-15 13:25:38 - INFO - Starting COM interface initialization...
2025-07-15 13:25:38 - INFO - COM interface initialized successfully
2025-07-15 13:25:45 - INFO - COM interface availability: True
2025-07-15 13:25:45 - INFO - Starting COM interface initialization...
2025-07-15 13:25:45 - INFO - COM interface initialized successfully
2025-07-15 13:25:47 - INFO - COM interface availability: True
2025-07-15 13:25:47 - INFO - Starting COM interface initialization...
2025-07-15 13:25:47 - INFO - COM interface initialized successfully
2025-07-15 13:25:48 - INFO - COM interface availability: True
2025-07-15 13:25:48 - INFO - Starting COM interface initialization...
2025-07-15 13:25:48 - INFO - COM interface initialized successfully
2025-07-15 13:25:57 - INFO - COM interface availability: True
2025-07-15 13:25:57 - INFO - Starting COM interface initialization...
2025-07-15 13:25:57 - INFO - COM interface initialized successfully
2025-07-15 13:25:58 - INFO - COM interface availability: True
2025-07-15 13:25:58 - INFO - Starting COM interface initialization...
2025-07-15 13:25:58 - INFO - COM interface initialized successfully
2025-07-15 13:26:00 - INFO - COM interface availability: True
2025-07-15 13:26:00 - INFO - Starting COM interface initialization...
2025-07-15 13:26:00 - INFO - COM interface initialized successfully
2025-07-15 13:26:00 - INFO - COM interface availability: True
2025-07-15 13:26:00 - INFO - Starting COM interface initialization...
2025-07-15 13:26:00 - INFO - COM interface initialized successfully
2025-07-15 13:26:01 - INFO - COM interface availability: True
2025-07-15 13:26:01 - INFO - Starting COM interface initialization...
2025-07-15 13:26:01 - INFO - COM interface initialized successfully
2025-07-15 13:26:05 - INFO - COM interface availability: True
2025-07-15 13:26:05 - INFO - Starting COM interface initialization...
2025-07-15 13:26:05 - INFO - COM interface initialized successfully
2025-07-15 13:26:08 - INFO - COM interface availability: True
2025-07-15 13:26:08 - INFO - Starting COM interface initialization...
2025-07-15 13:26:08 - INFO - COM interface initialized successfully
2025-07-15 13:26:11 - INFO - COM interface availability: True
2025-07-15 13:26:11 - INFO - Starting COM interface initialization...
2025-07-15 13:26:11 - INFO - COM interface initialized successfully
2025-07-15 13:26:15 - INFO - COM interface availability: True
2025-07-15 13:26:15 - INFO - Starting COM interface initialization...
2025-07-15 13:26:15 - INFO - COM interface initialized successfully
2025-07-15 13:26:17 - INFO - COM interface availability: True
2025-07-15 13:26:17 - INFO - Starting COM interface initialization...
2025-07-15 13:26:17 - INFO - COM interface initialized successfully
2025-07-15 13:26:18 - INFO - COM interface availability: True
2025-07-15 13:26:18 - INFO - Starting COM interface initialization...
2025-07-15 13:26:18 - INFO - COM interface initialized successfully
2025-07-15 13:26:20 - INFO - COM interface availability: True
2025-07-15 13:26:20 - INFO - Starting COM interface initialization...
2025-07-15 13:26:20 - INFO - COM interface initialized successfully
2025-07-15 13:26:31 - INFO - COM interface availability: True
2025-07-15 13:26:31 - INFO - Starting COM interface initialization...
2025-07-15 13:26:31 - INFO - COM interface initialized successfully
2025-07-15 13:26:32 - INFO - COM interface availability: True
2025-07-15 13:26:32 - INFO - Starting COM interface initialization...
2025-07-15 13:26:32 - INFO - COM interface initialized successfully
2025-07-15 13:26:37 - INFO - COM interface availability: True
2025-07-15 13:26:37 - INFO - Starting COM interface initialization...
2025-07-15 13:26:37 - INFO - COM interface initialized successfully
2025-07-15 13:28:38 - INFO - COM interface availability: True
2025-07-15 13:28:57 - INFO - COM interface availability: True
2025-07-15 13:28:57 - INFO - Starting COM interface initialization...
2025-07-15 13:28:57 - INFO - COM interface initialized successfully
2025-07-15 13:29:07 - INFO - COM interface availability: True
2025-07-15 13:29:07 - INFO - Starting COM interface initialization...
2025-07-15 13:29:07 - INFO - COM interface initialized successfully
2025-07-15 13:29:07 - WARNING - Email exists in JSON data but not found in Outlook COM interface
2025-07-15 13:29:11 - INFO - COM interface availability: True
2025-07-15 13:29:11 - INFO - Starting COM interface initialization...
2025-07-15 13:29:11 - INFO - COM interface initialized successfully
2025-07-15 13:29:12 - INFO - COM interface availability: True
2025-07-15 13:29:12 - INFO - Starting COM interface initialization...
2025-07-15 13:29:12 - INFO - COM interface initialized successfully
2025-07-15 13:29:14 - INFO - COM interface availability: True
2025-07-15 13:29:14 - INFO - Starting COM interface initialization...
2025-07-15 13:29:14 - INFO - COM interface initialized successfully
2025-07-15 13:29:15 - INFO - COM interface availability: True
2025-07-15 13:29:15 - INFO - Starting COM interface initialization...
2025-07-15 13:29:15 - INFO - COM interface initialized successfully
2025-07-15 13:29:15 - WARNING - Email exists in JSON data but not found in Outlook COM interface
2025-07-15 13:29:16 - INFO - COM interface availability: True
2025-07-15 13:29:16 - INFO - Starting COM interface initialization...
2025-07-15 13:29:16 - INFO - COM interface initialized successfully
2025-07-15 13:29:16 - WARNING - Email exists in JSON data but not found in Outlook COM interface
2025-07-15 13:30:59 - INFO - COM interface availability: True
2025-07-15 13:32:58 - INFO - COM interface availability: True
2025-07-15 13:34:58 - INFO - COM interface availability: True
2025-07-15 13:36:58 - INFO - COM interface availability: True
2025-07-15 13:38:58 - INFO - COM interface availability: True
2025-07-15 13:39:59 - INFO - COM interface availability: True
2025-07-15 13:39:59 - INFO - Starting COM interface initialization...
2025-07-15 13:39:59 - INFO - COM interface initialized successfully
2025-07-15 13:41:44 - INFO - COM interface availability: True
2025-07-15 13:41:44 - INFO - Starting COM interface initialization...
2025-07-15 13:41:44 - INFO - COM interface initialized successfully
2025-07-15 13:41:46 - INFO - COM interface availability: True
2025-07-15 13:41:46 - INFO - Starting COM interface initialization...
2025-07-15 13:41:46 - INFO - COM interface initialized successfully
2025-07-15 13:41:49 - INFO - COM interface availability: True
2025-07-15 13:41:49 - INFO - Starting COM interface initialization...
2025-07-15 13:41:49 - INFO - COM interface initialized successfully
2025-07-15 13:41:51 - INFO - COM interface availability: True
2025-07-15 13:41:51 - INFO - Starting COM interface initialization...
2025-07-15 13:41:51 - INFO - COM interface initialized successfully
2025-07-15 13:42:22 - INFO - COM interface availability: True
2025-07-15 13:42:22 - INFO - Starting COM interface initialization...
2025-07-15 13:42:22 - INFO - COM interface initialized successfully
2025-07-15 13:42:37 - INFO - COM interface availability: True
2025-07-15 13:42:37 - INFO - Starting COM interface initialization...
2025-07-15 13:42:37 - INFO - COM interface initialized successfully
2025-07-15 13:42:37 - INFO - COM interface availability: True
2025-07-15 13:42:37 - INFO - Starting COM interface initialization...
2025-07-15 13:42:37 - INFO - COM interface initialized successfully
2025-07-15 13:42:39 - INFO - COM interface availability: True
2025-07-15 13:42:39 - INFO - Starting COM interface initialization...
2025-07-15 13:42:39 - INFO - COM interface initialized successfully
2025-07-15 13:44:40 - INFO - COM interface availability: True
2025-07-15 13:46:40 - INFO - COM interface availability: True
2025-07-15 13:48:40 - INFO - COM interface availability: True
2025-07-15 13:50:40 - INFO - COM interface availability: True
2025-07-15 13:52:40 - INFO - COM interface availability: True
2025-07-15 13:54:40 - INFO - COM interface availability: True
2025-07-15 13:56:40 - INFO - COM interface availability: True
2025-07-15 13:58:40 - INFO - COM interface availability: True
2025-07-15 14:00:40 - INFO - COM interface availability: True
2025-07-15 14:02:40 - INFO - COM interface availability: True
2025-07-15 14:04:40 - INFO - COM interface availability: True
2025-07-15 14:06:03 - INFO - COM interface availability: True
2025-07-15 14:06:03 - INFO - Starting COM interface initialization...
2025-07-15 14:06:03 - INFO - COM interface initialized successfully
2025-07-15 14:06:19 - INFO - COM interface availability: True
2025-07-15 14:06:19 - INFO - Starting COM interface initialization...
2025-07-15 14:06:19 - INFO - COM interface initialized successfully
2025-07-15 14:06:27 - INFO - COM interface availability: True
2025-07-15 14:06:27 - INFO - Starting COM interface initialization...
2025-07-15 14:06:27 - INFO - COM interface initialized successfully
2025-07-15 14:06:29 - INFO - COM interface availability: True
2025-07-15 14:06:29 - INFO - Starting COM interface initialization...
2025-07-15 14:06:29 - INFO - COM interface initialized successfully
2025-07-15 14:06:31 - INFO - COM interface availability: True
2025-07-15 14:06:31 - INFO - Starting COM interface initialization...
2025-07-15 14:06:31 - INFO - COM interface initialized successfully
2025-07-15 14:06:50 - INFO - COM interface availability: True
2025-07-15 14:06:50 - INFO - Starting COM interface initialization...
2025-07-15 14:06:50 - INFO - COM interface initialized successfully
2025-07-15 14:06:50 - INFO - COM interface availability: True
2025-07-15 14:06:50 - INFO - Starting COM interface initialization...
2025-07-15 14:06:50 - INFO - COM interface initialized successfully
2025-07-15 14:06:52 - INFO - COM interface availability: True
2025-07-15 14:06:52 - INFO - Starting COM interface initialization...
2025-07-15 14:06:52 - INFO - COM interface initialized successfully
2025-07-15 14:07:49 - INFO - COM interface availability: True
2025-07-15 14:07:49 - INFO - Starting COM interface initialization...
2025-07-15 14:07:49 - INFO - COM interface initialized successfully
2025-07-15 14:07:52 - INFO - COM interface availability: True
2025-07-15 14:07:52 - INFO - Starting COM interface initialization...
2025-07-15 14:07:52 - INFO - COM interface initialized successfully
2025-07-15 14:07:53 - INFO - COM interface availability: True
2025-07-15 14:07:53 - INFO - Starting COM interface initialization...
2025-07-15 14:07:53 - INFO - COM interface initialized successfully
2025-07-15 14:07:57 - INFO - COM interface availability: True
2025-07-15 14:07:57 - INFO - Starting COM interface initialization...
2025-07-15 14:07:57 - INFO - COM interface initialized successfully
2025-07-15 14:07:59 - INFO - COM interface availability: True
2025-07-15 14:07:59 - INFO - Starting COM interface initialization...
2025-07-15 14:07:59 - INFO - COM interface initialized successfully
2025-07-15 14:08:23 - INFO - COM interface availability: True
2025-07-15 14:08:23 - INFO - Starting COM interface initialization...
2025-07-15 14:08:23 - INFO - COM interface initialized successfully
2025-07-15 14:08:28 - INFO - COM interface availability: True
2025-07-15 14:08:28 - INFO - Starting COM interface initialization...
2025-07-15 14:08:28 - INFO - COM interface initialized successfully
2025-07-15 14:08:30 - INFO - COM interface availability: True
2025-07-15 14:08:30 - INFO - Starting COM interface initialization...
2025-07-15 14:08:30 - INFO - COM interface initialized successfully
2025-07-15 14:08:33 - INFO - COM interface availability: True
2025-07-15 14:08:33 - INFO - Starting COM interface initialization...
2025-07-15 14:08:33 - INFO - COM interface initialized successfully
2025-07-15 14:08:36 - INFO - COM interface availability: True
2025-07-15 14:08:36 - INFO - Starting COM interface initialization...
2025-07-15 14:08:36 - INFO - COM interface initialized successfully
2025-07-15 14:08:40 - INFO - COM interface availability: True
2025-07-15 14:08:40 - INFO - Starting COM interface initialization...
2025-07-15 14:08:40 - INFO - COM interface initialized successfully
2025-07-15 14:08:41 - INFO - COM interface availability: True
2025-07-15 14:08:41 - INFO - Starting COM interface initialization...
2025-07-15 14:08:41 - INFO - COM interface initialized successfully
2025-07-15 14:08:42 - INFO - COM interface availability: True
2025-07-15 14:08:42 - INFO - Starting COM interface initialization...
2025-07-15 14:08:42 - INFO - COM interface initialized successfully
2025-07-15 14:08:46 - INFO - COM interface availability: True
2025-07-15 14:08:46 - INFO - Starting COM interface initialization...
2025-07-15 14:08:46 - INFO - COM interface initialized successfully
2025-07-15 14:08:49 - INFO - COM interface availability: True
2025-07-15 14:08:49 - INFO - Starting COM interface initialization...
2025-07-15 14:08:49 - INFO - COM interface initialized successfully
2025-07-15 14:08:53 - INFO - COM interface availability: True
2025-07-15 14:08:53 - INFO - Starting COM interface initialization...
2025-07-15 14:08:53 - INFO - COM interface initialized successfully
2025-07-15 14:08:54 - INFO - COM interface availability: True
2025-07-15 14:08:54 - INFO - Starting COM interface initialization...
2025-07-15 14:08:54 - INFO - COM interface initialized successfully
2025-07-15 14:08:55 - INFO - COM interface availability: True
2025-07-15 14:08:55 - INFO - Starting COM interface initialization...
2025-07-15 14:08:55 - INFO - COM interface initialized successfully
2025-07-15 14:09:08 - INFO - COM interface availability: True
2025-07-15 14:09:08 - INFO - Starting COM interface initialization...
2025-07-15 14:09:08 - INFO - COM interface initialized successfully
2025-07-15 14:09:10 - INFO - COM interface availability: True
2025-07-15 14:09:10 - INFO - Starting COM interface initialization...
2025-07-15 14:09:10 - INFO - COM interface initialized successfully
2025-07-15 14:09:15 - INFO - COM interface availability: True
2025-07-15 14:09:15 - INFO - Starting COM interface initialization...
2025-07-15 14:09:15 - INFO - COM interface initialized successfully
2025-07-15 14:10:41 - INFO - COM interface availability: True
2025-07-15 14:10:41 - INFO - Starting COM interface initialization...
2025-07-15 14:10:41 - INFO - COM interface initialized successfully
2025-07-15 14:10:42 - INFO - COM interface availability: True
2025-07-15 14:10:42 - INFO - Starting COM interface initialization...
2025-07-15 14:10:42 - INFO - COM interface initialized successfully
2025-07-15 14:10:44 - INFO - COM interface availability: True
2025-07-15 14:10:44 - INFO - Starting COM interface initialization...
2025-07-15 14:10:44 - INFO - COM interface initialized successfully
2025-07-15 14:10:47 - INFO - COM interface availability: True
2025-07-15 14:10:47 - INFO - Starting COM interface initialization...
2025-07-15 14:10:47 - INFO - COM interface initialized successfully
2025-07-15 14:10:53 - INFO - COM interface availability: True
2025-07-15 14:10:53 - INFO - Starting COM interface initialization...
2025-07-15 14:10:53 - INFO - COM interface initialized successfully
2025-07-15 14:10:53 - WARNING - Email exists in JSON data but not found in Outlook COM interface
2025-07-15 14:10:54 - INFO - COM interface availability: True
2025-07-15 14:10:54 - INFO - Starting COM interface initialization...
2025-07-15 14:10:54 - INFO - COM interface initialized successfully
2025-07-15 14:10:54 - WARNING - Email exists in JSON data but not found in Outlook COM interface
2025-07-15 14:10:55 - INFO - COM interface availability: True
2025-07-15 14:10:55 - INFO - Starting COM interface initialization...
2025-07-15 14:10:55 - INFO - COM interface initialized successfully
2025-07-15 14:10:55 - INFO - COM interface availability: True
2025-07-15 14:10:58 - INFO - COM interface availability: True
2025-07-15 14:10:58 - INFO - Starting COM interface initialization...
2025-07-15 14:10:58 - INFO - COM interface initialized successfully
2025-07-15 14:10:59 - INFO - COM interface availability: True
2025-07-15 14:10:59 - INFO - Starting COM interface initialization...
2025-07-15 14:10:59 - INFO - COM interface initialized successfully
2025-07-15 14:11:00 - INFO - COM interface availability: True
2025-07-15 14:11:00 - INFO - Starting COM interface initialization...
2025-07-15 14:11:00 - INFO - COM interface initialized successfully
2025-07-15 14:12:58 - INFO - COM interface availability: True
2025-07-15 14:14:58 - INFO - COM interface availability: True
2025-07-15 14:16:58 - INFO - COM interface availability: True
2025-07-15 14:17:46 - INFO - COM interface availability: True
2025-07-15 14:17:46 - INFO - Starting COM interface initialization...
2025-07-15 14:17:46 - INFO - COM interface initialized successfully
2025-07-15 14:17:59 - INFO - COM interface availability: True
2025-07-15 14:17:59 - INFO - Starting COM interface initialization...
2025-07-15 14:17:59 - INFO - COM interface initialized successfully
2025-07-15 14:18:00 - WARNING - Email exists in JSON data but not found in Outlook COM interface
2025-07-15 14:18:15 - INFO - COM interface availability: True
2025-07-15 14:18:15 - INFO - Starting COM interface initialization...
2025-07-15 14:18:15 - INFO - COM interface initialized successfully
2025-07-15 14:18:18 - INFO - COM interface availability: True
2025-07-15 14:18:18 - INFO - Starting COM interface initialization...
2025-07-15 14:18:18 - INFO - COM interface initialized successfully
2025-07-15 14:18:18 - WARNING - Email exists in JSON data but not found in Outlook COM interface
2025-07-15 14:18:19 - INFO - COM interface availability: True
2025-07-15 14:18:19 - INFO - Starting COM interface initialization...
2025-07-15 14:18:19 - INFO - COM interface initialized successfully
2025-07-15 14:18:19 - WARNING - Email exists in JSON data but not found in Outlook COM interface
2025-07-15 14:18:29 - INFO - COM interface availability: True
2025-07-15 14:18:29 - INFO - Starting COM interface initialization...
2025-07-15 14:18:29 - INFO - COM interface initialized successfully
2025-07-15 14:18:31 - INFO - COM interface availability: True
2025-07-15 14:18:31 - INFO - Starting COM interface initialization...
2025-07-15 14:18:31 - INFO - COM interface initialized successfully
2025-07-15 14:18:32 - INFO - COM interface availability: True
2025-07-15 14:18:32 - INFO - Starting COM interface initialization...
2025-07-15 14:18:32 - INFO - COM interface initialized successfully
2025-07-15 14:18:33 - INFO - COM interface availability: True
2025-07-15 14:18:33 - INFO - Starting COM interface initialization...
2025-07-15 14:18:33 - INFO - COM interface initialized successfully
2025-07-15 14:18:34 - INFO - COM interface availability: True
2025-07-15 14:18:34 - INFO - Starting COM interface initialization...
2025-07-15 14:18:34 - INFO - COM interface initialized successfully
2025-07-15 14:18:35 - INFO - COM interface availability: True
2025-07-15 14:18:35 - INFO - Starting COM interface initialization...
2025-07-15 14:18:35 - INFO - COM interface initialized successfully
2025-07-15 14:18:36 - INFO - COM interface availability: True
2025-07-15 14:18:36 - INFO - Starting COM interface initialization...
2025-07-15 14:18:36 - INFO - COM interface initialized successfully
2025-07-15 14:18:37 - INFO - COM interface availability: True
2025-07-15 14:18:37 - INFO - Starting COM interface initialization...
2025-07-15 14:18:37 - INFO - COM interface initialized successfully
2025-07-15 14:18:38 - INFO - COM interface availability: True
2025-07-15 14:18:38 - INFO - Starting COM interface initialization...
2025-07-15 14:18:38 - INFO - COM interface initialized successfully
2025-07-15 14:18:39 - INFO - COM interface availability: True
2025-07-15 14:18:39 - INFO - Starting COM interface initialization...
2025-07-15 14:18:39 - INFO - COM interface initialized successfully
2025-07-15 14:18:42 - INFO - COM interface availability: True
2025-07-15 14:18:42 - INFO - Starting COM interface initialization...
2025-07-15 14:18:42 - INFO - COM interface initialized successfully
2025-07-15 14:18:43 - INFO - COM interface availability: True
2025-07-15 14:18:43 - INFO - Starting COM interface initialization...
2025-07-15 14:18:43 - INFO - COM interface initialized successfully
2025-07-15 14:18:44 - INFO - COM interface availability: True
2025-07-15 14:18:44 - INFO - Starting COM interface initialization...
2025-07-15 14:18:44 - INFO - COM interface initialized successfully
2025-07-15 14:18:46 - INFO - COM interface availability: True
2025-07-15 14:18:46 - INFO - Starting COM interface initialization...
2025-07-15 14:18:46 - INFO - COM interface initialized successfully
2025-07-15 14:18:46 - INFO - COM interface availability: True
2025-07-15 14:18:46 - INFO - Starting COM interface initialization...
2025-07-15 14:18:46 - INFO - COM interface initialized successfully
2025-07-15 14:18:47 - INFO - COM interface availability: True
2025-07-15 14:18:47 - INFO - Starting COM interface initialization...
2025-07-15 14:18:47 - INFO - COM interface initialized successfully
2025-07-15 14:18:48 - INFO - COM interface availability: True
2025-07-15 14:18:48 - INFO - Starting COM interface initialization...
2025-07-15 14:18:48 - INFO - COM interface initialized successfully
2025-07-15 14:18:51 - INFO - COM interface availability: True
2025-07-15 14:18:51 - INFO - Starting COM interface initialization...
2025-07-15 14:18:51 - INFO - COM interface initialized successfully
2025-07-15 14:18:52 - INFO - COM interface availability: True
2025-07-15 14:18:52 - INFO - Starting COM interface initialization...
2025-07-15 14:18:52 - INFO - COM interface initialized successfully
2025-07-15 14:18:54 - INFO - COM interface availability: True
2025-07-15 14:18:54 - INFO - Starting COM interface initialization...
2025-07-15 14:18:54 - INFO - COM interface initialized successfully
2025-07-15 14:18:55 - INFO - COM interface availability: True
2025-07-15 14:18:56 - INFO - Starting COM interface initialization...
2025-07-15 14:18:56 - INFO - COM interface initialized successfully
2025-07-15 14:18:57 - INFO - COM interface availability: True
2025-07-15 14:18:57 - INFO - Starting COM interface initialization...
2025-07-15 14:18:57 - INFO - COM interface initialized successfully
2025-07-15 14:18:59 - INFO - COM interface availability: True
2025-07-15 14:18:59 - INFO - Starting COM interface initialization...
2025-07-15 14:18:59 - INFO - COM interface initialized successfully
2025-07-15 14:19:00 - INFO - COM interface availability: True
2025-07-15 14:19:00 - INFO - Starting COM interface initialization...
2025-07-15 14:19:00 - INFO - COM interface initialized successfully
2025-07-15 14:19:01 - INFO - COM interface availability: True
2025-07-15 14:19:01 - INFO - Starting COM interface initialization...
2025-07-15 14:19:01 - INFO - COM interface initialized successfully
2025-07-15 14:19:05 - INFO - COM interface availability: True
2025-07-15 14:19:05 - INFO - Starting COM interface initialization...
2025-07-15 14:19:05 - INFO - COM interface initialized successfully
2025-07-15 14:19:07 - INFO - COM interface availability: True
2025-07-15 14:19:07 - INFO - Starting COM interface initialization...
2025-07-15 14:19:07 - INFO - COM interface initialized successfully
2025-07-15 14:19:08 - INFO - COM interface availability: True
2025-07-15 14:19:08 - INFO - Starting COM interface initialization...
2025-07-15 14:19:08 - INFO - COM interface initialized successfully
2025-07-15 14:19:09 - INFO - COM interface availability: True
2025-07-15 14:19:09 - INFO - Starting COM interface initialization...
2025-07-15 14:19:09 - INFO - COM interface initialized successfully
2025-07-15 14:19:10 - INFO - COM interface availability: True
2025-07-15 14:19:10 - INFO - Starting COM interface initialization...
2025-07-15 14:19:10 - INFO - COM interface initialized successfully
2025-07-15 14:19:16 - INFO - COM interface availability: True
2025-07-15 14:19:16 - INFO - Starting COM interface initialization...
2025-07-15 14:19:16 - INFO - COM interface initialized successfully
2025-07-15 14:19:18 - INFO - COM interface availability: True
2025-07-15 14:19:18 - INFO - Starting COM interface initialization...
2025-07-15 14:19:18 - INFO - COM interface initialized successfully
2025-07-15 14:19:20 - INFO - COM interface availability: True
2025-07-15 14:19:20 - INFO - Starting COM interface initialization...
2025-07-15 14:19:20 - INFO - COM interface initialized successfully
2025-07-15 14:19:21 - INFO - COM interface availability: True
2025-07-15 14:19:21 - INFO - Starting COM interface initialization...
2025-07-15 14:19:21 - INFO - COM interface initialized successfully
2025-07-15 14:19:26 - INFO - COM interface availability: True
2025-07-15 14:19:26 - INFO - Starting COM interface initialization...
2025-07-15 14:19:26 - INFO - COM interface initialized successfully
2025-07-15 14:19:51 - INFO - COM interface availability: True
2025-07-15 14:19:51 - INFO - Starting COM interface initialization...
2025-07-15 14:19:51 - INFO - COM interface initialized successfully
2025-07-15 14:19:56 - INFO - COM interface availability: True
2025-07-15 14:19:56 - INFO - Starting COM interface initialization...
2025-07-15 14:19:56 - INFO - COM interface initialized successfully
2025-07-15 14:21:57 - INFO - COM interface availability: True
2025-07-15 14:23:57 - INFO - COM interface availability: True
2025-07-15 14:24:42 - INFO - COM interface availability: True
2025-07-15 14:24:42 - INFO - Starting COM interface initialization...
2025-07-15 14:24:42 - INFO - COM interface initialized successfully
2025-07-15 14:24:44 - INFO - COM interface availability: True
2025-07-15 14:24:44 - INFO - Starting COM interface initialization...
2025-07-15 14:24:44 - INFO - COM interface initialized successfully
2025-07-15 14:26:47 - INFO - COM interface availability: True
2025-07-15 14:28:47 - INFO - COM interface availability: True
2025-07-15 14:30:47 - INFO - COM interface availability: True
2025-07-15 14:32:47 - INFO - COM interface availability: True
2025-07-15 14:34:47 - INFO - COM interface availability: True
2025-07-15 14:36:47 - INFO - COM interface availability: True
2025-07-15 14:38:47 - INFO - COM interface availability: True
2025-07-15 14:39:54 - INFO - COM interface availability: True
2025-07-15 14:39:54 - INFO - Starting COM interface initialization...
2025-07-15 14:39:54 - INFO - COM interface initialized successfully
2025-07-15 14:41:55 - INFO - COM interface availability: True
2025-07-15 14:43:38 - INFO - COM interface availability: True
2025-07-15 14:43:38 - INFO - Starting COM interface initialization...
2025-07-15 14:43:38 - INFO - COM interface initialized successfully
2025-07-15 14:43:48 - INFO - COM interface availability: True
2025-07-15 14:43:48 - INFO - Starting COM interface initialization...
2025-07-15 14:43:48 - INFO - COM interface initialized successfully
2025-07-15 14:43:51 - INFO - COM interface availability: True
2025-07-15 14:43:51 - INFO - Starting COM interface initialization...
2025-07-15 14:43:51 - INFO - COM interface initialized successfully
2025-07-15 14:43:52 - INFO - COM interface availability: True
2025-07-15 14:43:52 - INFO - Starting COM interface initialization...
2025-07-15 14:43:52 - INFO - COM interface initialized successfully
2025-07-15 14:45:52 - INFO - COM interface availability: True
2025-07-15 14:47:52 - INFO - COM interface availability: True
2025-07-15 14:49:52 - INFO - COM interface availability: True
2025-07-15 14:51:52 - INFO - COM interface availability: True
2025-07-15 14:52:10 - INFO - COM interface availability: True
2025-07-15 14:52:10 - INFO - Starting COM interface initialization...
2025-07-15 14:52:10 - INFO - COM interface initialized successfully
2025-07-15 14:52:15 - INFO - COM interface availability: True
2025-07-15 14:52:15 - INFO - Starting COM interface initialization...
2025-07-15 14:52:15 - INFO - COM interface initialized successfully
2025-07-15 14:52:16 - INFO - COM interface availability: True
2025-07-15 14:52:16 - INFO - Starting COM interface initialization...
2025-07-15 14:52:16 - INFO - COM interface initialized successfully
2025-07-15 14:52:16 - INFO - COM interface availability: True
2025-07-15 14:52:16 - INFO - Starting COM interface initialization...
2025-07-15 14:52:16 - INFO - COM interface initialized successfully
2025-07-15 14:52:17 - INFO - COM interface availability: True
2025-07-15 14:52:17 - INFO - Starting COM interface initialization...
2025-07-15 14:52:17 - INFO - COM interface initialized successfully
2025-07-15 14:52:20 - INFO - COM interface availability: True
2025-07-15 14:52:20 - INFO - Starting COM interface initialization...
2025-07-15 14:52:20 - INFO - COM interface initialized successfully
2025-07-15 14:52:26 - INFO - COM interface availability: True
2025-07-15 14:52:26 - INFO - Starting COM interface initialization...
2025-07-15 14:52:26 - INFO - COM interface initialized successfully
2025-07-15 14:52:26 - INFO - COM interface availability: True
2025-07-15 14:52:26 - INFO - Starting COM interface initialization...
2025-07-15 14:52:27 - INFO - COM interface initialized successfully
2025-07-15 14:52:27 - INFO - COM interface availability: True
2025-07-15 14:52:27 - INFO - Starting COM interface initialization...
2025-07-15 14:52:27 - INFO - COM interface initialized successfully
2025-07-15 14:53:31 - INFO - COM interface availability: True
2025-07-15 14:53:31 - INFO - Starting COM interface initialization...
2025-07-15 14:53:31 - INFO - COM interface initialized successfully
2025-07-15 14:53:34 - INFO - COM interface availability: True
2025-07-15 14:53:34 - INFO - Starting COM interface initialization...
2025-07-15 14:53:34 - INFO - COM interface initialized successfully
2025-07-15 14:53:35 - INFO - COM interface availability: True
2025-07-15 14:53:35 - INFO - Starting COM interface initialization...
2025-07-15 14:53:35 - INFO - COM interface initialized successfully
2025-07-15 14:53:36 - INFO - COM interface availability: True
2025-07-15 14:53:36 - INFO - Starting COM interface initialization...
2025-07-15 14:53:36 - INFO - COM interface initialized successfully
2025-07-15 14:55:37 - INFO - COM interface availability: True
2025-07-15 14:57:37 - INFO - COM interface availability: True
2025-07-15 14:58:47 - INFO - COM interface availability: True
2025-07-15 14:58:47 - INFO - Starting COM interface initialization...
2025-07-15 14:58:47 - INFO - COM interface initialized successfully
2025-07-15 15:00:48 - INFO - COM interface availability: True
2025-07-15 15:02:48 - INFO - COM interface availability: True
2025-07-15 15:04:48 - INFO - COM interface availability: True
2025-07-15 15:06:48 - INFO - COM interface availability: True
2025-07-15 15:08:42 - INFO - COM interface availability: True
2025-07-15 15:08:42 - INFO - Starting COM interface initialization...
2025-07-15 15:08:42 - INFO - COM interface initialized successfully
2025-07-15 15:10:42 - INFO - COM interface availability: True
2025-07-15 15:12:42 - INFO - COM interface availability: True
2025-07-15 15:14:18 - INFO - COM interface availability: True
2025-07-15 15:14:18 - INFO - Starting COM interface initialization...
2025-07-15 15:14:18 - INFO - COM interface initialized successfully
2025-07-15 15:16:19 - INFO - COM interface availability: True
2025-07-15 15:18:18 - INFO - COM interface availability: True
2025-07-15 15:20:18 - INFO - COM interface availability: True
2025-07-15 15:22:18 - INFO - COM interface availability: True
2025-07-15 15:24:18 - INFO - COM interface availability: True
2025-07-15 15:26:18 - INFO - COM interface availability: True
2025-07-15 15:28:18 - INFO - COM interface availability: True
2025-07-15 15:30:18 - INFO - COM interface availability: True
2025-07-15 15:32:18 - INFO - COM interface availability: True
2025-07-15 15:34:18 - INFO - COM interface availability: True
2025-07-15 15:36:18 - INFO - COM interface availability: True
2025-07-15 15:38:18 - INFO - COM interface availability: True
2025-07-15 15:40:18 - INFO - COM interface availability: True
2025-07-15 15:42:19 - INFO - COM interface availability: True
2025-07-15 15:44:19 - INFO - COM interface availability: True
2025-07-15 15:46:19 - INFO - COM interface availability: True
2025-07-15 15:48:19 - INFO - COM interface availability: True
2025-07-15 15:50:19 - INFO - COM interface availability: True
2025-07-15 15:52:19 - INFO - COM interface availability: True
2025-07-15 15:54:19 - INFO - COM interface availability: True
2025-07-15 15:56:19 - INFO - COM interface availability: True
2025-07-15 15:58:19 - INFO - COM interface availability: True
2025-07-15 16:00:19 - INFO - COM interface availability: True
2025-07-15 16:02:19 - INFO - COM interface availability: True
2025-07-15 16:04:19 - INFO - COM interface availability: True
2025-07-15 16:06:19 - INFO - COM interface availability: True
2025-07-15 16:08:19 - INFO - COM interface availability: True
2025-07-15 16:10:19 - INFO - COM interface availability: True
2025-07-15 16:12:19 - INFO - COM interface availability: True
2025-07-15 16:14:19 - INFO - COM interface availability: True
2025-07-15 16:14:58 - INFO - COM interface availability: True
2025-07-15 16:14:58 - INFO - Starting COM interface initialization...
2025-07-15 16:14:58 - INFO - COM interface initialized successfully
2025-07-15 16:15:47 - INFO - COM interface availability: True
2025-07-15 16:15:47 - INFO - Starting COM interface initialization...
2025-07-15 16:15:47 - INFO - COM interface initialized successfully
2025-07-15 16:16:07 - INFO - COM interface availability: True
2025-07-15 16:16:12 - INFO - COM interface availability: True
2025-07-15 16:16:12 - INFO - Starting COM interface initialization...
2025-07-15 16:16:12 - INFO - COM interface initialized successfully
2025-07-15 16:16:33 - INFO - COM interface availability: True
2025-07-15 16:16:37 - INFO - COM interface availability: True
2025-07-15 16:16:37 - INFO - Starting COM interface initialization...
2025-07-15 16:16:37 - INFO - COM interface initialized successfully
2025-07-15 16:16:57 - INFO - COM interface availability: True
2025-07-15 16:17:08 - INFO - COM interface availability: True
2025-07-15 16:17:08 - INFO - Starting COM interface initialization...
2025-07-15 16:17:08 - INFO - COM interface initialized successfully
2025-07-15 16:17:12 - INFO - COM interface availability: True
2025-07-15 16:17:12 - INFO - Starting COM interface initialization...
2025-07-15 16:17:12 - INFO - COM interface initialized successfully
2025-07-15 16:17:32 - INFO - COM interface availability: True
2025-07-15 16:17:52 - INFO - COM interface availability: True
2025-07-15 16:18:03 - INFO - COM interface availability: True
2025-07-15 16:18:03 - INFO - Starting COM interface initialization...
2025-07-15 16:18:03 - INFO - COM interface initialized successfully
2025-07-15 16:18:23 - INFO - COM interface availability: True
2025-07-15 16:18:39 - INFO - COM interface availability: True
2025-07-15 16:18:39 - INFO - Starting COM interface initialization...
2025-07-15 16:18:39 - INFO - COM interface initialized successfully
2025-07-15 16:18:42 - INFO - COM interface availability: True
2025-07-15 16:18:43 - INFO - COM interface availability: True
2025-07-15 16:18:43 - INFO - Starting COM interface initialization...
2025-07-15 16:18:43 - INFO - COM interface initialized successfully
2025-07-15 16:18:45 - INFO - COM interface availability: True
2025-07-15 16:18:47 - INFO - COM interface availability: True
2025-07-15 16:18:47 - INFO - Starting COM interface initialization...
2025-07-15 16:18:47 - INFO - COM interface initialized successfully
2025-07-15 16:18:49 - INFO - COM interface availability: True
2025-07-15 16:18:50 - INFO - COM interface availability: True
2025-07-15 16:18:50 - INFO - Starting COM interface initialization...
2025-07-15 16:18:50 - INFO - COM interface initialized successfully
2025-07-15 16:18:53 - INFO - COM interface availability: True
2025-07-15 16:18:54 - INFO - COM interface availability: True
2025-07-15 16:18:54 - INFO - Starting COM interface initialization...
2025-07-15 16:18:54 - INFO - COM interface initialized successfully
2025-07-15 16:18:56 - INFO - COM interface availability: True
2025-07-15 16:18:57 - INFO - COM interface availability: True
2025-07-15 16:18:57 - INFO - Starting COM interface initialization...
2025-07-15 16:18:57 - INFO - COM interface initialized successfully
2025-07-15 16:18:59 - INFO - COM interface availability: True
2025-07-15 16:19:00 - INFO - COM interface availability: True
2025-07-15 16:19:00 - INFO - Starting COM interface initialization...
2025-07-15 16:19:00 - INFO - COM interface initialized successfully
2025-07-15 16:19:02 - INFO - COM interface availability: True
2025-07-15 16:19:03 - INFO - COM interface availability: True
2025-07-15 16:19:03 - INFO - Starting COM interface initialization...
2025-07-15 16:19:03 - INFO - COM interface initialized successfully
2025-07-15 16:19:06 - INFO - COM interface availability: True
2025-07-15 16:19:07 - INFO - COM interface availability: True
2025-07-15 16:19:07 - INFO - Starting COM interface initialization...
2025-07-15 16:19:07 - INFO - COM interface initialized successfully
2025-07-15 16:19:09 - INFO - COM interface availability: True
2025-07-15 16:19:11 - INFO - COM interface availability: True
2025-07-15 16:19:13 - INFO - COM interface availability: True
2025-07-15 16:19:15 - INFO - COM interface availability: True
2025-07-15 16:19:18 - INFO - COM interface availability: True
2025-07-15 16:19:20 - INFO - COM interface availability: True
2025-07-15 16:19:22 - INFO - COM interface availability: True
2025-07-15 16:19:24 - INFO - COM interface availability: True
2025-07-15 16:19:26 - INFO - COM interface availability: True
2025-07-15 16:19:28 - INFO - COM interface availability: True
2025-07-15 16:19:30 - INFO - COM interface availability: True
2025-07-15 16:19:32 - INFO - COM interface availability: True
2025-07-15 16:19:34 - INFO - COM interface availability: True
2025-07-15 16:19:36 - INFO - COM interface availability: True
2025-07-15 16:19:38 - INFO - COM interface availability: True
2025-07-15 16:19:39 - INFO - COM interface availability: True
2025-07-15 16:19:41 - INFO - COM interface availability: True
2025-07-15 16:19:41 - INFO - COM interface availability: True
2025-07-15 16:19:41 - INFO - Starting COM interface initialization...
2025-07-15 16:19:41 - INFO - COM interface initialized successfully
2025-07-15 16:19:43 - INFO - COM interface availability: True
2025-07-15 16:19:45 - INFO - COM interface availability: True
2025-07-15 16:19:47 - INFO - COM interface availability: True
2025-07-15 16:19:49 - INFO - COM interface availability: True
2025-07-15 16:19:51 - INFO - COM interface availability: True
2025-07-15 16:19:54 - INFO - COM interface availability: True
2025-07-15 16:19:56 - INFO - COM interface availability: True
2025-07-15 16:20:04 - INFO - COM interface availability: True
2025-07-15 16:20:06 - INFO - COM interface availability: True
2025-07-15 16:20:08 - INFO - COM interface availability: True
2025-07-15 16:20:10 - INFO - COM interface availability: True
2025-07-15 16:20:12 - INFO - COM interface availability: True
2025-07-15 16:20:14 - INFO - COM interface availability: True
2025-07-15 16:20:16 - INFO - COM interface availability: True
2025-07-15 16:20:18 - INFO - COM interface availability: True
2025-07-15 16:20:20 - INFO - COM interface availability: True
2025-07-15 16:20:22 - INFO - COM interface availability: True
2025-07-15 16:20:23 - INFO - COM interface availability: True
2025-07-15 16:20:25 - INFO - COM interface availability: True
2025-07-15 16:20:25 - INFO - Starting COM interface initialization...
2025-07-15 16:20:25 - INFO - COM interface initialized successfully
2025-07-15 16:20:45 - INFO - COM interface availability: True
2025-07-15 16:21:06 - INFO - COM interface availability: True
2025-07-15 16:21:16 - INFO - COM interface availability: True
2025-07-15 16:21:16 - INFO - Starting COM interface initialization...
2025-07-15 16:21:16 - INFO - COM interface initialized successfully
2025-07-15 16:21:37 - INFO - COM interface availability: True
2025-07-15 16:21:57 - INFO - COM interface availability: True
2025-07-15 16:22:00 - INFO - COM interface availability: True
2025-07-15 16:22:00 - INFO - Starting COM interface initialization...
2025-07-15 16:22:00 - INFO - COM interface initialized successfully
2025-07-15 16:22:21 - INFO - COM interface availability: True
2025-07-15 16:22:41 - INFO - COM interface availability: True
2025-07-15 16:23:01 - INFO - COM interface availability: True
2025-07-15 16:23:21 - INFO - COM interface availability: True
2025-07-15 16:23:41 - INFO - COM interface availability: True
2025-07-15 16:24:01 - INFO - COM interface availability: True
2025-07-15 16:24:21 - INFO - COM interface availability: True
2025-07-15 16:24:41 - INFO - COM interface availability: True
2025-07-15 16:25:01 - INFO - COM interface availability: True
2025-07-15 16:25:21 - INFO - COM interface availability: True
2025-07-15 16:25:30 - INFO - COM interface availability: True
2025-07-15 16:25:30 - INFO - Starting COM interface initialization...
2025-07-15 16:25:30 - INFO - COM interface initialized successfully
2025-07-15 16:25:32 - INFO - COM interface availability: True
2025-07-15 16:25:34 - INFO - COM interface availability: True
2025-07-15 16:25:36 - INFO - COM interface availability: True
2025-07-15 16:25:38 - INFO - COM interface availability: True
2025-07-15 16:25:40 - INFO - COM interface availability: True
2025-07-15 16:25:42 - INFO - COM interface availability: True
2025-07-15 16:25:44 - INFO - COM interface availability: True
2025-07-15 16:25:46 - INFO - COM interface availability: True
2025-07-15 16:25:48 - INFO - COM interface availability: True
2025-07-15 16:25:48 - INFO - COM interface availability: True
2025-07-15 16:25:48 - INFO - Starting COM interface initialization...
2025-07-15 16:25:48 - INFO - COM interface initialized successfully
2025-07-15 16:26:01 - INFO - COM interface availability: True
2025-07-15 16:26:13 - INFO - COM interface availability: True
2025-07-15 16:26:25 - INFO - COM interface availability: True
2025-07-15 16:26:37 - INFO - COM interface availability: True
2025-07-15 16:26:49 - INFO - COM interface availability: True
2025-07-15 16:27:01 - INFO - COM interface availability: True
2025-07-15 16:27:13 - INFO - COM interface availability: True
2025-07-15 16:27:25 - INFO - COM interface availability: True
2025-07-15 16:27:37 - INFO - COM interface availability: True
2025-07-15 16:27:49 - INFO - COM interface availability: True
2025-07-15 16:28:01 - INFO - COM interface availability: True
2025-07-15 16:28:13 - INFO - COM interface availability: True
2025-07-15 16:28:25 - INFO - COM interface availability: True
2025-07-15 16:28:37 - INFO - COM interface availability: True
2025-07-15 16:28:49 - INFO - COM interface availability: True
2025-07-15 16:29:01 - INFO - COM interface availability: True
2025-07-15 16:29:13 - INFO - COM interface availability: True
2025-07-15 16:29:25 - INFO - COM interface availability: True
2025-07-15 16:29:37 - INFO - COM interface availability: True
2025-07-15 16:29:49 - INFO - COM interface availability: True
2025-07-15 16:29:55 - INFO - COM interface availability: True
2025-07-15 16:29:55 - INFO - Starting COM interface initialization...
2025-07-15 16:29:55 - INFO - COM interface initialized successfully
2025-07-15 16:30:08 - INFO - COM interface availability: True
2025-07-15 16:30:20 - INFO - COM interface availability: True
2025-07-15 16:30:32 - INFO - COM interface availability: True
2025-07-15 16:30:40 - INFO - COM interface availability: True
2025-07-15 16:30:40 - INFO - Starting COM interface initialization...
2025-07-15 16:30:40 - INFO - COM interface initialized successfully
2025-07-15 16:30:44 - INFO - COM interface availability: True
2025-07-15 16:30:44 - INFO - Starting COM interface initialization...
2025-07-15 16:30:44 - INFO - COM interface initialized successfully
2025-07-15 16:30:56 - INFO - COM interface availability: True
2025-07-15 16:31:08 - INFO - COM interface availability: True
2025-07-15 16:31:20 - INFO - COM interface availability: True
2025-07-15 16:31:32 - INFO - COM interface availability: True
2025-07-15 16:31:44 - INFO - COM interface availability: True
2025-07-15 16:31:52 - INFO - COM interface availability: True
2025-07-15 16:31:52 - INFO - Starting COM interface initialization...
2025-07-15 16:31:52 - INFO - COM interface initialized successfully
2025-07-15 16:31:56 - INFO - COM interface availability: True
2025-07-15 16:32:08 - INFO - COM interface availability: True
2025-07-15 16:32:20 - INFO - COM interface availability: True
2025-07-15 16:32:21 - INFO - COM interface availability: True
2025-07-15 16:32:21 - INFO - Starting COM interface initialization...
2025-07-15 16:32:21 - INFO - COM interface initialized successfully
2025-07-15 16:32:23 - INFO - COM interface availability: True
2025-07-15 16:32:23 - INFO - Starting COM interface initialization...
2025-07-15 16:32:23 - INFO - COM interface initialized successfully
2025-07-15 16:32:29 - INFO - COM interface availability: True
2025-07-15 16:32:29 - INFO - Starting COM interface initialization...
2025-07-15 16:32:29 - INFO - COM interface initialized successfully
2025-07-15 16:32:33 - INFO - COM interface availability: True
2025-07-15 16:32:37 - INFO - COM interface availability: True
2025-07-15 16:32:37 - INFO - Starting COM interface initialization...
2025-07-15 16:32:37 - INFO - COM interface initialized successfully
2025-07-15 16:32:45 - INFO - COM interface availability: True
2025-07-15 16:32:46 - INFO - COM interface availability: True
2025-07-15 16:32:46 - INFO - Starting COM interface initialization...
2025-07-15 16:32:46 - INFO - COM interface initialized successfully
2025-07-15 16:32:52 - INFO - COM interface availability: True
2025-07-15 16:32:52 - INFO - Starting COM interface initialization...
2025-07-15 16:32:52 - INFO - COM interface initialized successfully
2025-07-15 16:32:57 - INFO - COM interface availability: True
2025-07-15 16:32:57 - INFO - COM interface availability: True
2025-07-15 16:32:57 - INFO - Starting COM interface initialization...
2025-07-15 16:32:57 - INFO - COM interface initialized successfully
2025-07-15 16:33:01 - INFO - COM interface availability: True
2025-07-15 16:33:01 - INFO - Starting COM interface initialization...
2025-07-15 16:33:01 - INFO - COM interface initialized successfully
2025-07-15 16:33:06 - INFO - COM interface availability: True
2025-07-15 16:33:06 - INFO - Starting COM interface initialization...
2025-07-15 16:33:06 - INFO - COM interface initialized successfully
2025-07-15 16:33:08 - INFO - COM interface availability: True
2025-07-15 16:33:08 - INFO - Starting COM interface initialization...
2025-07-15 16:33:08 - INFO - COM interface initialized successfully
2025-07-15 16:33:09 - INFO - COM interface availability: True
2025-07-15 16:33:13 - INFO - COM interface availability: True
2025-07-15 16:33:13 - INFO - Starting COM interface initialization...
2025-07-15 16:33:13 - INFO - COM interface initialized successfully
2025-07-15 16:33:21 - INFO - COM interface availability: True
2025-07-15 16:33:33 - INFO - COM interface availability: True
2025-07-15 16:33:36 - INFO - COM interface availability: True
2025-07-15 16:33:36 - INFO - Starting COM interface initialization...
2025-07-15 16:33:36 - INFO - COM interface initialized successfully
2025-07-15 16:33:57 - INFO - COM interface availability: True
2025-07-15 16:34:17 - INFO - COM interface availability: True
2025-07-15 16:34:37 - INFO - COM interface availability: True
2025-07-15 16:34:56 - INFO - COM interface availability: True
2025-07-15 16:35:16 - INFO - COM interface availability: True
2025-07-15 16:35:37 - INFO - COM interface availability: True
2025-07-15 16:35:57 - INFO - COM interface availability: True
2025-07-15 16:36:16 - INFO - COM interface availability: True
2025-07-15 16:36:36 - INFO - COM interface availability: True
2025-07-15 16:36:56 - INFO - COM interface availability: True
2025-07-15 16:37:17 - INFO - COM interface availability: True
2025-07-15 16:37:37 - INFO - COM interface availability: True
2025-07-15 16:37:56 - INFO - COM interface availability: True
2025-07-15 16:38:17 - INFO - COM interface availability: True
2025-07-15 16:38:37 - INFO - COM interface availability: True
2025-07-15 16:38:57 - INFO - COM interface availability: True
2025-07-15 16:39:17 - INFO - COM interface availability: True
2025-07-15 16:39:36 - INFO - COM interface availability: True
2025-07-15 16:39:56 - INFO - COM interface availability: True
2025-07-15 16:40:17 - INFO - COM interface availability: True
2025-07-15 16:40:37 - INFO - COM interface availability: True
2025-07-15 16:40:57 - INFO - COM interface availability: True
2025-07-15 16:41:31 - INFO - COM interface availability: True
2025-07-15 16:41:39 - INFO - COM interface availability: True
2025-07-15 16:41:56 - INFO - COM interface availability: True
2025-07-15 16:42:16 - INFO - COM interface availability: True
2025-07-15 16:42:36 - INFO - COM interface availability: True
2025-07-15 16:42:56 - INFO - COM interface availability: True
2025-07-15 16:43:17 - INFO - COM interface availability: True
2025-07-15 16:43:37 - INFO - COM interface availability: True
2025-07-15 16:43:57 - INFO - COM interface availability: True
2025-07-15 16:44:16 - INFO - COM interface availability: True
2025-07-15 16:44:22 - INFO - COM interface availability: True
2025-07-15 16:44:22 - INFO - Starting COM interface initialization...
2025-07-15 16:44:22 - INFO - COM interface initialized successfully
2025-07-15 16:44:42 - INFO - COM interface availability: True
2025-07-15 16:45:02 - INFO - COM interface availability: True
2025-07-15 16:45:22 - INFO - COM interface availability: True
2025-07-15 16:45:42 - INFO - COM interface availability: True
2025-07-15 16:46:02 - INFO - COM interface availability: True
2025-07-15 16:46:22 - INFO - COM interface availability: True
2025-07-15 16:46:42 - INFO - COM interface availability: True
2025-07-15 16:47:02 - INFO - COM interface availability: True
2025-07-15 16:47:22 - INFO - COM interface availability: True
2025-07-15 16:47:42 - INFO - COM interface availability: True
2025-07-15 16:47:50 - INFO - COM interface availability: True
2025-07-15 16:47:50 - INFO - Starting COM interface initialization...
2025-07-15 16:47:50 - INFO - COM interface initialized successfully
2025-07-15 16:48:11 - INFO - COM interface availability: True
2025-07-15 16:48:31 - INFO - COM interface availability: True
2025-07-15 16:48:52 - INFO - COM interface availability: True
2025-07-15 16:49:12 - INFO - COM interface availability: True
2025-07-15 16:49:32 - INFO - COM interface availability: True
2025-07-15 16:49:52 - INFO - COM interface availability: True
2025-07-15 16:50:31 - INFO - COM interface availability: True
2025-07-15 16:51:31 - INFO - COM interface availability: True
2025-07-15 16:52:31 - INFO - COM interface availability: True
2025-07-15 16:53:31 - INFO - COM interface availability: True
2025-07-15 16:54:31 - INFO - COM interface availability: True
2025-07-15 16:54:52 - INFO - COM interface availability: True
2025-07-15 16:55:12 - INFO - COM interface availability: True
2025-07-15 16:55:32 - INFO - COM interface availability: True
2025-07-15 16:56:31 - INFO - COM interface availability: True
2025-07-15 16:57:31 - INFO - COM interface availability: True
2025-07-15 16:58:11 - INFO - COM interface availability: True
2025-07-15 16:58:31 - INFO - COM interface availability: True
2025-07-15 16:58:51 - INFO - COM interface availability: True
2025-07-15 16:59:11 - INFO - COM interface availability: True
2025-07-15 16:59:32 - INFO - COM interface availability: True
2025-07-15 16:59:52 - INFO - COM interface availability: True
2025-07-15 17:00:12 - INFO - COM interface availability: True
2025-07-15 17:01:13 - INFO - COM interface availability: True
2025-07-15 17:02:14 - INFO - COM interface availability: True
2025-07-15 17:03:15 - INFO - COM interface availability: True
2025-07-15 17:04:16 - INFO - COM interface availability: True
2025-07-15 17:05:17 - INFO - COM interface availability: True
2025-07-15 17:06:18 - INFO - COM interface availability: True
2025-07-15 17:07:19 - INFO - COM interface availability: True
2025-07-15 17:08:20 - INFO - COM interface availability: True
2025-07-15 17:09:21 - INFO - COM interface availability: True
2025-07-15 17:10:22 - INFO - COM interface availability: True
2025-07-15 17:11:23 - INFO - COM interface availability: True
2025-07-15 17:12:24 - INFO - COM interface availability: True
2025-07-15 17:13:25 - INFO - COM interface availability: True
2025-07-15 17:14:26 - INFO - COM interface availability: True
2025-07-15 17:15:27 - INFO - COM interface availability: True
2025-07-15 17:16:28 - INFO - COM interface availability: True
2025-07-15 17:17:29 - INFO - COM interface availability: True
2025-07-15 17:18:30 - INFO - COM interface availability: True
2025-07-15 17:19:31 - INFO - COM interface availability: True
2025-07-15 17:20:31 - INFO - COM interface availability: True
2025-07-15 17:21:31 - INFO - COM interface availability: True
2025-07-15 17:22:31 - INFO - COM interface availability: True
2025-07-15 17:23:31 - INFO - COM interface availability: True
2025-07-15 17:24:31 - INFO - COM interface availability: True
2025-07-15 17:25:31 - INFO - COM interface availability: True
2025-07-15 17:26:31 - INFO - COM interface availability: True
2025-07-15 17:27:31 - INFO - COM interface availability: True
2025-07-15 17:28:31 - INFO - COM interface availability: True
2025-07-15 17:29:31 - INFO - COM interface availability: True
2025-07-15 17:30:31 - INFO - COM interface availability: True
2025-07-15 17:31:31 - INFO - COM interface availability: True
2025-07-15 17:32:31 - INFO - COM interface availability: True
2025-07-15 17:33:31 - INFO - COM interface availability: True
2025-07-15 17:34:31 - INFO - COM interface availability: True
2025-07-15 17:35:31 - INFO - COM interface availability: True
2025-07-15 17:36:31 - INFO - COM interface availability: True
2025-07-15 17:37:31 - INFO - COM interface availability: True
2025-07-15 17:38:31 - INFO - COM interface availability: True
2025-07-15 17:39:31 - INFO - COM interface availability: True
2025-07-15 17:40:31 - INFO - COM interface availability: True
2025-07-15 17:41:31 - INFO - COM interface availability: True
2025-07-15 17:42:31 - INFO - COM interface availability: True
2025-07-15 17:43:31 - INFO - COM interface availability: True
2025-07-15 17:44:31 - INFO - COM interface availability: True
2025-07-15 17:45:31 - INFO - COM interface availability: True
2025-07-15 17:46:31 - INFO - COM interface availability: True
2025-07-15 17:47:31 - INFO - COM interface availability: True
2025-07-15 17:48:31 - INFO - COM interface availability: True
2025-07-15 17:49:31 - INFO - COM interface availability: True
2025-07-15 17:50:31 - INFO - COM interface availability: True
2025-07-15 17:51:31 - INFO - COM interface availability: True
2025-07-15 17:52:31 - INFO - COM interface availability: True
2025-07-15 17:53:31 - INFO - COM interface availability: True
2025-07-15 17:54:31 - INFO - COM interface availability: True
2025-07-15 17:55:31 - INFO - COM interface availability: True
2025-07-15 17:56:31 - INFO - COM interface availability: True
2025-07-15 17:57:31 - INFO - COM interface availability: True
2025-07-15 17:58:31 - INFO - COM interface availability: True
2025-07-15 17:59:31 - INFO - COM interface availability: True
2025-07-15 18:00:31 - INFO - COM interface availability: True
2025-07-15 18:01:31 - INFO - COM interface availability: True
2025-07-15 18:02:31 - INFO - COM interface availability: True
2025-07-15 18:03:31 - INFO - COM interface availability: True
2025-07-15 18:04:31 - INFO - COM interface availability: True
2025-07-15 18:05:31 - INFO - COM interface availability: True
2025-07-15 18:06:31 - INFO - COM interface availability: True
2025-07-15 18:07:31 - INFO - COM interface availability: True
2025-07-15 18:08:31 - INFO - COM interface availability: True
2025-07-15 18:09:31 - INFO - COM interface availability: True
2025-07-15 18:10:31 - INFO - COM interface availability: True
2025-07-15 18:11:31 - INFO - COM interface availability: True
2025-07-15 18:12:31 - INFO - COM interface availability: True
2025-07-15 18:13:31 - INFO - COM interface availability: True
2025-07-15 18:14:31 - INFO - COM interface availability: True
2025-07-15 18:15:31 - INFO - COM interface availability: True
2025-07-15 18:16:31 - INFO - COM interface availability: True
2025-07-15 18:17:31 - INFO - COM interface availability: True
2025-07-15 18:18:33 - INFO - COM interface availability: True
2025-07-15 21:04:09 - INFO - COM interface availability: True
2025-07-15 21:04:11 - INFO - COM interface availability: True
2025-07-15 21:05:43 - INFO - COM interface availability: True
2025-07-15 21:05:43 - INFO - Starting COM interface initialization...
2025-07-15 21:05:44 - INFO - COM interface initialized successfully
2025-07-15 21:06:06 - INFO - COM interface availability: True
2025-07-15 21:06:27 - INFO - COM interface availability: True
2025-07-15 21:06:47 - INFO - COM interface availability: True
2025-07-15 21:07:07 - INFO - COM interface availability: True
2025-07-15 21:07:27 - INFO - COM interface availability: True
2025-07-15 21:07:47 - INFO - COM interface availability: True
2025-07-15 21:08:31 - INFO - COM interface availability: True
2025-07-15 21:09:31 - INFO - COM interface availability: True
2025-07-15 21:10:31 - INFO - COM interface availability: True
2025-07-15 21:11:31 - INFO - COM interface availability: True
2025-07-15 21:12:31 - INFO - COM interface availability: True
2025-07-15 21:13:31 - INFO - COM interface availability: True
2025-07-15 21:14:31 - INFO - COM interface availability: True
2025-07-15 21:15:31 - INFO - COM interface availability: True
2025-07-15 21:16:31 - INFO - COM interface availability: True
2025-07-15 21:17:31 - INFO - COM interface availability: True
2025-07-15 21:18:31 - INFO - COM interface availability: True
2025-07-15 21:19:31 - INFO - COM interface availability: True
2025-07-15 21:20:31 - INFO - COM interface availability: True
2025-07-15 21:21:31 - INFO - COM interface availability: True
2025-07-15 21:22:31 - INFO - COM interface availability: True
2025-07-15 21:23:31 - INFO - COM interface availability: True
2025-07-15 21:24:31 - INFO - COM interface availability: True
2025-07-15 21:24:57 - INFO - COM interface availability: True
2025-07-15 21:24:59 - INFO - COM interface availability: True
2025-07-15 21:24:59 - INFO - Starting COM interface initialization...
2025-07-15 21:24:59 - INFO - COM interface initialized successfully
2025-07-15 21:25:08 - INFO - COM interface availability: True
2025-07-15 21:25:08 - INFO - Starting COM interface initialization...
2025-07-15 21:25:08 - INFO - COM interface initialized successfully
2025-07-15 21:25:30 - INFO - COM interface availability: True
2025-07-15 21:25:50 - INFO - COM interface availability: True
2025-07-15 21:26:10 - INFO - COM interface availability: True
2025-07-15 21:26:30 - INFO - COM interface availability: True
2025-07-15 21:26:50 - INFO - COM interface availability: True
2025-07-15 21:27:10 - INFO - COM interface availability: True
2025-07-15 21:27:30 - INFO - COM interface availability: True
2025-07-15 21:27:50 - INFO - COM interface availability: True
2025-07-15 21:28:10 - INFO - COM interface availability: True
2025-07-15 21:28:30 - INFO - COM interface availability: True
2025-07-15 21:28:50 - INFO - COM interface availability: True
2025-07-15 21:29:10 - INFO - COM interface availability: True
2025-07-15 21:29:30 - INFO - COM interface availability: True
2025-07-15 21:29:50 - INFO - COM interface availability: True
2025-07-15 21:30:10 - INFO - COM interface availability: True
2025-07-15 21:30:30 - INFO - COM interface availability: True
2025-07-15 21:30:44 - INFO - COM interface availability: True
2025-07-15 21:30:44 - INFO - Starting COM interface initialization...
2025-07-15 21:30:44 - INFO - COM interface initialized successfully
2025-07-15 21:38:24 - INFO - COM interface availability: True
2025-07-15 21:38:24 - INFO - Starting COM interface initialization...
2025-07-15 21:38:24 - INFO - COM interface initialized successfully
2025-07-15 21:38:45 - INFO - COM interface availability: True
2025-07-15 21:39:05 - INFO - COM interface availability: True
2025-07-15 21:39:25 - INFO - COM interface availability: True
2025-07-15 21:39:45 - INFO - COM interface availability: True
2025-07-15 21:40:05 - INFO - COM interface availability: True
2025-07-15 21:40:25 - INFO - COM interface availability: True
2025-07-15 21:40:45 - INFO - COM interface availability: True
2025-07-15 21:41:05 - INFO - COM interface availability: True
2025-07-15 21:41:25 - INFO - COM interface availability: True
2025-07-15 21:41:45 - INFO - COM interface availability: True
2025-07-15 21:42:05 - INFO - COM interface availability: True
2025-07-15 21:42:25 - INFO - COM interface availability: True
2025-07-15 21:42:45 - INFO - COM interface availability: True
2025-07-15 21:43:05 - INFO - COM interface availability: True
2025-07-15 21:43:25 - INFO - COM interface availability: True
2025-07-15 21:43:45 - INFO - COM interface availability: True
2025-07-15 21:44:05 - INFO - COM interface availability: True
2025-07-15 21:44:25 - INFO - COM interface availability: True
2025-07-15 21:44:45 - INFO - COM interface availability: True
2025-07-15 21:45:05 - INFO - COM interface availability: True
2025-07-15 21:45:25 - INFO - COM interface availability: True
2025-07-15 21:45:45 - INFO - COM interface availability: True
2025-07-15 21:46:05 - INFO - COM interface availability: True
2025-07-15 21:46:25 - INFO - COM interface availability: True
2025-07-15 21:46:45 - INFO - COM interface availability: True
2025-07-15 21:47:05 - INFO - COM interface availability: True
2025-07-15 21:47:25 - INFO - COM interface availability: True
2025-07-15 21:47:45 - INFO - COM interface availability: True
2025-07-15 21:48:05 - INFO - COM interface availability: True
2025-07-15 21:48:25 - INFO - COM interface availability: True
2025-07-15 21:48:45 - INFO - COM interface availability: True
2025-07-15 21:49:05 - INFO - COM interface availability: True
2025-07-15 21:49:25 - INFO - COM interface availability: True
2025-07-15 21:49:45 - INFO - COM interface availability: True
2025-07-15 21:50:05 - INFO - COM interface availability: True
2025-07-15 21:50:25 - INFO - COM interface availability: True
2025-07-15 21:50:45 - INFO - COM interface availability: True
2025-07-15 21:51:05 - INFO - COM interface availability: True
2025-07-15 21:51:25 - INFO - COM interface availability: True
2025-07-15 21:51:46 - INFO - COM interface availability: True
2025-07-15 21:52:05 - INFO - COM interface availability: True
2025-07-15 21:52:25 - INFO - COM interface availability: True
2025-07-15 21:52:45 - INFO - COM interface availability: True
2025-07-15 21:53:05 - INFO - COM interface availability: True
2025-07-15 21:53:25 - INFO - COM interface availability: True
2025-07-15 21:53:45 - INFO - COM interface availability: True
2025-07-15 21:54:05 - INFO - COM interface availability: True
2025-07-15 21:54:25 - INFO - COM interface availability: True
2025-07-15 21:54:45 - INFO - COM interface availability: True
2025-07-15 21:55:05 - INFO - COM interface availability: True
2025-07-15 21:55:25 - INFO - COM interface availability: True
2025-07-15 21:55:45 - INFO - COM interface availability: True
2025-07-15 21:56:05 - INFO - COM interface availability: True
2025-07-15 21:56:25 - INFO - COM interface availability: True
2025-07-15 21:56:45 - INFO - COM interface availability: True
2025-07-15 21:57:05 - INFO - COM interface availability: True
2025-07-15 21:57:25 - INFO - COM interface availability: True
2025-07-15 21:57:45 - INFO - COM interface availability: True
2025-07-15 21:58:05 - INFO - COM interface availability: True
2025-07-15 21:58:25 - INFO - COM interface availability: True
2025-07-15 21:58:45 - INFO - COM interface availability: True
2025-07-15 21:59:05 - INFO - COM interface availability: True
2025-07-15 21:59:25 - INFO - COM interface availability: True
2025-07-15 21:59:45 - INFO - COM interface availability: True
2025-07-15 22:00:05 - INFO - COM interface availability: True
2025-07-15 22:00:25 - INFO - COM interface availability: True
2025-07-15 22:00:45 - INFO - COM interface availability: True
2025-07-15 22:01:05 - INFO - COM interface availability: True
2025-07-15 22:01:25 - INFO - COM interface availability: True
2025-07-15 22:01:45 - INFO - COM interface availability: True
2025-07-15 22:02:05 - INFO - COM interface availability: True
2025-07-15 22:02:25 - INFO - COM interface availability: True
2025-07-15 22:02:45 - INFO - COM interface availability: True
2025-07-15 22:03:05 - INFO - COM interface availability: True
2025-07-15 22:03:25 - INFO - COM interface availability: True
2025-07-15 22:03:45 - INFO - COM interface availability: True
2025-07-15 22:04:05 - INFO - COM interface availability: True
2025-07-15 22:04:25 - INFO - COM interface availability: True
2025-07-15 22:04:45 - INFO - COM interface availability: True
2025-07-15 22:05:05 - INFO - COM interface availability: True
2025-07-15 22:05:25 - INFO - COM interface availability: True
2025-07-15 22:05:45 - INFO - COM interface availability: True
2025-07-15 22:06:05 - INFO - COM interface availability: True
2025-07-15 22:06:25 - INFO - COM interface availability: True
2025-07-15 22:06:45 - INFO - COM interface availability: True
2025-07-15 22:07:05 - INFO - COM interface availability: True
2025-07-15 22:07:25 - INFO - COM interface availability: True
2025-07-15 22:07:45 - INFO - COM interface availability: True
2025-07-15 22:08:05 - INFO - COM interface availability: True
2025-07-15 22:08:25 - INFO - COM interface availability: True
2025-07-15 22:08:45 - INFO - COM interface availability: True
2025-07-15 22:09:05 - INFO - COM interface availability: True
2025-07-15 22:09:25 - INFO - COM interface availability: True
2025-07-15 22:09:45 - INFO - COM interface availability: True
2025-07-15 22:10:05 - INFO - COM interface availability: True
2025-07-15 22:10:25 - INFO - COM interface availability: True
2025-07-15 22:10:45 - INFO - COM interface availability: True
2025-07-15 22:11:05 - INFO - COM interface availability: True
2025-07-15 22:11:25 - INFO - COM interface availability: True
2025-07-15 22:11:45 - INFO - COM interface availability: True
2025-07-15 22:12:05 - INFO - COM interface availability: True
2025-07-15 22:12:25 - INFO - COM interface availability: True
2025-07-15 22:12:45 - INFO - COM interface availability: True
2025-07-15 22:13:05 - INFO - COM interface availability: True
2025-07-15 22:13:25 - INFO - COM interface availability: True
2025-07-15 22:13:45 - INFO - COM interface availability: True
2025-07-15 22:14:05 - INFO - COM interface availability: True
2025-07-15 22:14:25 - INFO - COM interface availability: True
2025-07-15 22:14:45 - INFO - COM interface availability: True
2025-07-15 22:15:05 - INFO - COM interface availability: True
2025-07-15 22:15:25 - INFO - COM interface availability: True
2025-07-15 22:15:45 - INFO - COM interface availability: True
2025-07-15 22:16:05 - INFO - COM interface availability: True
2025-07-15 22:16:25 - INFO - COM interface availability: True
2025-07-15 22:16:45 - INFO - COM interface availability: True
2025-07-15 22:17:05 - INFO - COM interface availability: True
2025-07-15 22:17:25 - INFO - COM interface availability: True
2025-07-15 22:17:45 - INFO - COM interface availability: True
2025-07-15 22:18:05 - INFO - COM interface availability: True
2025-07-15 22:18:25 - INFO - COM interface availability: True
2025-07-15 22:18:45 - INFO - COM interface availability: True
2025-07-15 22:19:05 - INFO - COM interface availability: True
2025-07-15 22:19:25 - INFO - COM interface availability: True
2025-07-15 22:19:45 - INFO - COM interface availability: True
2025-07-15 22:20:05 - INFO - COM interface availability: True
2025-07-15 22:20:25 - INFO - COM interface availability: True
2025-07-15 22:20:45 - INFO - COM interface availability: True
2025-07-15 22:21:05 - INFO - COM interface availability: True
2025-07-15 22:21:25 - INFO - COM interface availability: True
2025-07-15 22:21:45 - INFO - COM interface availability: True
2025-07-15 22:22:05 - INFO - COM interface availability: True
2025-07-15 22:22:25 - INFO - COM interface availability: True
2025-07-15 22:22:45 - INFO - COM interface availability: True
2025-07-15 22:23:05 - INFO - COM interface availability: True
2025-07-15 22:23:25 - INFO - COM interface availability: True
2025-07-15 22:23:45 - INFO - COM interface availability: True
2025-07-15 22:24:05 - INFO - COM interface availability: True
2025-07-15 22:24:25 - INFO - COM interface availability: True
2025-07-15 22:24:45 - INFO - COM interface availability: True
2025-07-15 22:25:05 - INFO - COM interface availability: True
2025-07-15 22:25:25 - INFO - COM interface availability: True
2025-07-15 22:25:45 - INFO - COM interface availability: True
2025-07-15 22:26:05 - INFO - COM interface availability: True
2025-07-15 22:26:25 - INFO - COM interface availability: True
2025-07-15 22:26:45 - INFO - COM interface availability: True
2025-07-15 22:27:05 - INFO - COM interface availability: True
2025-07-15 22:27:25 - INFO - COM interface availability: True
2025-07-15 22:27:45 - INFO - COM interface availability: True
2025-07-15 22:28:05 - INFO - COM interface availability: True
2025-07-15 22:28:25 - INFO - COM interface availability: True
2025-07-15 22:28:45 - INFO - COM interface availability: True
2025-07-15 22:29:05 - INFO - COM interface availability: True
2025-07-15 22:29:25 - INFO - COM interface availability: True
2025-07-15 22:29:45 - INFO - COM interface availability: True
2025-07-15 22:30:05 - INFO - COM interface availability: True
2025-07-15 22:30:25 - INFO - COM interface availability: True
2025-07-15 22:30:45 - INFO - COM interface availability: True
2025-07-15 22:31:05 - INFO - COM interface availability: True
2025-07-15 22:31:25 - INFO - COM interface availability: True
2025-07-15 22:31:45 - INFO - COM interface availability: True
2025-07-15 22:32:05 - INFO - COM interface availability: True
2025-07-15 22:32:25 - INFO - COM interface availability: True
2025-07-15 22:32:45 - INFO - COM interface availability: True
2025-07-15 22:33:05 - INFO - COM interface availability: True
2025-07-15 22:33:25 - INFO - COM interface availability: True
2025-07-15 22:33:45 - INFO - COM interface availability: True
2025-07-15 22:34:05 - INFO - COM interface availability: True
2025-07-15 22:34:25 - INFO - COM interface availability: True
2025-07-15 22:34:45 - INFO - COM interface availability: True
2025-07-15 22:35:05 - INFO - COM interface availability: True
2025-07-15 22:35:25 - INFO - COM interface availability: True
2025-07-15 22:35:45 - INFO - COM interface availability: True
2025-07-15 22:36:05 - INFO - COM interface availability: True
2025-07-15 22:36:25 - INFO - COM interface availability: True
2025-07-15 22:36:45 - INFO - COM interface availability: True
2025-07-15 22:37:05 - INFO - COM interface availability: True
2025-07-15 22:37:25 - INFO - COM interface availability: True
2025-07-15 22:37:45 - INFO - COM interface availability: True
2025-07-15 22:38:05 - INFO - COM interface availability: True
2025-07-15 22:38:25 - INFO - COM interface availability: True
2025-07-15 22:38:45 - INFO - COM interface availability: True
2025-07-15 22:39:05 - INFO - COM interface availability: True
2025-07-15 22:39:25 - INFO - COM interface availability: True
2025-07-15 22:39:45 - INFO - COM interface availability: True
2025-07-15 22:40:05 - INFO - COM interface availability: True
2025-07-15 22:40:25 - INFO - COM interface availability: True
2025-07-15 22:40:45 - INFO - COM interface availability: True
2025-07-15 22:41:05 - INFO - COM interface availability: True
2025-07-15 22:41:25 - INFO - COM interface availability: True
2025-07-15 22:41:45 - INFO - COM interface availability: True
2025-07-15 22:42:05 - INFO - COM interface availability: True
2025-07-15 22:42:25 - INFO - COM interface availability: True
2025-07-15 22:42:45 - INFO - COM interface availability: True
2025-07-15 22:43:05 - INFO - COM interface availability: True
2025-07-15 22:43:25 - INFO - COM interface availability: True
2025-07-15 22:43:45 - INFO - COM interface availability: True
2025-07-15 22:44:05 - INFO - COM interface availability: True
2025-07-15 22:44:25 - INFO - COM interface availability: True
2025-07-15 22:44:45 - INFO - COM interface availability: True
2025-07-15 22:45:05 - INFO - COM interface availability: True
2025-07-15 22:45:25 - INFO - COM interface availability: True
2025-07-15 22:45:45 - INFO - COM interface availability: True
2025-07-15 22:46:05 - INFO - COM interface availability: True
2025-07-15 22:46:25 - INFO - COM interface availability: True
2025-07-15 22:46:45 - INFO - COM interface availability: True
2025-07-15 22:47:05 - INFO - COM interface availability: True
2025-07-15 22:47:25 - INFO - COM interface availability: True
2025-07-15 22:47:45 - INFO - COM interface availability: True
2025-07-15 22:48:05 - INFO - COM interface availability: True
2025-07-15 22:48:25 - INFO - COM interface availability: True
2025-07-15 22:48:45 - INFO - COM interface availability: True
2025-07-15 22:49:05 - INFO - COM interface availability: True
2025-07-15 22:49:25 - INFO - COM interface availability: True
2025-07-15 22:49:45 - INFO - COM interface availability: True
2025-07-15 22:50:05 - INFO - COM interface availability: True
2025-07-15 22:50:25 - INFO - COM interface availability: True
2025-07-15 22:50:31 - INFO - COM interface availability: True
2025-07-15 22:50:31 - INFO - Starting COM interface initialization...
2025-07-15 22:50:31 - INFO - COM interface initialized successfully
2025-07-15 22:50:52 - INFO - COM interface availability: True
2025-07-15 22:51:12 - INFO - COM interface availability: True
2025-07-15 22:51:32 - INFO - COM interface availability: True
2025-07-15 22:51:52 - INFO - COM interface availability: True
2025-07-15 22:52:12 - INFO - COM interface availability: True
2025-07-15 22:52:32 - INFO - COM interface availability: True
2025-07-15 22:52:52 - INFO - COM interface availability: True
2025-07-15 22:53:12 - INFO - COM interface availability: True
2025-07-15 22:53:32 - INFO - COM interface availability: True
2025-07-15 22:53:52 - INFO - COM interface availability: True
2025-07-15 22:54:12 - INFO - COM interface availability: True
2025-07-15 22:54:32 - INFO - COM interface availability: True
2025-07-15 22:54:52 - INFO - COM interface availability: True
2025-07-15 22:55:12 - INFO - COM interface availability: True
2025-07-15 22:55:32 - INFO - COM interface availability: True
2025-07-15 22:55:52 - INFO - COM interface availability: True
2025-07-15 22:56:12 - INFO - COM interface availability: True
2025-07-15 22:56:32 - INFO - COM interface availability: True
2025-07-15 22:56:52 - INFO - COM interface availability: True
2025-07-15 22:57:12 - INFO - COM interface availability: True
2025-07-15 22:57:32 - INFO - COM interface availability: True
2025-07-15 22:57:52 - INFO - COM interface availability: True
2025-07-15 22:58:12 - INFO - COM interface availability: True
2025-07-15 22:58:32 - INFO - COM interface availability: True
2025-07-15 22:58:52 - INFO - COM interface availability: True
2025-07-15 22:59:12 - INFO - COM interface availability: True
2025-07-15 22:59:32 - INFO - COM interface availability: True
2025-07-15 22:59:52 - INFO - COM interface availability: True
2025-07-15 23:00:12 - INFO - COM interface availability: True
2025-07-15 23:00:32 - INFO - COM interface availability: True
2025-07-15 23:00:52 - INFO - COM interface availability: True
2025-07-15 23:01:12 - INFO - COM interface availability: True
2025-07-15 23:01:32 - INFO - COM interface availability: True
2025-07-15 23:01:52 - INFO - COM interface availability: True
2025-07-15 23:02:12 - INFO - COM interface availability: True
2025-07-15 23:02:32 - INFO - COM interface availability: True
2025-07-15 23:02:52 - INFO - COM interface availability: True
2025-07-15 23:03:12 - INFO - COM interface availability: True
2025-07-15 23:03:32 - INFO - COM interface availability: True
2025-07-15 23:03:52 - INFO - COM interface availability: True
2025-07-15 23:04:12 - INFO - COM interface availability: True
2025-07-15 23:04:32 - INFO - COM interface availability: True
2025-07-15 23:04:52 - INFO - COM interface availability: True
2025-07-15 23:05:12 - INFO - COM interface availability: True
2025-07-15 23:05:32 - INFO - COM interface availability: True
2025-07-15 23:05:52 - INFO - COM interface availability: True
2025-07-15 23:06:12 - INFO - COM interface availability: True
2025-07-15 23:06:32 - INFO - COM interface availability: True
2025-07-15 23:06:52 - INFO - COM interface availability: True
2025-07-15 23:07:12 - INFO - COM interface availability: True
2025-07-15 23:07:32 - INFO - COM interface availability: True
2025-07-15 23:07:52 - INFO - COM interface availability: True
2025-07-15 23:08:12 - INFO - COM interface availability: True
2025-07-15 23:08:32 - INFO - COM interface availability: True
2025-07-15 23:08:52 - INFO - COM interface availability: True
2025-07-15 23:09:12 - INFO - COM interface availability: True
2025-07-15 23:09:32 - INFO - COM interface availability: True
2025-07-15 23:09:52 - INFO - COM interface availability: True
2025-07-15 23:10:12 - INFO - COM interface availability: True
2025-07-15 23:10:32 - INFO - COM interface availability: True
2025-07-15 23:10:52 - INFO - COM interface availability: True
2025-07-15 23:11:12 - INFO - COM interface availability: True
2025-07-15 23:11:32 - INFO - COM interface availability: True
2025-07-15 23:11:52 - INFO - COM interface availability: True
2025-07-15 23:12:12 - INFO - COM interface availability: True
2025-07-15 23:12:32 - INFO - COM interface availability: True
2025-07-15 23:12:52 - INFO - COM interface availability: True
2025-07-15 23:13:12 - INFO - COM interface availability: True
2025-07-15 23:13:32 - INFO - COM interface availability: True
2025-07-15 23:13:52 - INFO - COM interface availability: True
2025-07-15 23:14:12 - INFO - COM interface availability: True
2025-07-15 23:14:32 - INFO - COM interface availability: True
2025-07-15 23:14:52 - INFO - COM interface availability: True
2025-07-15 23:15:12 - INFO - COM interface availability: True
2025-07-15 23:15:32 - INFO - COM interface availability: True
2025-07-15 23:15:52 - INFO - COM interface availability: True
2025-07-15 23:16:12 - INFO - COM interface availability: True
2025-07-15 23:16:32 - INFO - COM interface availability: True
2025-07-15 23:16:52 - INFO - COM interface availability: True
2025-07-15 23:17:12 - INFO - COM interface availability: True
2025-07-15 23:17:32 - INFO - COM interface availability: True
2025-07-15 23:17:52 - INFO - COM interface availability: True
2025-07-15 23:18:12 - INFO - COM interface availability: True
2025-07-15 23:18:32 - INFO - COM interface availability: True
