2025-07-15 13:25:11 - outlook_service - ERROR - mark_email_read:523 - ❌ Error marking email vba_5_b1544f04 as read: (-2147352567, 'Exception occurred.', (4096, 'Microsoft Outlook', 'The operation cannot be performed because the message has been changed.', None, 0, -2147221239), None)
Traceback (most recent call last):
  File "Y:\normie\normie\normieapp\services\outlook_service.py", line 517, in mark_email_read
    email_item.Save()
    ~~~~~~~~~~~~~~~^^
  File "<COMObject GetItemFromID>", line 2, in Save
pywintypes.com_error: (-2147352567, 'Exception occurred.', (4096, 'Microsoft Outlook', 'The operation cannot be performed because the message has been changed.', None, 0, -2147221239), None)
2025-07-15 13:29:07 - outlook_service - ERROR - mark_email_read:509 - Cannot mark email - not found in Outlook: vba_12_f897d21d
2025-07-15 13:29:15 - outlook_service - ERROR - mark_email_read:509 - Cannot mark email - not found in Outlook: vba_12_f897d21d
2025-07-15 13:29:16 - outlook_service - ERROR - mark_email_read:509 - Cannot mark email - not found in Outlook: vba_12_f897d21d
2025-07-15 14:07:52 - outlook_service - ERROR - mark_email_read:831 - ❌ Error marking email 00000000B800AE0BE923A449A7AE2D11CB7614360700C3B68E10F77511CEB4CD00AA00BBB6E600000000000C0000D9539C2261A6BB45B9DAB62C7081B3C10100070000000000 as read: (-2147352567, 'Exception occurred.', (4096, 'Microsoft Outlook', 'The operation cannot be performed because the message has been changed.', None, 0, -2147221239), None)
Traceback (most recent call last):
  File "Y:\normie\normie\normieapp\services\outlook_service.py", line 815, in mark_email_read
    email_item.Save()
    ~~~~~~~~~~~~~~~^^
  File "<COMObject GetItemFromID>", line 2, in Save
pywintypes.com_error: (-2147352567, 'Exception occurred.', (4096, 'Microsoft Outlook', 'The operation cannot be performed because the message has been changed.', None, 0, -2147221239), None)
2025-07-15 14:07:53 - outlook_service - ERROR - mark_email_read:831 - ❌ Error marking email 00000000B800AE0BE923A449A7AE2D11CB7614360700C3B68E10F77511CEB4CD00AA00BBB6E600000000000C0000D9539C2261A6BB45B9DAB62C7081B3C10100070000000000 as read: (-2147352567, 'Exception occurred.', (4096, 'Microsoft Outlook', 'The operation cannot be performed because the message has been changed.', None, 0, -2147221239), None)
Traceback (most recent call last):
  File "Y:\normie\normie\normieapp\services\outlook_service.py", line 815, in mark_email_read
    email_item.Save()
    ~~~~~~~~~~~~~~~^^
  File "<COMObject GetItemFromID>", line 2, in Save
pywintypes.com_error: (-2147352567, 'Exception occurred.', (4096, 'Microsoft Outlook', 'The operation cannot be performed because the message has been changed.', None, 0, -2147221239), None)
2025-07-15 14:10:41 - outlook_service - ERROR - mark_email_read:831 - ❌ Error marking email 00000000B800AE0BE923A449A7AE2D11CB7614360700C3B68E10F77511CEB4CD00AA00BBB6E600000000000C0000D9539C2261A6BB45B9DAB62C7081B3C10100070000000000 as read: (-2147352567, 'Exception occurred.', (4096, 'Microsoft Outlook', 'The operation cannot be performed because the message has been changed.', None, 0, -2147221239), None)
Traceback (most recent call last):
  File "Y:\normie\normie\normieapp\services\outlook_service.py", line 815, in mark_email_read
    email_item.Save()
    ~~~~~~~~~~~~~~~^^
  File "<COMObject GetItemFromID>", line 2, in Save
pywintypes.com_error: (-2147352567, 'Exception occurred.', (4096, 'Microsoft Outlook', 'The operation cannot be performed because the message has been changed.', None, 0, -2147221239), None)
2025-07-15 14:10:42 - outlook_service - ERROR - mark_email_read:831 - ❌ Error marking email 00000000B800AE0BE923A449A7AE2D11CB7614360700C3B68E10F77511CEB4CD00AA00BBB6E600000000000C0000D9539C2261A6BB45B9DAB62C7081B3C10100070000000000 as read: (-2147352567, 'Exception occurred.', (4096, 'Microsoft Outlook', 'The operation cannot be performed because the message has been changed.', None, 0, -2147221239), None)
Traceback (most recent call last):
  File "Y:\normie\normie\normieapp\services\outlook_service.py", line 815, in mark_email_read
    email_item.Save()
    ~~~~~~~~~~~~~~~^^
  File "<COMObject GetItemFromID>", line 2, in Save
pywintypes.com_error: (-2147352567, 'Exception occurred.', (4096, 'Microsoft Outlook', 'The operation cannot be performed because the message has been changed.', None, 0, -2147221239), None)
2025-07-15 14:10:53 - outlook_service - ERROR - mark_email_read:807 - Cannot mark email - not found in Outlook: 00000000B800AE0BE923A449A7AE2D11CB7614360700C3B68E10F77511CEB4CD00AA00BBB6E600000000000C0000D9539C2261A6BB45B9DAB62C7081B3C101000B0000000000
2025-07-15 14:10:54 - outlook_service - ERROR - mark_email_read:807 - Cannot mark email - not found in Outlook: 00000000B800AE0BE923A449A7AE2D11CB7614360700C3B68E10F77511CEB4CD00AA00BBB6E600000000000C0000D9539C2261A6BB45B9DAB62C7081B3C101000B0000000000
2025-07-15 14:18:00 - outlook_service - ERROR - delete_email:758 - Cannot delete email - not found in Outlook: 00000000B800AE0BE923A449A7AE2D11CB7614360700C3B68E10F77511CEB4CD00AA00BBB6E600000000000C0000D9539C2261A6BB45B9DAB62C7081B3C101000B0000000000
2025-07-15 14:18:18 - outlook_service - ERROR - mark_email_read:807 - Cannot mark email - not found in Outlook: 00000000B800AE0BE923A449A7AE2D11CB7614360700C3B68E10F77511CEB4CD00AA00BBB6E600000000000C0000D9539C2261A6BB45B9DAB62C7081B3C101000B0000000000
2025-07-15 14:18:19 - outlook_service - ERROR - mark_email_read:807 - Cannot mark email - not found in Outlook: 00000000B800AE0BE923A449A7AE2D11CB7614360700C3B68E10F77511CEB4CD00AA00BBB6E600000000000C0000D9539C2261A6BB45B9DAB62C7081B3C101000B0000000000
2025-07-15 14:19:00 - outlook_service - ERROR - mark_email_read:831 - ❌ Error marking email 00000000B800AE0BE923A449A7AE2D11CB7614360700C3B68E10F77511CEB4CD00AA00BBB6E600000000000C0000D9539C2261A6BB45B9DAB62C7081B3C10100070000000000 as read: (-2147352567, 'Exception occurred.', (4096, 'Microsoft Outlook', 'The operation cannot be performed because the message has been changed.', None, 0, -2147221239), None)
Traceback (most recent call last):
  File "Y:\normie\normie\normieapp\services\outlook_service.py", line 815, in mark_email_read
    email_item.Save()
    ~~~~~~~~~~~~~~~^^
  File "<COMObject GetItemFromID>", line 2, in Save
pywintypes.com_error: (-2147352567, 'Exception occurred.', (4096, 'Microsoft Outlook', 'The operation cannot be performed because the message has been changed.', None, 0, -2147221239), None)
2025-07-15 14:19:01 - outlook_service - ERROR - mark_email_read:831 - ❌ Error marking email 00000000B800AE0BE923A449A7AE2D11CB7614360700C3B68E10F77511CEB4CD00AA00BBB6E600000000000C0000D9539C2261A6BB45B9DAB62C7081B3C10100070000000000 as read: (-2147352567, 'Exception occurred.', (4096, 'Microsoft Outlook', 'The operation cannot be performed because the message has been changed.', None, 0, -2147221239), None)
Traceback (most recent call last):
  File "Y:\normie\normie\normieapp\services\outlook_service.py", line 815, in mark_email_read
    email_item.Save()
    ~~~~~~~~~~~~~~~^^
  File "<COMObject GetItemFromID>", line 2, in Save
pywintypes.com_error: (-2147352567, 'Exception occurred.', (4096, 'Microsoft Outlook', 'The operation cannot be performed because the message has been changed.', None, 0, -2147221239), None)
2025-07-15 14:19:09 - outlook_service - ERROR - mark_email_read:831 - ❌ Error marking email 00000000B800AE0BE923A449A7AE2D11CB7614360700C3B68E10F77511CEB4CD00AA00BBB6E600000000000C0000D9539C2261A6BB45B9DAB62C7081B3C10100070000000000 as read: (-2147352567, 'Exception occurred.', (4096, 'Microsoft Outlook', 'The operation cannot be performed because the message has been changed.', None, 0, -2147221239), None)
Traceback (most recent call last):
  File "Y:\normie\normie\normieapp\services\outlook_service.py", line 815, in mark_email_read
    email_item.Save()
    ~~~~~~~~~~~~~~~^^
  File "<COMObject GetItemFromID>", line 2, in Save
pywintypes.com_error: (-2147352567, 'Exception occurred.', (4096, 'Microsoft Outlook', 'The operation cannot be performed because the message has been changed.', None, 0, -2147221239), None)
2025-07-15 14:19:10 - outlook_service - ERROR - mark_email_read:831 - ❌ Error marking email 00000000B800AE0BE923A449A7AE2D11CB7614360700C3B68E10F77511CEB4CD00AA00BBB6E600000000000C0000D9539C2261A6BB45B9DAB62C7081B3C10100070000000000 as read: (-2147352567, 'Exception occurred.', (4096, 'Microsoft Outlook', 'The operation cannot be performed because the message has been changed.', None, 0, -2147221239), None)
Traceback (most recent call last):
  File "Y:\normie\normie\normieapp\services\outlook_service.py", line 815, in mark_email_read
    email_item.Save()
    ~~~~~~~~~~~~~~~^^
  File "<COMObject GetItemFromID>", line 2, in Save
pywintypes.com_error: (-2147352567, 'Exception occurred.', (4096, 'Microsoft Outlook', 'The operation cannot be performed because the message has been changed.', None, 0, -2147221239), None)
