[2025-05-21 01:25:10]  INFO [ThreadPoolTaskScheduler-3] com.flatirons.pinpoint.server.imports.ImportJob:30 - start importing....
[2025-05-21 01:25:10]  INFO [ThreadPoolTaskScheduler-3] com.flatirons.pinpoint.server.imports.logging.ImportPublicationLoggingAppender:137 - Creating import logger - default-import
[2025-05-21 01:25:10]  INFO [ThreadPoolTaskScheduler-3] com.flatirons.pinpoint.server.imports.logging.ImportPublicationLoggingAppender:143 - Creating import logger - file: D:\apps\PinPoint_Standalone\OMAT_8.5.0.9_Light_20250601_x64\data\pp\default-import\default-import.log
[2025-05-21 01:25:10]  INFO [ThreadPoolTaskScheduler-3] com.flatirons.pinpoint.server.imports.logging.ImportPublicationLoggingAppender:155 - Creating import logger - default-import created and started.
[2025-05-21 01:25:10]  INFO [ThreadPoolTaskScheduler-3] com.flatirons.pinpoint.server.imports.service.impl.ImportLibraryPublicationServiceImpl:75 - Start process import model..
[2025-05-21 01:25:10]  INFO [ThreadPoolTaskScheduler-3] com.flatirons.pinpoint.server.imports.service.impl.ImportLibraryPublicationServiceImpl:235 - Start get all wait import revision from DB...
[2025-05-21 01:25:10]  INFO [ThreadPoolTaskScheduler-3] com.flatirons.pinpoint.server.imports.service.impl.ImportLibraryPublicationServiceImpl:245 - Finish get all wait import revision from DB, size is 0...
[2025-05-21 01:25:10]  INFO [ThreadPoolTaskScheduler-3] com.flatirons.pinpoint.server.imports.service.impl.ImportLibraryPublicationServiceImpl:148 - There is no revision that need to import...
[2025-05-21 01:25:10]  INFO [ThreadPoolTaskScheduler-3] com.flatirons.pinpoint.server.imports.service.impl.ImportLibraryPublicationServiceImpl:154 - Finish process import model..
[2025-05-21 01:25:10]  INFO [ThreadPoolTaskScheduler-3] com.flatirons.pinpoint.server.imports.ImportJob:32 - finish importing....
[2025-05-21 01:25:12]  INFO [ThreadPoolTaskScheduler-3] com.flatirons.pinpoint.server.imports.ImportJob:30 - start importing....
[2025-05-21 01:25:12]  INFO [ThreadPoolTaskScheduler-3] com.flatirons.pinpoint.server.imports.service.impl.ImportLibraryPublicationServiceImpl:75 - Start process import model..
[2025-05-21 01:25:12]  INFO [ThreadPoolTaskScheduler-3] com.flatirons.pinpoint.server.imports.service.impl.ImportLibraryPublicationServiceImpl:235 - Start get all wait import revision from DB...
[2025-05-21 01:25:12]  INFO [ThreadPoolTaskScheduler-3] com.flatirons.pinpoint.server.imports.service.impl.ImportLibraryPublicationServiceImpl:245 - Finish get all wait import revision from DB, size is 0...
[2025-05-21 01:25:12]  INFO [ThreadPoolTaskScheduler-3] com.flatirons.pinpoint.server.imports.service.impl.ImportLibraryPublicationServiceImpl:148 - There is no revision that need to import...
[2025-05-21 01:25:12]  INFO [ThreadPoolTaskScheduler-3] com.flatirons.pinpoint.server.imports.service.impl.ImportLibraryPublicationServiceImpl:154 - Finish process import model..
[2025-05-21 01:25:12]  INFO [ThreadPoolTaskScheduler-3] com.flatirons.pinpoint.server.imports.ImportJob:32 - finish importing....
[2025-05-21 01:25:14]  INFO [ThreadPoolTaskScheduler-3] com.flatirons.pinpoint.server.imports.ImportJob:30 - start importing....
[2025-05-21 01:25:14]  INFO [ThreadPoolTaskScheduler-3] com.flatirons.pinpoint.server.imports.service.impl.ImportLibraryPublicationServiceImpl:75 - Start process import model..
[2025-05-21 01:25:14]  INFO [ThreadPoolTaskScheduler-3] com.flatirons.pinpoint.server.imports.service.impl.ImportLibraryPublicationServiceImpl:235 - Start get all wait import revision from DB...
[2025-05-21 01:25:14]  INFO [ThreadPoolTaskScheduler-3] com.flatirons.pinpoint.server.imports.service.impl.ImportLibraryPublicationServiceImpl:245 - Finish get all wait import revision from DB, size is 0...
[2025-05-21 01:25:14]  INFO [ThreadPoolTaskScheduler-3] com.flatirons.pinpoint.server.imports.service.impl.ImportLibraryPublicationServiceImpl:148 - There is no revision that need to import...
[2025-05-21 01:25:14]  INFO [ThreadPoolTaskScheduler-3] com.flatirons.pinpoint.server.imports.service.impl.ImportLibraryPublicationServiceImpl:154 - Finish process import model..
[2025-05-21 01:25:14]  INFO [ThreadPoolTaskScheduler-3] com.flatirons.pinpoint.server.imports.ImportJob:32 - finish importing....
[2025-05-21 01:25:16]  INFO [ThreadPoolTaskScheduler-7] com.flatirons.pinpoint.server.imports.ImportJob:30 - start importing....
[2025-05-21 01:25:16]  INFO [ThreadPoolTaskScheduler-7] com.flatirons.pinpoint.server.imports.service.impl.ImportLibraryPublicationServiceImpl:75 - Start process import model..
[2025-05-21 01:25:16]  INFO [ThreadPoolTaskScheduler-7] com.flatirons.pinpoint.server.imports.service.impl.ImportLibraryPublicationServiceImpl:235 - Start get all wait import revision from DB...
[2025-05-21 01:25:16]  INFO [ThreadPoolTaskScheduler-7] com.flatirons.pinpoint.server.imports.service.impl.ImportLibraryPublicationServiceImpl:245 - Finish get all wait import revision from DB, size is 0...
[2025-05-21 01:25:16]  INFO [ThreadPoolTaskScheduler-7] com.flatirons.pinpoint.server.imports.service.impl.ImportLibraryPublicationServiceImpl:148 - There is no revision that need to import...
[2025-05-21 01:25:16]  INFO [ThreadPoolTaskScheduler-7] com.flatirons.pinpoint.server.imports.service.impl.ImportLibraryPublicationServiceImpl:154 - Finish process import model..
[2025-05-21 01:25:16]  INFO [ThreadPoolTaskScheduler-7] com.flatirons.pinpoint.server.imports.ImportJob:32 - finish importing....
[2025-05-21 01:25:18]  INFO [ThreadPoolTaskScheduler-7] com.flatirons.pinpoint.server.imports.ImportJob:30 - start importing....
[2025-05-21 01:25:18]  INFO [ThreadPoolTaskScheduler-7] com.flatirons.pinpoint.server.imports.service.impl.ImportLibraryPublicationServiceImpl:75 - Start process import model..
[2025-05-21 01:25:18]  INFO [ThreadPoolTaskScheduler-7] com.flatirons.pinpoint.server.imports.service.impl.ImportLibraryPublicationServiceImpl:235 - Start get all wait import revision from DB...
[2025-05-21 01:25:18]  INFO [ThreadPoolTaskScheduler-7] com.flatirons.pinpoint.server.imports.service.impl.ImportLibraryPublicationServiceImpl:245 - Finish get all wait import revision from DB, size is 0...
[2025-05-21 01:25:18]  INFO [ThreadPoolTaskScheduler-7] com.flatirons.pinpoint.server.imports.service.impl.ImportLibraryPublicationServiceImpl:148 - There is no revision that need to import...
[2025-05-21 01:25:18]  INFO [ThreadPoolTaskScheduler-7] com.flatirons.pinpoint.server.imports.service.impl.ImportLibraryPublicationServiceImpl:154 - Finish process import model..
[2025-05-21 01:25:18]  INFO [ThreadPoolTaskScheduler-7] com.flatirons.pinpoint.server.imports.ImportJob:32 - finish importing....
[2025-05-21 01:25:20]  INFO [ThreadPoolTaskScheduler-7] com.flatirons.pinpoint.server.imports.ImportJob:30 - start importing....
[2025-05-21 01:25:20]  INFO [ThreadPoolTaskScheduler-7] com.flatirons.pinpoint.server.imports.service.impl.ImportLibraryPublicationServiceImpl:75 - Start process import model..
[2025-05-21 01:25:20]  INFO [ThreadPoolTaskScheduler-7] com.flatirons.pinpoint.server.imports.service.impl.ImportLibraryPublicationServiceImpl:235 - Start get all wait import revision from DB...
[2025-05-21 01:25:20]  INFO [ThreadPoolTaskScheduler-7] com.flatirons.pinpoint.server.imports.service.impl.ImportLibraryPublicationServiceImpl:245 - Finish get all wait import revision from DB, size is 0...
[2025-05-21 01:25:20]  INFO [ThreadPoolTaskScheduler-7] com.flatirons.pinpoint.server.imports.service.impl.ImportLibraryPublicationServiceImpl:148 - There is no revision that need to import...
[2025-05-21 01:25:20]  INFO [ThreadPoolTaskScheduler-7] com.flatirons.pinpoint.server.imports.service.impl.ImportLibraryPublicationServiceImpl:154 - Finish process import model..
[2025-05-21 01:25:20]  INFO [ThreadPoolTaskScheduler-7] com.flatirons.pinpoint.server.imports.ImportJob:32 - finish importing....
[2025-05-21 01:25:22]  INFO [ThreadPoolTaskScheduler-7] com.flatirons.pinpoint.server.imports.ImportJob:30 - start importing....
[2025-05-21 01:25:22]  INFO [ThreadPoolTaskScheduler-7] com.flatirons.pinpoint.server.imports.service.impl.ImportLibraryPublicationServiceImpl:75 - Start process import model..
[2025-05-21 01:25:22]  INFO [ThreadPoolTaskScheduler-7] com.flatirons.pinpoint.server.imports.service.impl.ImportLibraryPublicationServiceImpl:235 - Start get all wait import revision from DB...
[2025-05-21 01:25:22]  INFO [ThreadPoolTaskScheduler-7] com.flatirons.pinpoint.server.imports.service.impl.ImportLibraryPublicationServiceImpl:245 - Finish get all wait import revision from DB, size is 0...
[2025-05-21 01:25:22]  INFO [ThreadPoolTaskScheduler-7] com.flatirons.pinpoint.server.imports.service.impl.ImportLibraryPublicationServiceImpl:148 - There is no revision that need to import...
[2025-05-21 01:25:22]  INFO [ThreadPoolTaskScheduler-7] com.flatirons.pinpoint.server.imports.service.impl.ImportLibraryPublicationServiceImpl:154 - Finish process import model..
[2025-05-21 01:25:22]  INFO [ThreadPoolTaskScheduler-7] com.flatirons.pinpoint.server.imports.ImportJob:32 - finish importing....
[2025-05-21 01:25:24]  INFO [ThreadPoolTaskScheduler-7] com.flatirons.pinpoint.server.imports.ImportJob:30 - start importing....
[2025-05-21 01:25:24]  INFO [ThreadPoolTaskScheduler-7] com.flatirons.pinpoint.server.imports.service.impl.ImportLibraryPublicationServiceImpl:75 - Start process import model..
[2025-05-21 01:25:24]  INFO [ThreadPoolTaskScheduler-7] com.flatirons.pinpoint.server.imports.service.impl.ImportLibraryPublicationServiceImpl:235 - Start get all wait import revision from DB...
[2025-05-21 01:25:24]  INFO [ThreadPoolTaskScheduler-7] com.flatirons.pinpoint.server.imports.service.impl.ImportLibraryPublicationServiceImpl:245 - Finish get all wait import revision from DB, size is 0...
[2025-05-21 01:25:24]  INFO [ThreadPoolTaskScheduler-7] com.flatirons.pinpoint.server.imports.service.impl.ImportLibraryPublicationServiceImpl:148 - There is no revision that need to import...
[2025-05-21 01:25:24]  INFO [ThreadPoolTaskScheduler-7] com.flatirons.pinpoint.server.imports.service.impl.ImportLibraryPublicationServiceImpl:154 - Finish process import model..
[2025-05-21 01:25:24]  INFO [ThreadPoolTaskScheduler-7] com.flatirons.pinpoint.server.imports.ImportJob:32 - finish importing....
[2025-05-21 01:25:26]  INFO [ThreadPoolTaskScheduler-7] com.flatirons.pinpoint.server.imports.ImportJob:30 - start importing....
[2025-05-21 01:25:26]  INFO [ThreadPoolTaskScheduler-7] com.flatirons.pinpoint.server.imports.service.impl.ImportLibraryPublicationServiceImpl:75 - Start process import model..
[2025-05-21 01:25:26]  INFO [ThreadPoolTaskScheduler-7] com.flatirons.pinpoint.server.imports.service.impl.ImportLibraryPublicationServiceImpl:235 - Start get all wait import revision from DB...
[2025-05-21 01:25:26]  INFO [ThreadPoolTaskScheduler-7] com.flatirons.pinpoint.server.imports.service.impl.ImportLibraryPublicationServiceImpl:245 - Finish get all wait import revision from DB, size is 0...
[2025-05-21 01:25:26]  INFO [ThreadPoolTaskScheduler-7] com.flatirons.pinpoint.server.imports.service.impl.ImportLibraryPublicationServiceImpl:148 - There is no revision that need to import...
[2025-05-21 01:25:26]  INFO [ThreadPoolTaskScheduler-7] com.flatirons.pinpoint.server.imports.service.impl.ImportLibraryPublicationServiceImpl:154 - Finish process import model..
[2025-05-21 01:25:26]  INFO [ThreadPoolTaskScheduler-7] com.flatirons.pinpoint.server.imports.ImportJob:32 - finish importing....
[2025-05-21 01:25:28]  INFO [ThreadPoolTaskScheduler-7] com.flatirons.pinpoint.server.imports.ImportJob:30 - start importing....
[2025-05-21 01:25:28]  INFO [ThreadPoolTaskScheduler-7] com.flatirons.pinpoint.server.imports.service.impl.ImportLibraryPublicationServiceImpl:75 - Start process import model..
[2025-05-21 01:25:28]  INFO [ThreadPoolTaskScheduler-7] com.flatirons.pinpoint.server.imports.service.impl.ImportLibraryPublicationServiceImpl:235 - Start get all wait import revision from DB...
[2025-05-21 01:25:28]  INFO [ThreadPoolTaskScheduler-7] com.flatirons.pinpoint.server.imports.service.impl.ImportLibraryPublicationServiceImpl:245 - Finish get all wait import revision from DB, size is 0...
[2025-05-21 01:25:28]  INFO [ThreadPoolTaskScheduler-7] com.flatirons.pinpoint.server.imports.service.impl.ImportLibraryPublicationServiceImpl:148 - There is no revision that need to import...
[2025-05-21 01:25:28]  INFO [ThreadPoolTaskScheduler-7] com.flatirons.pinpoint.server.imports.service.impl.ImportLibraryPublicationServiceImpl:154 - Finish process import model..
[2025-05-21 01:25:28]  INFO [ThreadPoolTaskScheduler-7] com.flatirons.pinpoint.server.imports.ImportJob:32 - finish importing....
[2025-05-21 01:25:30]  INFO [ThreadPoolTaskScheduler-3] com.flatirons.pinpoint.server.imports.ImportJob:30 - start importing....
[2025-05-21 01:25:30]  INFO [ThreadPoolTaskScheduler-3] com.flatirons.pinpoint.server.imports.service.impl.ImportLibraryPublicationServiceImpl:75 - Start process import model..
[2025-05-21 01:25:30]  INFO [ThreadPoolTaskScheduler-3] com.flatirons.pinpoint.server.imports.service.impl.ImportLibraryPublicationServiceImpl:235 - Start get all wait import revision from DB...
[2025-05-21 01:25:30]  INFO [ThreadPoolTaskScheduler-3] com.flatirons.pinpoint.server.imports.service.impl.ImportLibraryPublicationServiceImpl:245 - Finish get all wait import revision from DB, size is 0...
[2025-05-21 01:25:30]  INFO [ThreadPoolTaskScheduler-3] com.flatirons.pinpoint.server.imports.service.impl.ImportLibraryPublicationServiceImpl:148 - There is no revision that need to import...
[2025-05-21 01:25:30]  INFO [ThreadPoolTaskScheduler-3] com.flatirons.pinpoint.server.imports.service.impl.ImportLibraryPublicationServiceImpl:154 - Finish process import model..
[2025-05-21 01:25:30]  INFO [ThreadPoolTaskScheduler-3] com.flatirons.pinpoint.server.imports.ImportJob:32 - finish importing....
[2025-05-21 01:25:32]  INFO [ThreadPoolTaskScheduler-3] com.flatirons.pinpoint.server.imports.ImportJob:30 - start importing....
[2025-05-21 01:25:32]  INFO [ThreadPoolTaskScheduler-3] com.flatirons.pinpoint.server.imports.service.impl.ImportLibraryPublicationServiceImpl:75 - Start process import model..
[2025-05-21 01:25:32]  INFO [ThreadPoolTaskScheduler-3] com.flatirons.pinpoint.server.imports.service.impl.ImportLibraryPublicationServiceImpl:235 - Start get all wait import revision from DB...
[2025-05-21 01:25:32]  INFO [ThreadPoolTaskScheduler-3] com.flatirons.pinpoint.server.imports.service.impl.ImportLibraryPublicationServiceImpl:245 - Finish get all wait import revision from DB, size is 0...
[2025-05-21 01:25:32]  INFO [ThreadPoolTaskScheduler-3] com.flatirons.pinpoint.server.imports.service.impl.ImportLibraryPublicationServiceImpl:148 - There is no revision that need to import...
[2025-05-21 01:25:32]  INFO [ThreadPoolTaskScheduler-3] com.flatirons.pinpoint.server.imports.service.impl.ImportLibraryPublicationServiceImpl:154 - Finish process import model..
[2025-05-21 01:25:32]  INFO [ThreadPoolTaskScheduler-3] com.flatirons.pinpoint.server.imports.ImportJob:32 - finish importing....
[2025-05-21 01:25:34]  INFO [ThreadPoolTaskScheduler-3] com.flatirons.pinpoint.server.imports.ImportJob:30 - start importing....
[2025-05-21 01:25:34]  INFO [ThreadPoolTaskScheduler-3] com.flatirons.pinpoint.server.imports.service.impl.ImportLibraryPublicationServiceImpl:75 - Start process import model..
[2025-05-21 01:25:34]  INFO [ThreadPoolTaskScheduler-3] com.flatirons.pinpoint.server.imports.service.impl.ImportLibraryPublicationServiceImpl:235 - Start get all wait import revision from DB...
[2025-05-21 01:25:34]  INFO [ThreadPoolTaskScheduler-3] com.flatirons.pinpoint.server.imports.service.impl.ImportLibraryPublicationServiceImpl:245 - Finish get all wait import revision from DB, size is 0...
[2025-05-21 01:25:34]  INFO [ThreadPoolTaskScheduler-3] com.flatirons.pinpoint.server.imports.service.impl.ImportLibraryPublicationServiceImpl:148 - There is no revision that need to import...
[2025-05-21 01:25:34]  INFO [ThreadPoolTaskScheduler-3] com.flatirons.pinpoint.server.imports.service.impl.ImportLibraryPublicationServiceImpl:154 - Finish process import model..
[2025-05-21 01:25:34]  INFO [ThreadPoolTaskScheduler-3] com.flatirons.pinpoint.server.imports.ImportJob:32 - finish importing....
[2025-05-21 01:25:36]  INFO [ThreadPoolTaskScheduler-3] com.flatirons.pinpoint.server.imports.ImportJob:30 - start importing....
[2025-05-21 01:25:36]  INFO [ThreadPoolTaskScheduler-3] com.flatirons.pinpoint.server.imports.service.impl.ImportLibraryPublicationServiceImpl:75 - Start process import model..
[2025-05-21 01:25:36]  INFO [ThreadPoolTaskScheduler-3] com.flatirons.pinpoint.server.imports.service.impl.ImportLibraryPublicationServiceImpl:235 - Start get all wait import revision from DB...
[2025-05-21 01:25:36]  INFO [ThreadPoolTaskScheduler-3] com.flatirons.pinpoint.server.imports.service.impl.ImportLibraryPublicationServiceImpl:245 - Finish get all wait import revision from DB, size is 0...
[2025-05-21 01:25:36]  INFO [ThreadPoolTaskScheduler-3] com.flatirons.pinpoint.server.imports.service.impl.ImportLibraryPublicationServiceImpl:148 - There is no revision that need to import...
[2025-05-21 01:25:36]  INFO [ThreadPoolTaskScheduler-3] com.flatirons.pinpoint.server.imports.service.impl.ImportLibraryPublicationServiceImpl:154 - Finish process import model..
[2025-05-21 01:25:36]  INFO [ThreadPoolTaskScheduler-3] com.flatirons.pinpoint.server.imports.ImportJob:32 - finish importing....
[2025-05-21 01:25:38]  INFO [ThreadPoolTaskScheduler-3] com.flatirons.pinpoint.server.imports.ImportJob:30 - start importing....
[2025-05-21 01:25:38]  INFO [ThreadPoolTaskScheduler-3] com.flatirons.pinpoint.server.imports.service.impl.ImportLibraryPublicationServiceImpl:75 - Start process import model..
[2025-05-21 01:25:38]  INFO [ThreadPoolTaskScheduler-3] com.flatirons.pinpoint.server.imports.service.impl.ImportLibraryPublicationServiceImpl:235 - Start get all wait import revision from DB...
[2025-05-21 01:25:38]  INFO [ThreadPoolTaskScheduler-3] com.flatirons.pinpoint.server.imports.service.impl.ImportLibraryPublicationServiceImpl:245 - Finish get all wait import revision from DB, size is 0...
[2025-05-21 01:25:38]  INFO [ThreadPoolTaskScheduler-3] com.flatirons.pinpoint.server.imports.service.impl.ImportLibraryPublicationServiceImpl:148 - There is no revision that need to import...
[2025-05-21 01:25:38]  INFO [ThreadPoolTaskScheduler-3] com.flatirons.pinpoint.server.imports.service.impl.ImportLibraryPublicationServiceImpl:154 - Finish process import model..
[2025-05-21 01:25:38]  INFO [ThreadPoolTaskScheduler-3] com.flatirons.pinpoint.server.imports.ImportJob:32 - finish importing....
[2025-05-21 01:25:40]  INFO [ThreadPoolTaskScheduler-3] com.flatirons.pinpoint.server.imports.ImportJob:30 - start importing....
[2025-05-21 01:25:40]  INFO [ThreadPoolTaskScheduler-3] com.flatirons.pinpoint.server.imports.service.impl.ImportLibraryPublicationServiceImpl:75 - Start process import model..
[2025-05-21 01:25:40]  INFO [ThreadPoolTaskScheduler-3] com.flatirons.pinpoint.server.imports.service.impl.ImportLibraryPublicationServiceImpl:235 - Start get all wait import revision from DB...
[2025-05-21 01:25:40]  INFO [ThreadPoolTaskScheduler-3] com.flatirons.pinpoint.server.imports.service.impl.ImportLibraryPublicationServiceImpl:245 - Finish get all wait import revision from DB, size is 0...
[2025-05-21 01:25:40]  INFO [ThreadPoolTaskScheduler-3] com.flatirons.pinpoint.server.imports.service.impl.ImportLibraryPublicationServiceImpl:148 - There is no revision that need to import...
[2025-05-21 01:25:40]  INFO [ThreadPoolTaskScheduler-3] com.flatirons.pinpoint.server.imports.service.impl.ImportLibraryPublicationServiceImpl:154 - Finish process import model..
[2025-05-21 01:25:40]  INFO [ThreadPoolTaskScheduler-3] com.flatirons.pinpoint.server.imports.ImportJob:32 - finish importing....
[2025-05-21 01:25:42]  INFO [ThreadPoolTaskScheduler-3] com.flatirons.pinpoint.server.imports.ImportJob:30 - start importing....
[2025-05-21 01:25:42]  INFO [ThreadPoolTaskScheduler-3] com.flatirons.pinpoint.server.imports.service.impl.ImportLibraryPublicationServiceImpl:75 - Start process import model..
[2025-05-21 01:25:42]  INFO [ThreadPoolTaskScheduler-3] com.flatirons.pinpoint.server.imports.service.impl.ImportLibraryPublicationServiceImpl:235 - Start get all wait import revision from DB...
[2025-05-21 01:25:42]  INFO [ThreadPoolTaskScheduler-3] com.flatirons.pinpoint.server.imports.service.impl.ImportLibraryPublicationServiceImpl:245 - Finish get all wait import revision from DB, size is 0...
[2025-05-21 01:25:42]  INFO [ThreadPoolTaskScheduler-3] com.flatirons.pinpoint.server.imports.service.impl.ImportLibraryPublicationServiceImpl:148 - There is no revision that need to import...
[2025-05-21 01:25:42]  INFO [ThreadPoolTaskScheduler-3] com.flatirons.pinpoint.server.imports.service.impl.ImportLibraryPublicationServiceImpl:154 - Finish process import model..
[2025-05-21 01:25:42]  INFO [ThreadPoolTaskScheduler-3] com.flatirons.pinpoint.server.imports.ImportJob:32 - finish importing....
[2025-05-21 01:25:44]  INFO [ThreadPoolTaskScheduler-3] com.flatirons.pinpoint.server.imports.ImportJob:30 - start importing....
[2025-05-21 01:25:44]  INFO [ThreadPoolTaskScheduler-3] com.flatirons.pinpoint.server.imports.service.impl.ImportLibraryPublicationServiceImpl:75 - Start process import model..
[2025-05-21 01:25:44]  INFO [ThreadPoolTaskScheduler-3] com.flatirons.pinpoint.server.imports.service.impl.ImportLibraryPublicationServiceImpl:235 - Start get all wait import revision from DB...
[2025-05-21 01:25:44]  INFO [ThreadPoolTaskScheduler-3] com.flatirons.pinpoint.server.imports.service.impl.ImportLibraryPublicationServiceImpl:245 - Finish get all wait import revision from DB, size is 0...
[2025-05-21 01:25:44]  INFO [ThreadPoolTaskScheduler-3] com.flatirons.pinpoint.server.imports.service.impl.ImportLibraryPublicationServiceImpl:148 - There is no revision that need to import...
[2025-05-21 01:25:44]  INFO [ThreadPoolTaskScheduler-3] com.flatirons.pinpoint.server.imports.service.impl.ImportLibraryPublicationServiceImpl:154 - Finish process import model..
[2025-05-21 01:25:44]  INFO [ThreadPoolTaskScheduler-3] com.flatirons.pinpoint.server.imports.ImportJob:32 - finish importing....
[2025-05-21 01:25:46]  INFO [ThreadPoolTaskScheduler-3] com.flatirons.pinpoint.server.imports.ImportJob:30 - start importing....
[2025-05-21 01:25:46]  INFO [ThreadPoolTaskScheduler-3] com.flatirons.pinpoint.server.imports.service.impl.ImportLibraryPublicationServiceImpl:75 - Start process import model..
[2025-05-21 01:25:46]  INFO [ThreadPoolTaskScheduler-3] com.flatirons.pinpoint.server.imports.service.impl.ImportLibraryPublicationServiceImpl:235 - Start get all wait import revision from DB...
[2025-05-21 01:25:46]  INFO [ThreadPoolTaskScheduler-3] com.flatirons.pinpoint.server.imports.service.impl.ImportLibraryPublicationServiceImpl:245 - Finish get all wait import revision from DB, size is 0...
[2025-05-21 01:25:46]  INFO [ThreadPoolTaskScheduler-3] com.flatirons.pinpoint.server.imports.service.impl.ImportLibraryPublicationServiceImpl:148 - There is no revision that need to import...
[2025-05-21 01:25:46]  INFO [ThreadPoolTaskScheduler-3] com.flatirons.pinpoint.server.imports.service.impl.ImportLibraryPublicationServiceImpl:154 - Finish process import model..
[2025-05-21 01:25:46]  INFO [ThreadPoolTaskScheduler-3] com.flatirons.pinpoint.server.imports.ImportJob:32 - finish importing....
[2025-05-21 01:25:48]  INFO [ThreadPoolTaskScheduler-7] com.flatirons.pinpoint.server.imports.ImportJob:30 - start importing....
[2025-05-21 01:25:48]  INFO [ThreadPoolTaskScheduler-7] com.flatirons.pinpoint.server.imports.service.impl.ImportLibraryPublicationServiceImpl:75 - Start process import model..
[2025-05-21 01:25:48]  INFO [ThreadPoolTaskScheduler-7] com.flatirons.pinpoint.server.imports.service.impl.ImportLibraryPublicationServiceImpl:235 - Start get all wait import revision from DB...
[2025-05-21 01:25:48]  INFO [ThreadPoolTaskScheduler-7] com.flatirons.pinpoint.server.imports.service.impl.ImportLibraryPublicationServiceImpl:245 - Finish get all wait import revision from DB, size is 0...
[2025-05-21 01:25:48]  INFO [ThreadPoolTaskScheduler-7] com.flatirons.pinpoint.server.imports.service.impl.ImportLibraryPublicationServiceImpl:148 - There is no revision that need to import...
[2025-05-21 01:25:48]  INFO [ThreadPoolTaskScheduler-7] com.flatirons.pinpoint.server.imports.service.impl.ImportLibraryPublicationServiceImpl:154 - Finish process import model..
[2025-05-21 01:25:48]  INFO [ThreadPoolTaskScheduler-7] com.flatirons.pinpoint.server.imports.ImportJob:32 - finish importing....
[2025-05-21 01:25:50]  INFO [ThreadPoolTaskScheduler-7] com.flatirons.pinpoint.server.imports.ImportJob:30 - start importing....
[2025-05-21 01:25:50]  INFO [ThreadPoolTaskScheduler-7] com.flatirons.pinpoint.server.imports.service.impl.ImportLibraryPublicationServiceImpl:75 - Start process import model..
[2025-05-21 01:25:50]  INFO [ThreadPoolTaskScheduler-7] com.flatirons.pinpoint.server.imports.service.impl.ImportLibraryPublicationServiceImpl:235 - Start get all wait import revision from DB...
[2025-05-21 01:25:50]  INFO [ThreadPoolTaskScheduler-7] com.flatirons.pinpoint.server.imports.service.impl.ImportLibraryPublicationServiceImpl:245 - Finish get all wait import revision from DB, size is 0...
[2025-05-21 01:25:50]  INFO [ThreadPoolTaskScheduler-7] com.flatirons.pinpoint.server.imports.service.impl.ImportLibraryPublicationServiceImpl:148 - There is no revision that need to import...
[2025-05-21 01:25:50]  INFO [ThreadPoolTaskScheduler-7] com.flatirons.pinpoint.server.imports.service.impl.ImportLibraryPublicationServiceImpl:154 - Finish process import model..
[2025-05-21 01:25:50]  INFO [ThreadPoolTaskScheduler-7] com.flatirons.pinpoint.server.imports.ImportJob:32 - finish importing....
[2025-05-21 01:25:52]  INFO [ThreadPoolTaskScheduler-7] com.flatirons.pinpoint.server.imports.ImportJob:30 - start importing....
[2025-05-21 01:25:52]  INFO [ThreadPoolTaskScheduler-7] com.flatirons.pinpoint.server.imports.service.impl.ImportLibraryPublicationServiceImpl:75 - Start process import model..
[2025-05-21 01:25:52]  INFO [ThreadPoolTaskScheduler-7] com.flatirons.pinpoint.server.imports.service.impl.ImportLibraryPublicationServiceImpl:235 - Start get all wait import revision from DB...
[2025-05-21 01:25:52]  INFO [ThreadPoolTaskScheduler-7] com.flatirons.pinpoint.server.imports.service.impl.ImportLibraryPublicationServiceImpl:245 - Finish get all wait import revision from DB, size is 0...
[2025-05-21 01:25:52]  INFO [ThreadPoolTaskScheduler-7] com.flatirons.pinpoint.server.imports.service.impl.ImportLibraryPublicationServiceImpl:148 - There is no revision that need to import...
[2025-05-21 01:25:52]  INFO [ThreadPoolTaskScheduler-7] com.flatirons.pinpoint.server.imports.service.impl.ImportLibraryPublicationServiceImpl:154 - Finish process import model..
[2025-05-21 01:25:52]  INFO [ThreadPoolTaskScheduler-7] com.flatirons.pinpoint.server.imports.ImportJob:32 - finish importing....
[2025-05-21 01:25:54]  INFO [ThreadPoolTaskScheduler-7] com.flatirons.pinpoint.server.imports.ImportJob:30 - start importing....
[2025-05-21 01:25:54]  INFO [ThreadPoolTaskScheduler-7] com.flatirons.pinpoint.server.imports.service.impl.ImportLibraryPublicationServiceImpl:75 - Start process import model..
[2025-05-21 01:25:54]  INFO [ThreadPoolTaskScheduler-7] com.flatirons.pinpoint.server.imports.service.impl.ImportLibraryPublicationServiceImpl:235 - Start get all wait import revision from DB...
[2025-05-21 01:25:54]  INFO [ThreadPoolTaskScheduler-7] com.flatirons.pinpoint.server.imports.service.impl.ImportLibraryPublicationServiceImpl:245 - Finish get all wait import revision from DB, size is 0...
[2025-05-21 01:25:54]  INFO [ThreadPoolTaskScheduler-7] com.flatirons.pinpoint.server.imports.service.impl.ImportLibraryPublicationServiceImpl:148 - There is no revision that need to import...
[2025-05-21 01:25:54]  INFO [ThreadPoolTaskScheduler-7] com.flatirons.pinpoint.server.imports.service.impl.ImportLibraryPublicationServiceImpl:154 - Finish process import model..
[2025-05-21 01:25:54]  INFO [ThreadPoolTaskScheduler-7] com.flatirons.pinpoint.server.imports.ImportJob:32 - finish importing....
[2025-05-21 01:25:56]  INFO [ThreadPoolTaskScheduler-7] com.flatirons.pinpoint.server.imports.ImportJob:30 - start importing....
[2025-05-21 01:25:56]  INFO [ThreadPoolTaskScheduler-7] com.flatirons.pinpoint.server.imports.service.impl.ImportLibraryPublicationServiceImpl:75 - Start process import model..
[2025-05-21 01:25:56]  INFO [ThreadPoolTaskScheduler-7] com.flatirons.pinpoint.server.imports.service.impl.ImportLibraryPublicationServiceImpl:235 - Start get all wait import revision from DB...
[2025-05-21 01:25:56]  INFO [ThreadPoolTaskScheduler-7] com.flatirons.pinpoint.server.imports.service.impl.ImportLibraryPublicationServiceImpl:245 - Finish get all wait import revision from DB, size is 0...
[2025-05-21 01:25:56]  INFO [ThreadPoolTaskScheduler-7] com.flatirons.pinpoint.server.imports.service.impl.ImportLibraryPublicationServiceImpl:148 - There is no revision that need to import...
[2025-05-21 01:25:56]  INFO [ThreadPoolTaskScheduler-7] com.flatirons.pinpoint.server.imports.service.impl.ImportLibraryPublicationServiceImpl:154 - Finish process import model..
[2025-05-21 01:25:56]  INFO [ThreadPoolTaskScheduler-7] com.flatirons.pinpoint.server.imports.ImportJob:32 - finish importing....
[2025-05-21 01:25:58]  INFO [ThreadPoolTaskScheduler-7] com.flatirons.pinpoint.server.imports.ImportJob:30 - start importing....
[2025-05-21 01:25:58]  INFO [ThreadPoolTaskScheduler-7] com.flatirons.pinpoint.server.imports.service.impl.ImportLibraryPublicationServiceImpl:75 - Start process import model..
[2025-05-21 01:25:58]  INFO [ThreadPoolTaskScheduler-7] com.flatirons.pinpoint.server.imports.service.impl.ImportLibraryPublicationServiceImpl:235 - Start get all wait import revision from DB...
[2025-05-21 01:25:58]  INFO [ThreadPoolTaskScheduler-7] com.flatirons.pinpoint.server.imports.service.impl.ImportLibraryPublicationServiceImpl:245 - Finish get all wait import revision from DB, size is 0...
[2025-05-21 01:25:58]  INFO [ThreadPoolTaskScheduler-7] com.flatirons.pinpoint.server.imports.service.impl.ImportLibraryPublicationServiceImpl:148 - There is no revision that need to import...
[2025-05-21 01:25:58]  INFO [ThreadPoolTaskScheduler-7] com.flatirons.pinpoint.server.imports.service.impl.ImportLibraryPublicationServiceImpl:154 - Finish process import model..
[2025-05-21 01:25:58]  INFO [ThreadPoolTaskScheduler-7] com.flatirons.pinpoint.server.imports.ImportJob:32 - finish importing....
[2025-05-21 01:26:00]  INFO [ThreadPoolTaskScheduler-7] com.flatirons.pinpoint.server.imports.ImportJob:30 - start importing....
[2025-05-21 01:26:00]  INFO [ThreadPoolTaskScheduler-4] com.flatirons.pinpoint.server.imports.service.impl.ImportLibraryPublicationServiceImpl:62 - Start process archive model..
[2025-05-21 01:26:00]  INFO [ThreadPoolTaskScheduler-4] com.flatirons.pinpoint.server.imports.service.impl.ImportLibraryPublicationServiceImpl:187 - Start get all wait archive revisions from DB...
[2025-05-21 01:26:00]  INFO [ThreadPoolTaskScheduler-7] com.flatirons.pinpoint.server.imports.service.impl.ImportLibraryPublicationServiceImpl:75 - Start process import model..
[2025-05-21 01:26:00]  INFO [ThreadPoolTaskScheduler-7] com.flatirons.pinpoint.server.imports.service.impl.ImportLibraryPublicationServiceImpl:235 - Start get all wait import revision from DB...
[2025-05-21 01:26:00]  INFO [ThreadPoolTaskScheduler-4] com.flatirons.pinpoint.server.imports.service.impl.ImportLibraryPublicationServiceImpl:190 - Finish get all wait archive revisions from DB, size is 0...
[2025-05-21 01:26:00]  INFO [ThreadPoolTaskScheduler-4] com.flatirons.pinpoint.server.imports.service.impl.ImportLibraryPublicationServiceImpl:113 - Finish process archive model..
[2025-05-21 01:26:00]  INFO [ThreadPoolTaskScheduler-7] com.flatirons.pinpoint.server.imports.service.impl.ImportLibraryPublicationServiceImpl:245 - Finish get all wait import revision from DB, size is 0...
[2025-05-21 01:26:00]  INFO [ThreadPoolTaskScheduler-7] com.flatirons.pinpoint.server.imports.service.impl.ImportLibraryPublicationServiceImpl:148 - There is no revision that need to import...
[2025-05-21 01:26:00]  INFO [ThreadPoolTaskScheduler-7] com.flatirons.pinpoint.server.imports.service.impl.ImportLibraryPublicationServiceImpl:154 - Finish process import model..
[2025-05-21 01:26:00]  INFO [ThreadPoolTaskScheduler-7] com.flatirons.pinpoint.server.imports.ImportJob:32 - finish importing....
[2025-05-21 01:26:02]  INFO [ThreadPoolTaskScheduler-7] com.flatirons.pinpoint.server.imports.ImportJob:30 - start importing....
[2025-05-21 01:26:02]  INFO [ThreadPoolTaskScheduler-7] com.flatirons.pinpoint.server.imports.service.impl.ImportLibraryPublicationServiceImpl:75 - Start process import model..
[2025-05-21 01:26:02]  INFO [ThreadPoolTaskScheduler-7] com.flatirons.pinpoint.server.imports.service.impl.ImportLibraryPublicationServiceImpl:235 - Start get all wait import revision from DB...
[2025-05-21 01:26:02]  INFO [ThreadPoolTaskScheduler-7] com.flatirons.pinpoint.server.imports.service.impl.ImportLibraryPublicationServiceImpl:245 - Finish get all wait import revision from DB, size is 0...
[2025-05-21 01:26:02]  INFO [ThreadPoolTaskScheduler-7] com.flatirons.pinpoint.server.imports.service.impl.ImportLibraryPublicationServiceImpl:148 - There is no revision that need to import...
[2025-05-21 01:26:02]  INFO [ThreadPoolTaskScheduler-7] com.flatirons.pinpoint.server.imports.service.impl.ImportLibraryPublicationServiceImpl:154 - Finish process import model..
[2025-05-21 01:26:02]  INFO [ThreadPoolTaskScheduler-7] com.flatirons.pinpoint.server.imports.ImportJob:32 - finish importing....
[2025-05-21 01:26:04]  INFO [ThreadPoolTaskScheduler-7] com.flatirons.pinpoint.server.imports.ImportJob:30 - start importing....
[2025-05-21 01:26:04]  INFO [ThreadPoolTaskScheduler-7] com.flatirons.pinpoint.server.imports.service.impl.ImportLibraryPublicationServiceImpl:75 - Start process import model..
[2025-05-21 01:26:04]  INFO [ThreadPoolTaskScheduler-7] com.flatirons.pinpoint.server.imports.service.impl.ImportLibraryPublicationServiceImpl:235 - Start get all wait import revision from DB...
[2025-05-21 01:26:04]  INFO [ThreadPoolTaskScheduler-7] com.flatirons.pinpoint.server.imports.service.impl.ImportLibraryPublicationServiceImpl:245 - Finish get all wait import revision from DB, size is 0...
[2025-05-21 01:26:04]  INFO [ThreadPoolTaskScheduler-7] com.flatirons.pinpoint.server.imports.service.impl.ImportLibraryPublicationServiceImpl:148 - There is no revision that need to import...
[2025-05-21 01:26:04]  INFO [ThreadPoolTaskScheduler-7] com.flatirons.pinpoint.server.imports.service.impl.ImportLibraryPublicationServiceImpl:154 - Finish process import model..
[2025-05-21 01:26:04]  INFO [ThreadPoolTaskScheduler-7] com.flatirons.pinpoint.server.imports.ImportJob:32 - finish importing....
[2025-05-21 01:26:06]  INFO [ThreadPoolTaskScheduler-7] com.flatirons.pinpoint.server.imports.ImportJob:30 - start importing....
[2025-05-21 01:26:06]  INFO [ThreadPoolTaskScheduler-7] com.flatirons.pinpoint.server.imports.service.impl.ImportLibraryPublicationServiceImpl:75 - Start process import model..
[2025-05-21 01:26:06]  INFO [ThreadPoolTaskScheduler-7] com.flatirons.pinpoint.server.imports.service.impl.ImportLibraryPublicationServiceImpl:235 - Start get all wait import revision from DB...
[2025-05-21 01:26:06]  INFO [ThreadPoolTaskScheduler-7] com.flatirons.pinpoint.server.imports.service.impl.ImportLibraryPublicationServiceImpl:245 - Finish get all wait import revision from DB, size is 0...
[2025-05-21 01:26:06]  INFO [ThreadPoolTaskScheduler-7] com.flatirons.pinpoint.server.imports.service.impl.ImportLibraryPublicationServiceImpl:148 - There is no revision that need to import...
[2025-05-21 01:26:06]  INFO [ThreadPoolTaskScheduler-7] com.flatirons.pinpoint.server.imports.service.impl.ImportLibraryPublicationServiceImpl:154 - Finish process import model..
[2025-05-21 01:26:06]  INFO [ThreadPoolTaskScheduler-7] com.flatirons.pinpoint.server.imports.ImportJob:32 - finish importing....
[2025-05-21 01:26:08]  INFO [ThreadPoolTaskScheduler-4] com.flatirons.pinpoint.server.imports.ImportJob:30 - start importing....
[2025-05-21 01:26:08]  INFO [ThreadPoolTaskScheduler-4] com.flatirons.pinpoint.server.imports.service.impl.ImportLibraryPublicationServiceImpl:75 - Start process import model..
[2025-05-21 01:26:08]  INFO [ThreadPoolTaskScheduler-4] com.flatirons.pinpoint.server.imports.service.impl.ImportLibraryPublicationServiceImpl:235 - Start get all wait import revision from DB...
[2025-05-21 01:26:08]  INFO [ThreadPoolTaskScheduler-4] com.flatirons.pinpoint.server.imports.service.impl.ImportLibraryPublicationServiceImpl:245 - Finish get all wait import revision from DB, size is 0...
[2025-05-21 01:26:08]  INFO [ThreadPoolTaskScheduler-4] com.flatirons.pinpoint.server.imports.service.impl.ImportLibraryPublicationServiceImpl:148 - There is no revision that need to import...
[2025-05-21 01:26:08]  INFO [ThreadPoolTaskScheduler-4] com.flatirons.pinpoint.server.imports.service.impl.ImportLibraryPublicationServiceImpl:154 - Finish process import model..
[2025-05-21 01:26:08]  INFO [ThreadPoolTaskScheduler-4] com.flatirons.pinpoint.server.imports.ImportJob:32 - finish importing....
[2025-05-21 01:26:10]  INFO [ThreadPoolTaskScheduler-2] com.flatirons.pinpoint.server.imports.ImportJob:30 - start importing....
[2025-05-21 01:26:10]  INFO [ThreadPoolTaskScheduler-2] com.flatirons.pinpoint.server.imports.service.impl.ImportLibraryPublicationServiceImpl:75 - Start process import model..
[2025-05-21 01:26:10]  INFO [ThreadPoolTaskScheduler-2] com.flatirons.pinpoint.server.imports.service.impl.ImportLibraryPublicationServiceImpl:235 - Start get all wait import revision from DB...
[2025-05-21 01:26:10]  INFO [ThreadPoolTaskScheduler-2] com.flatirons.pinpoint.server.imports.service.impl.ImportLibraryPublicationServiceImpl:245 - Finish get all wait import revision from DB, size is 0...
[2025-05-21 01:26:10]  INFO [ThreadPoolTaskScheduler-2] com.flatirons.pinpoint.server.imports.service.impl.ImportLibraryPublicationServiceImpl:148 - There is no revision that need to import...
[2025-05-21 01:26:10]  INFO [ThreadPoolTaskScheduler-2] com.flatirons.pinpoint.server.imports.service.impl.ImportLibraryPublicationServiceImpl:154 - Finish process import model..
[2025-05-21 01:26:10]  INFO [ThreadPoolTaskScheduler-2] com.flatirons.pinpoint.server.imports.ImportJob:32 - finish importing....
[2025-05-21 01:26:12]  INFO [ThreadPoolTaskScheduler-2] com.flatirons.pinpoint.server.imports.ImportJob:30 - start importing....
[2025-05-21 01:26:12]  INFO [ThreadPoolTaskScheduler-2] com.flatirons.pinpoint.server.imports.service.impl.ImportLibraryPublicationServiceImpl:75 - Start process import model..
[2025-05-21 01:26:12]  INFO [ThreadPoolTaskScheduler-2] com.flatirons.pinpoint.server.imports.service.impl.ImportLibraryPublicationServiceImpl:235 - Start get all wait import revision from DB...
[2025-05-21 01:26:12]  INFO [ThreadPoolTaskScheduler-2] com.flatirons.pinpoint.server.imports.service.impl.ImportLibraryPublicationServiceImpl:245 - Finish get all wait import revision from DB, size is 0...
[2025-05-21 01:26:12]  INFO [ThreadPoolTaskScheduler-2] com.flatirons.pinpoint.server.imports.service.impl.ImportLibraryPublicationServiceImpl:148 - There is no revision that need to import...
[2025-05-21 01:26:12]  INFO [ThreadPoolTaskScheduler-2] com.flatirons.pinpoint.server.imports.service.impl.ImportLibraryPublicationServiceImpl:154 - Finish process import model..
[2025-05-21 01:26:12]  INFO [ThreadPoolTaskScheduler-2] com.flatirons.pinpoint.server.imports.ImportJob:32 - finish importing....
[2025-05-21 01:26:14]  INFO [ThreadPoolTaskScheduler-2] com.flatirons.pinpoint.server.imports.ImportJob:30 - start importing....
[2025-05-21 01:26:14]  INFO [ThreadPoolTaskScheduler-2] com.flatirons.pinpoint.server.imports.service.impl.ImportLibraryPublicationServiceImpl:75 - Start process import model..
[2025-05-21 01:26:14]  INFO [ThreadPoolTaskScheduler-2] com.flatirons.pinpoint.server.imports.service.impl.ImportLibraryPublicationServiceImpl:235 - Start get all wait import revision from DB...
[2025-05-21 01:26:14]  INFO [ThreadPoolTaskScheduler-2] com.flatirons.pinpoint.server.imports.service.impl.ImportLibraryPublicationServiceImpl:245 - Finish get all wait import revision from DB, size is 0...
[2025-05-21 01:26:14]  INFO [ThreadPoolTaskScheduler-2] com.flatirons.pinpoint.server.imports.service.impl.ImportLibraryPublicationServiceImpl:148 - There is no revision that need to import...
[2025-05-21 01:26:14]  INFO [ThreadPoolTaskScheduler-2] com.flatirons.pinpoint.server.imports.service.impl.ImportLibraryPublicationServiceImpl:154 - Finish process import model..
[2025-05-21 01:26:14]  INFO [ThreadPoolTaskScheduler-2] com.flatirons.pinpoint.server.imports.ImportJob:32 - finish importing....
[2025-05-21 01:26:16]  INFO [ThreadPoolTaskScheduler-9] com.flatirons.pinpoint.server.imports.ImportJob:30 - start importing....
[2025-05-21 01:26:16]  INFO [ThreadPoolTaskScheduler-9] com.flatirons.pinpoint.server.imports.service.impl.ImportLibraryPublicationServiceImpl:75 - Start process import model..
[2025-05-21 01:26:16]  INFO [ThreadPoolTaskScheduler-9] com.flatirons.pinpoint.server.imports.service.impl.ImportLibraryPublicationServiceImpl:235 - Start get all wait import revision from DB...
[2025-05-21 01:26:16]  INFO [ThreadPoolTaskScheduler-9] com.flatirons.pinpoint.server.imports.service.impl.ImportLibraryPublicationServiceImpl:245 - Finish get all wait import revision from DB, size is 0...
[2025-05-21 01:26:16]  INFO [ThreadPoolTaskScheduler-9] com.flatirons.pinpoint.server.imports.service.impl.ImportLibraryPublicationServiceImpl:148 - There is no revision that need to import...
[2025-05-21 01:26:16]  INFO [ThreadPoolTaskScheduler-9] com.flatirons.pinpoint.server.imports.service.impl.ImportLibraryPublicationServiceImpl:154 - Finish process import model..
[2025-05-21 01:26:16]  INFO [ThreadPoolTaskScheduler-9] com.flatirons.pinpoint.server.imports.ImportJob:32 - finish importing....
[2025-05-21 01:26:18]  INFO [ThreadPoolTaskScheduler-9] com.flatirons.pinpoint.server.imports.ImportJob:30 - start importing....
[2025-05-21 01:26:18]  INFO [ThreadPoolTaskScheduler-9] com.flatirons.pinpoint.server.imports.service.impl.ImportLibraryPublicationServiceImpl:75 - Start process import model..
[2025-05-21 01:26:18]  INFO [ThreadPoolTaskScheduler-9] com.flatirons.pinpoint.server.imports.service.impl.ImportLibraryPublicationServiceImpl:235 - Start get all wait import revision from DB...
[2025-05-21 01:26:18]  INFO [ThreadPoolTaskScheduler-9] com.flatirons.pinpoint.server.imports.service.impl.ImportLibraryPublicationServiceImpl:245 - Finish get all wait import revision from DB, size is 0...
[2025-05-21 01:26:18]  INFO [ThreadPoolTaskScheduler-9] com.flatirons.pinpoint.server.imports.service.impl.ImportLibraryPublicationServiceImpl:148 - There is no revision that need to import...
[2025-05-21 01:26:18]  INFO [ThreadPoolTaskScheduler-9] com.flatirons.pinpoint.server.imports.service.impl.ImportLibraryPublicationServiceImpl:154 - Finish process import model..
[2025-05-21 01:26:18]  INFO [ThreadPoolTaskScheduler-9] com.flatirons.pinpoint.server.imports.ImportJob:32 - finish importing....
[2025-05-21 01:26:20]  INFO [ThreadPoolTaskScheduler-9] com.flatirons.pinpoint.server.imports.ImportJob:30 - start importing....
[2025-05-21 01:26:20]  INFO [ThreadPoolTaskScheduler-9] com.flatirons.pinpoint.server.imports.service.impl.ImportLibraryPublicationServiceImpl:75 - Start process import model..
[2025-05-21 01:26:20]  INFO [ThreadPoolTaskScheduler-9] com.flatirons.pinpoint.server.imports.service.impl.ImportLibraryPublicationServiceImpl:235 - Start get all wait import revision from DB...
[2025-05-21 01:26:20]  INFO [ThreadPoolTaskScheduler-9] com.flatirons.pinpoint.server.imports.service.impl.ImportLibraryPublicationServiceImpl:245 - Finish get all wait import revision from DB, size is 0...
[2025-05-21 01:26:20]  INFO [ThreadPoolTaskScheduler-9] com.flatirons.pinpoint.server.imports.service.impl.ImportLibraryPublicationServiceImpl:148 - There is no revision that need to import...
[2025-05-21 01:26:20]  INFO [ThreadPoolTaskScheduler-9] com.flatirons.pinpoint.server.imports.service.impl.ImportLibraryPublicationServiceImpl:154 - Finish process import model..
[2025-05-21 01:26:20]  INFO [ThreadPoolTaskScheduler-9] com.flatirons.pinpoint.server.imports.ImportJob:32 - finish importing....
[2025-05-21 01:26:22]  INFO [ThreadPoolTaskScheduler-9] com.flatirons.pinpoint.server.imports.ImportJob:30 - start importing....
[2025-05-21 01:26:22]  INFO [ThreadPoolTaskScheduler-9] com.flatirons.pinpoint.server.imports.service.impl.ImportLibraryPublicationServiceImpl:75 - Start process import model..
[2025-05-21 01:26:22]  INFO [ThreadPoolTaskScheduler-9] com.flatirons.pinpoint.server.imports.service.impl.ImportLibraryPublicationServiceImpl:235 - Start get all wait import revision from DB...
[2025-05-21 01:26:22]  INFO [ThreadPoolTaskScheduler-9] com.flatirons.pinpoint.server.imports.service.impl.ImportLibraryPublicationServiceImpl:245 - Finish get all wait import revision from DB, size is 0...
[2025-05-21 01:26:22]  INFO [ThreadPoolTaskScheduler-9] com.flatirons.pinpoint.server.imports.service.impl.ImportLibraryPublicationServiceImpl:148 - There is no revision that need to import...
[2025-05-21 01:26:22]  INFO [ThreadPoolTaskScheduler-9] com.flatirons.pinpoint.server.imports.service.impl.ImportLibraryPublicationServiceImpl:154 - Finish process import model..
[2025-05-21 01:26:22]  INFO [ThreadPoolTaskScheduler-9] com.flatirons.pinpoint.server.imports.ImportJob:32 - finish importing....
[2025-05-21 01:26:24]  INFO [ThreadPoolTaskScheduler-9] com.flatirons.pinpoint.server.imports.ImportJob:30 - start importing....
[2025-05-21 01:26:24]  INFO [ThreadPoolTaskScheduler-9] com.flatirons.pinpoint.server.imports.service.impl.ImportLibraryPublicationServiceImpl:75 - Start process import model..
[2025-05-21 01:26:24]  INFO [ThreadPoolTaskScheduler-9] com.flatirons.pinpoint.server.imports.service.impl.ImportLibraryPublicationServiceImpl:235 - Start get all wait import revision from DB...
[2025-05-21 01:26:24]  INFO [ThreadPoolTaskScheduler-9] com.flatirons.pinpoint.server.imports.service.impl.ImportLibraryPublicationServiceImpl:245 - Finish get all wait import revision from DB, size is 0...
[2025-05-21 01:26:24]  INFO [ThreadPoolTaskScheduler-9] com.flatirons.pinpoint.server.imports.service.impl.ImportLibraryPublicationServiceImpl:148 - There is no revision that need to import...
[2025-05-21 01:26:24]  INFO [ThreadPoolTaskScheduler-9] com.flatirons.pinpoint.server.imports.service.impl.ImportLibraryPublicationServiceImpl:154 - Finish process import model..
[2025-05-21 01:26:24]  INFO [ThreadPoolTaskScheduler-9] com.flatirons.pinpoint.server.imports.ImportJob:32 - finish importing....
[2025-05-21 01:26:26]  INFO [ThreadPoolTaskScheduler-9] com.flatirons.pinpoint.server.imports.ImportJob:30 - start importing....
[2025-05-21 01:26:26]  INFO [ThreadPoolTaskScheduler-9] com.flatirons.pinpoint.server.imports.service.impl.ImportLibraryPublicationServiceImpl:75 - Start process import model..
[2025-05-21 01:26:26]  INFO [ThreadPoolTaskScheduler-9] com.flatirons.pinpoint.server.imports.service.impl.ImportLibraryPublicationServiceImpl:235 - Start get all wait import revision from DB...
[2025-05-21 01:26:26]  INFO [ThreadPoolTaskScheduler-9] com.flatirons.pinpoint.server.imports.service.impl.ImportLibraryPublicationServiceImpl:245 - Finish get all wait import revision from DB, size is 0...
[2025-05-21 01:26:26]  INFO [ThreadPoolTaskScheduler-9] com.flatirons.pinpoint.server.imports.service.impl.ImportLibraryPublicationServiceImpl:148 - There is no revision that need to import...
[2025-05-21 01:26:26]  INFO [ThreadPoolTaskScheduler-9] com.flatirons.pinpoint.server.imports.service.impl.ImportLibraryPublicationServiceImpl:154 - Finish process import model..
[2025-05-21 01:26:26]  INFO [ThreadPoolTaskScheduler-9] com.flatirons.pinpoint.server.imports.ImportJob:32 - finish importing....
[2025-05-21 01:26:28]  INFO [ThreadPoolTaskScheduler-9] com.flatirons.pinpoint.server.imports.ImportJob:30 - start importing....
[2025-05-21 01:26:28]  INFO [ThreadPoolTaskScheduler-9] com.flatirons.pinpoint.server.imports.service.impl.ImportLibraryPublicationServiceImpl:75 - Start process import model..
[2025-05-21 01:26:28]  INFO [ThreadPoolTaskScheduler-9] com.flatirons.pinpoint.server.imports.service.impl.ImportLibraryPublicationServiceImpl:235 - Start get all wait import revision from DB...
[2025-05-21 01:26:28]  INFO [ThreadPoolTaskScheduler-9] com.flatirons.pinpoint.server.imports.service.impl.ImportLibraryPublicationServiceImpl:245 - Finish get all wait import revision from DB, size is 0...
[2025-05-21 01:26:28]  INFO [ThreadPoolTaskScheduler-9] com.flatirons.pinpoint.server.imports.service.impl.ImportLibraryPublicationServiceImpl:148 - There is no revision that need to import...
[2025-05-21 01:26:28]  INFO [ThreadPoolTaskScheduler-9] com.flatirons.pinpoint.server.imports.service.impl.ImportLibraryPublicationServiceImpl:154 - Finish process import model..
[2025-05-21 01:26:28]  INFO [ThreadPoolTaskScheduler-9] com.flatirons.pinpoint.server.imports.ImportJob:32 - finish importing....
[2025-05-21 01:26:30]  INFO [ThreadPoolTaskScheduler-7] com.flatirons.pinpoint.server.imports.ImportJob:30 - start importing....
[2025-05-21 01:26:30]  INFO [ThreadPoolTaskScheduler-7] com.flatirons.pinpoint.server.imports.service.impl.ImportLibraryPublicationServiceImpl:75 - Start process import model..
[2025-05-21 01:26:30]  INFO [ThreadPoolTaskScheduler-7] com.flatirons.pinpoint.server.imports.service.impl.ImportLibraryPublicationServiceImpl:235 - Start get all wait import revision from DB...
[2025-05-21 01:26:30]  INFO [ThreadPoolTaskScheduler-7] com.flatirons.pinpoint.server.imports.service.impl.ImportLibraryPublicationServiceImpl:245 - Finish get all wait import revision from DB, size is 0...
[2025-05-21 01:26:30]  INFO [ThreadPoolTaskScheduler-7] com.flatirons.pinpoint.server.imports.service.impl.ImportLibraryPublicationServiceImpl:148 - There is no revision that need to import...
[2025-05-21 01:26:30]  INFO [ThreadPoolTaskScheduler-7] com.flatirons.pinpoint.server.imports.service.impl.ImportLibraryPublicationServiceImpl:154 - Finish process import model..
[2025-05-21 01:26:30]  INFO [ThreadPoolTaskScheduler-7] com.flatirons.pinpoint.server.imports.ImportJob:32 - finish importing....
[2025-05-21 01:26:32]  INFO [ThreadPoolTaskScheduler-7] com.flatirons.pinpoint.server.imports.ImportJob:30 - start importing....
[2025-05-21 01:26:32]  INFO [ThreadPoolTaskScheduler-7] com.flatirons.pinpoint.server.imports.service.impl.ImportLibraryPublicationServiceImpl:75 - Start process import model..
[2025-05-21 01:26:32]  INFO [ThreadPoolTaskScheduler-7] com.flatirons.pinpoint.server.imports.service.impl.ImportLibraryPublicationServiceImpl:235 - Start get all wait import revision from DB...
[2025-05-21 01:26:32]  INFO [ThreadPoolTaskScheduler-7] com.flatirons.pinpoint.server.imports.service.impl.ImportLibraryPublicationServiceImpl:245 - Finish get all wait import revision from DB, size is 0...
[2025-05-21 01:26:32]  INFO [ThreadPoolTaskScheduler-7] com.flatirons.pinpoint.server.imports.service.impl.ImportLibraryPublicationServiceImpl:148 - There is no revision that need to import...
[2025-05-21 01:26:32]  INFO [ThreadPoolTaskScheduler-7] com.flatirons.pinpoint.server.imports.service.impl.ImportLibraryPublicationServiceImpl:154 - Finish process import model..
[2025-05-21 01:26:32]  INFO [ThreadPoolTaskScheduler-7] com.flatirons.pinpoint.server.imports.ImportJob:32 - finish importing....
[2025-05-21 01:26:34]  INFO [ThreadPoolTaskScheduler-7] com.flatirons.pinpoint.server.imports.ImportJob:30 - start importing....
[2025-05-21 01:26:34]  INFO [ThreadPoolTaskScheduler-7] com.flatirons.pinpoint.server.imports.service.impl.ImportLibraryPublicationServiceImpl:75 - Start process import model..
[2025-05-21 01:26:34]  INFO [ThreadPoolTaskScheduler-7] com.flatirons.pinpoint.server.imports.service.impl.ImportLibraryPublicationServiceImpl:235 - Start get all wait import revision from DB...
[2025-05-21 01:26:34]  INFO [ThreadPoolTaskScheduler-7] com.flatirons.pinpoint.server.imports.service.impl.ImportLibraryPublicationServiceImpl:245 - Finish get all wait import revision from DB, size is 0...
[2025-05-21 01:26:34]  INFO [ThreadPoolTaskScheduler-7] com.flatirons.pinpoint.server.imports.service.impl.ImportLibraryPublicationServiceImpl:148 - There is no revision that need to import...
[2025-05-21 01:26:34]  INFO [ThreadPoolTaskScheduler-7] com.flatirons.pinpoint.server.imports.service.impl.ImportLibraryPublicationServiceImpl:154 - Finish process import model..
[2025-05-21 01:26:34]  INFO [ThreadPoolTaskScheduler-7] com.flatirons.pinpoint.server.imports.ImportJob:32 - finish importing....
[2025-05-21 01:26:36]  INFO [ThreadPoolTaskScheduler-7] com.flatirons.pinpoint.server.imports.ImportJob:30 - start importing....
[2025-05-21 01:26:36]  INFO [ThreadPoolTaskScheduler-7] com.flatirons.pinpoint.server.imports.service.impl.ImportLibraryPublicationServiceImpl:75 - Start process import model..
[2025-05-21 01:26:36]  INFO [ThreadPoolTaskScheduler-7] com.flatirons.pinpoint.server.imports.service.impl.ImportLibraryPublicationServiceImpl:235 - Start get all wait import revision from DB...
[2025-05-21 01:26:36]  INFO [ThreadPoolTaskScheduler-7] com.flatirons.pinpoint.server.imports.service.impl.ImportLibraryPublicationServiceImpl:245 - Finish get all wait import revision from DB, size is 0...
[2025-05-21 01:26:36]  INFO [ThreadPoolTaskScheduler-7] com.flatirons.pinpoint.server.imports.service.impl.ImportLibraryPublicationServiceImpl:148 - There is no revision that need to import...
[2025-05-21 01:26:36]  INFO [ThreadPoolTaskScheduler-7] com.flatirons.pinpoint.server.imports.service.impl.ImportLibraryPublicationServiceImpl:154 - Finish process import model..
[2025-05-21 01:26:36]  INFO [ThreadPoolTaskScheduler-7] com.flatirons.pinpoint.server.imports.ImportJob:32 - finish importing....
[2025-05-21 01:26:38]  INFO [ThreadPoolTaskScheduler-7] com.flatirons.pinpoint.server.imports.ImportJob:30 - start importing....
[2025-05-21 01:26:38]  INFO [ThreadPoolTaskScheduler-7] com.flatirons.pinpoint.server.imports.service.impl.ImportLibraryPublicationServiceImpl:75 - Start process import model..
[2025-05-21 01:26:38]  INFO [ThreadPoolTaskScheduler-7] com.flatirons.pinpoint.server.imports.service.impl.ImportLibraryPublicationServiceImpl:235 - Start get all wait import revision from DB...
[2025-05-21 01:26:38]  INFO [ThreadPoolTaskScheduler-7] com.flatirons.pinpoint.server.imports.service.impl.ImportLibraryPublicationServiceImpl:245 - Finish get all wait import revision from DB, size is 0...
[2025-05-21 01:26:38]  INFO [ThreadPoolTaskScheduler-7] com.flatirons.pinpoint.server.imports.service.impl.ImportLibraryPublicationServiceImpl:148 - There is no revision that need to import...
[2025-05-21 01:26:38]  INFO [ThreadPoolTaskScheduler-7] com.flatirons.pinpoint.server.imports.service.impl.ImportLibraryPublicationServiceImpl:154 - Finish process import model..
[2025-05-21 01:26:38]  INFO [ThreadPoolTaskScheduler-7] com.flatirons.pinpoint.server.imports.ImportJob:32 - finish importing....
[2025-05-21 01:26:40]  INFO [ThreadPoolTaskScheduler-7] com.flatirons.pinpoint.server.imports.ImportJob:30 - start importing....
[2025-05-21 01:26:40]  INFO [ThreadPoolTaskScheduler-7] com.flatirons.pinpoint.server.imports.service.impl.ImportLibraryPublicationServiceImpl:75 - Start process import model..
[2025-05-21 01:26:40]  INFO [ThreadPoolTaskScheduler-7] com.flatirons.pinpoint.server.imports.service.impl.ImportLibraryPublicationServiceImpl:235 - Start get all wait import revision from DB...
[2025-05-21 01:26:40]  INFO [ThreadPoolTaskScheduler-7] com.flatirons.pinpoint.server.imports.service.impl.ImportLibraryPublicationServiceImpl:245 - Finish get all wait import revision from DB, size is 0...
[2025-05-21 01:26:40]  INFO [ThreadPoolTaskScheduler-7] com.flatirons.pinpoint.server.imports.service.impl.ImportLibraryPublicationServiceImpl:148 - There is no revision that need to import...
[2025-05-21 01:26:40]  INFO [ThreadPoolTaskScheduler-7] com.flatirons.pinpoint.server.imports.service.impl.ImportLibraryPublicationServiceImpl:154 - Finish process import model..
[2025-05-21 01:26:40]  INFO [ThreadPoolTaskScheduler-7] com.flatirons.pinpoint.server.imports.ImportJob:32 - finish importing....
[2025-05-21 01:26:42]  INFO [ThreadPoolTaskScheduler-7] com.flatirons.pinpoint.server.imports.ImportJob:30 - start importing....
[2025-05-21 01:26:42]  INFO [ThreadPoolTaskScheduler-7] com.flatirons.pinpoint.server.imports.service.impl.ImportLibraryPublicationServiceImpl:75 - Start process import model..
[2025-05-21 01:26:42]  INFO [ThreadPoolTaskScheduler-7] com.flatirons.pinpoint.server.imports.service.impl.ImportLibraryPublicationServiceImpl:235 - Start get all wait import revision from DB...
[2025-05-21 01:26:42]  INFO [ThreadPoolTaskScheduler-7] com.flatirons.pinpoint.server.imports.service.impl.ImportLibraryPublicationServiceImpl:245 - Finish get all wait import revision from DB, size is 0...
[2025-05-21 01:26:42]  INFO [ThreadPoolTaskScheduler-7] com.flatirons.pinpoint.server.imports.service.impl.ImportLibraryPublicationServiceImpl:148 - There is no revision that need to import...
[2025-05-21 01:26:42]  INFO [ThreadPoolTaskScheduler-7] com.flatirons.pinpoint.server.imports.service.impl.ImportLibraryPublicationServiceImpl:154 - Finish process import model..
[2025-05-21 01:26:42]  INFO [ThreadPoolTaskScheduler-7] com.flatirons.pinpoint.server.imports.ImportJob:32 - finish importing....
[2025-05-21 01:26:44]  INFO [ThreadPoolTaskScheduler-7] com.flatirons.pinpoint.server.imports.ImportJob:30 - start importing....
[2025-05-21 01:26:44]  INFO [ThreadPoolTaskScheduler-7] com.flatirons.pinpoint.server.imports.service.impl.ImportLibraryPublicationServiceImpl:75 - Start process import model..
[2025-05-21 01:26:44]  INFO [ThreadPoolTaskScheduler-7] com.flatirons.pinpoint.server.imports.service.impl.ImportLibraryPublicationServiceImpl:235 - Start get all wait import revision from DB...
[2025-05-21 01:26:44]  INFO [ThreadPoolTaskScheduler-7] com.flatirons.pinpoint.server.imports.service.impl.ImportLibraryPublicationServiceImpl:245 - Finish get all wait import revision from DB, size is 0...
[2025-05-21 01:26:44]  INFO [ThreadPoolTaskScheduler-7] com.flatirons.pinpoint.server.imports.service.impl.ImportLibraryPublicationServiceImpl:148 - There is no revision that need to import...
[2025-05-21 01:26:44]  INFO [ThreadPoolTaskScheduler-7] com.flatirons.pinpoint.server.imports.service.impl.ImportLibraryPublicationServiceImpl:154 - Finish process import model..
[2025-05-21 01:26:44]  INFO [ThreadPoolTaskScheduler-7] com.flatirons.pinpoint.server.imports.ImportJob:32 - finish importing....
[2025-05-21 01:26:46]  INFO [ThreadPoolTaskScheduler-7] com.flatirons.pinpoint.server.imports.ImportJob:30 - start importing....
[2025-05-21 01:26:46]  INFO [ThreadPoolTaskScheduler-7] com.flatirons.pinpoint.server.imports.service.impl.ImportLibraryPublicationServiceImpl:75 - Start process import model..
[2025-05-21 01:26:46]  INFO [ThreadPoolTaskScheduler-7] com.flatirons.pinpoint.server.imports.service.impl.ImportLibraryPublicationServiceImpl:235 - Start get all wait import revision from DB...
[2025-05-21 01:26:46]  INFO [ThreadPoolTaskScheduler-7] com.flatirons.pinpoint.server.imports.service.impl.ImportLibraryPublicationServiceImpl:245 - Finish get all wait import revision from DB, size is 0...
[2025-05-21 01:26:46]  INFO [ThreadPoolTaskScheduler-7] com.flatirons.pinpoint.server.imports.service.impl.ImportLibraryPublicationServiceImpl:148 - There is no revision that need to import...
[2025-05-21 01:26:46]  INFO [ThreadPoolTaskScheduler-7] com.flatirons.pinpoint.server.imports.service.impl.ImportLibraryPublicationServiceImpl:154 - Finish process import model..
[2025-05-21 01:26:46]  INFO [ThreadPoolTaskScheduler-7] com.flatirons.pinpoint.server.imports.ImportJob:32 - finish importing....
[2025-05-21 01:26:48]  INFO [ThreadPoolTaskScheduler-7] com.flatirons.pinpoint.server.imports.ImportJob:30 - start importing....
[2025-05-21 01:26:48]  INFO [ThreadPoolTaskScheduler-7] com.flatirons.pinpoint.server.imports.service.impl.ImportLibraryPublicationServiceImpl:75 - Start process import model..
[2025-05-21 01:26:48]  INFO [ThreadPoolTaskScheduler-7] com.flatirons.pinpoint.server.imports.service.impl.ImportLibraryPublicationServiceImpl:235 - Start get all wait import revision from DB...
[2025-05-21 01:26:48]  INFO [ThreadPoolTaskScheduler-7] com.flatirons.pinpoint.server.imports.service.impl.ImportLibraryPublicationServiceImpl:245 - Finish get all wait import revision from DB, size is 0...
[2025-05-21 01:26:48]  INFO [ThreadPoolTaskScheduler-7] com.flatirons.pinpoint.server.imports.service.impl.ImportLibraryPublicationServiceImpl:148 - There is no revision that need to import...
[2025-05-21 01:26:48]  INFO [ThreadPoolTaskScheduler-7] com.flatirons.pinpoint.server.imports.service.impl.ImportLibraryPublicationServiceImpl:154 - Finish process import model..
[2025-05-21 01:26:48]  INFO [ThreadPoolTaskScheduler-7] com.flatirons.pinpoint.server.imports.ImportJob:32 - finish importing....
[2025-05-21 01:26:50]  INFO [ThreadPoolTaskScheduler-7] com.flatirons.pinpoint.server.imports.ImportJob:30 - start importing....
[2025-05-21 01:26:50]  INFO [ThreadPoolTaskScheduler-7] com.flatirons.pinpoint.server.imports.service.impl.ImportLibraryPublicationServiceImpl:75 - Start process import model..
[2025-05-21 01:26:50]  INFO [ThreadPoolTaskScheduler-7] com.flatirons.pinpoint.server.imports.service.impl.ImportLibraryPublicationServiceImpl:235 - Start get all wait import revision from DB...
[2025-05-21 01:26:50]  INFO [ThreadPoolTaskScheduler-7] com.flatirons.pinpoint.server.imports.service.impl.ImportLibraryPublicationServiceImpl:245 - Finish get all wait import revision from DB, size is 0...
[2025-05-21 01:26:50]  INFO [ThreadPoolTaskScheduler-7] com.flatirons.pinpoint.server.imports.service.impl.ImportLibraryPublicationServiceImpl:148 - There is no revision that need to import...
[2025-05-21 01:26:50]  INFO [ThreadPoolTaskScheduler-7] com.flatirons.pinpoint.server.imports.service.impl.ImportLibraryPublicationServiceImpl:154 - Finish process import model..
[2025-05-21 01:26:50]  INFO [ThreadPoolTaskScheduler-7] com.flatirons.pinpoint.server.imports.ImportJob:32 - finish importing....
[2025-05-21 01:26:52]  INFO [ThreadPoolTaskScheduler-7] com.flatirons.pinpoint.server.imports.ImportJob:30 - start importing....
[2025-05-21 01:26:52]  INFO [ThreadPoolTaskScheduler-7] com.flatirons.pinpoint.server.imports.service.impl.ImportLibraryPublicationServiceImpl:75 - Start process import model..
[2025-05-21 01:26:52]  INFO [ThreadPoolTaskScheduler-7] com.flatirons.pinpoint.server.imports.service.impl.ImportLibraryPublicationServiceImpl:235 - Start get all wait import revision from DB...
[2025-05-21 01:26:52]  INFO [ThreadPoolTaskScheduler-7] com.flatirons.pinpoint.server.imports.service.impl.ImportLibraryPublicationServiceImpl:245 - Finish get all wait import revision from DB, size is 0...
[2025-05-21 01:26:52]  INFO [ThreadPoolTaskScheduler-7] com.flatirons.pinpoint.server.imports.service.impl.ImportLibraryPublicationServiceImpl:148 - There is no revision that need to import...
[2025-05-21 01:26:52]  INFO [ThreadPoolTaskScheduler-7] com.flatirons.pinpoint.server.imports.service.impl.ImportLibraryPublicationServiceImpl:154 - Finish process import model..
[2025-05-21 01:26:52]  INFO [ThreadPoolTaskScheduler-7] com.flatirons.pinpoint.server.imports.ImportJob:32 - finish importing....
[2025-05-21 01:26:54]  INFO [ThreadPoolTaskScheduler-7] com.flatirons.pinpoint.server.imports.ImportJob:30 - start importing....
[2025-05-21 01:26:54]  INFO [ThreadPoolTaskScheduler-7] com.flatirons.pinpoint.server.imports.service.impl.ImportLibraryPublicationServiceImpl:75 - Start process import model..
[2025-05-21 01:26:54]  INFO [ThreadPoolTaskScheduler-7] com.flatirons.pinpoint.server.imports.service.impl.ImportLibraryPublicationServiceImpl:235 - Start get all wait import revision from DB...
[2025-05-21 01:26:54]  INFO [ThreadPoolTaskScheduler-7] com.flatirons.pinpoint.server.imports.service.impl.ImportLibraryPublicationServiceImpl:245 - Finish get all wait import revision from DB, size is 0...
[2025-05-21 01:26:54]  INFO [ThreadPoolTaskScheduler-7] com.flatirons.pinpoint.server.imports.service.impl.ImportLibraryPublicationServiceImpl:148 - There is no revision that need to import...
[2025-05-21 01:26:54]  INFO [ThreadPoolTaskScheduler-7] com.flatirons.pinpoint.server.imports.service.impl.ImportLibraryPublicationServiceImpl:154 - Finish process import model..
[2025-05-21 01:26:54]  INFO [ThreadPoolTaskScheduler-7] com.flatirons.pinpoint.server.imports.ImportJob:32 - finish importing....
[2025-05-21 01:26:56]  INFO [ThreadPoolTaskScheduler-7] com.flatirons.pinpoint.server.imports.ImportJob:30 - start importing....
[2025-05-21 01:26:56]  INFO [ThreadPoolTaskScheduler-7] com.flatirons.pinpoint.server.imports.service.impl.ImportLibraryPublicationServiceImpl:75 - Start process import model..
[2025-05-21 01:26:56]  INFO [ThreadPoolTaskScheduler-7] com.flatirons.pinpoint.server.imports.service.impl.ImportLibraryPublicationServiceImpl:235 - Start get all wait import revision from DB...
[2025-05-21 01:26:56]  INFO [ThreadPoolTaskScheduler-7] com.flatirons.pinpoint.server.imports.service.impl.ImportLibraryPublicationServiceImpl:245 - Finish get all wait import revision from DB, size is 0...
[2025-05-21 01:26:56]  INFO [ThreadPoolTaskScheduler-7] com.flatirons.pinpoint.server.imports.service.impl.ImportLibraryPublicationServiceImpl:148 - There is no revision that need to import...
[2025-05-21 01:26:56]  INFO [ThreadPoolTaskScheduler-7] com.flatirons.pinpoint.server.imports.service.impl.ImportLibraryPublicationServiceImpl:154 - Finish process import model..
[2025-05-21 01:26:56]  INFO [ThreadPoolTaskScheduler-7] com.flatirons.pinpoint.server.imports.ImportJob:32 - finish importing....
[2025-05-21 01:26:58]  INFO [ThreadPoolTaskScheduler-7] com.flatirons.pinpoint.server.imports.ImportJob:30 - start importing....
[2025-05-21 01:26:58]  INFO [ThreadPoolTaskScheduler-7] com.flatirons.pinpoint.server.imports.service.impl.ImportLibraryPublicationServiceImpl:75 - Start process import model..
[2025-05-21 01:26:58]  INFO [ThreadPoolTaskScheduler-7] com.flatirons.pinpoint.server.imports.service.impl.ImportLibraryPublicationServiceImpl:235 - Start get all wait import revision from DB...
[2025-05-21 01:26:58]  INFO [ThreadPoolTaskScheduler-7] com.flatirons.pinpoint.server.imports.service.impl.ImportLibraryPublicationServiceImpl:245 - Finish get all wait import revision from DB, size is 0...
[2025-05-21 01:26:58]  INFO [ThreadPoolTaskScheduler-7] com.flatirons.pinpoint.server.imports.service.impl.ImportLibraryPublicationServiceImpl:148 - There is no revision that need to import...
[2025-05-21 01:26:58]  INFO [ThreadPoolTaskScheduler-7] com.flatirons.pinpoint.server.imports.service.impl.ImportLibraryPublicationServiceImpl:154 - Finish process import model..
[2025-05-21 01:26:58]  INFO [ThreadPoolTaskScheduler-7] com.flatirons.pinpoint.server.imports.ImportJob:32 - finish importing....
[2025-05-21 01:27:00]  INFO [ThreadPoolTaskScheduler-7] com.flatirons.pinpoint.server.imports.ImportJob:30 - start importing....
[2025-05-21 01:27:00]  INFO [ThreadPoolTaskScheduler-9] com.flatirons.pinpoint.server.imports.service.impl.ImportLibraryPublicationServiceImpl:62 - Start process archive model..
[2025-05-21 01:27:00]  INFO [ThreadPoolTaskScheduler-9] com.flatirons.pinpoint.server.imports.service.impl.ImportLibraryPublicationServiceImpl:187 - Start get all wait archive revisions from DB...
[2025-05-21 01:27:00]  INFO [ThreadPoolTaskScheduler-7] com.flatirons.pinpoint.server.imports.service.impl.ImportLibraryPublicationServiceImpl:75 - Start process import model..
[2025-05-21 01:27:00]  INFO [ThreadPoolTaskScheduler-7] com.flatirons.pinpoint.server.imports.service.impl.ImportLibraryPublicationServiceImpl:235 - Start get all wait import revision from DB...
[2025-05-21 01:27:00]  INFO [ThreadPoolTaskScheduler-9] com.flatirons.pinpoint.server.imports.service.impl.ImportLibraryPublicationServiceImpl:190 - Finish get all wait archive revisions from DB, size is 0...
[2025-05-21 01:27:00]  INFO [ThreadPoolTaskScheduler-9] com.flatirons.pinpoint.server.imports.service.impl.ImportLibraryPublicationServiceImpl:113 - Finish process archive model..
[2025-05-21 01:27:00]  INFO [ThreadPoolTaskScheduler-7] com.flatirons.pinpoint.server.imports.service.impl.ImportLibraryPublicationServiceImpl:245 - Finish get all wait import revision from DB, size is 0...
[2025-05-21 01:27:00]  INFO [ThreadPoolTaskScheduler-7] com.flatirons.pinpoint.server.imports.service.impl.ImportLibraryPublicationServiceImpl:148 - There is no revision that need to import...
[2025-05-21 01:27:00]  INFO [ThreadPoolTaskScheduler-7] com.flatirons.pinpoint.server.imports.service.impl.ImportLibraryPublicationServiceImpl:154 - Finish process import model..
[2025-05-21 01:27:00]  INFO [ThreadPoolTaskScheduler-7] com.flatirons.pinpoint.server.imports.ImportJob:32 - finish importing....
[2025-05-21 01:27:02]  INFO [ThreadPoolTaskScheduler-7] com.flatirons.pinpoint.server.imports.ImportJob:30 - start importing....
[2025-05-21 01:27:02]  INFO [ThreadPoolTaskScheduler-7] com.flatirons.pinpoint.server.imports.service.impl.ImportLibraryPublicationServiceImpl:75 - Start process import model..
[2025-05-21 01:27:02]  INFO [ThreadPoolTaskScheduler-7] com.flatirons.pinpoint.server.imports.service.impl.ImportLibraryPublicationServiceImpl:235 - Start get all wait import revision from DB...
[2025-05-21 01:27:02]  INFO [ThreadPoolTaskScheduler-7] com.flatirons.pinpoint.server.imports.service.impl.ImportLibraryPublicationServiceImpl:245 - Finish get all wait import revision from DB, size is 0...
[2025-05-21 01:27:02]  INFO [ThreadPoolTaskScheduler-7] com.flatirons.pinpoint.server.imports.service.impl.ImportLibraryPublicationServiceImpl:148 - There is no revision that need to import...
[2025-05-21 01:27:02]  INFO [ThreadPoolTaskScheduler-7] com.flatirons.pinpoint.server.imports.service.impl.ImportLibraryPublicationServiceImpl:154 - Finish process import model..
[2025-05-21 01:27:02]  INFO [ThreadPoolTaskScheduler-7] com.flatirons.pinpoint.server.imports.ImportJob:32 - finish importing....
[2025-05-21 01:27:04]  INFO [ThreadPoolTaskScheduler-7] com.flatirons.pinpoint.server.imports.ImportJob:30 - start importing....
[2025-05-21 01:27:04]  INFO [ThreadPoolTaskScheduler-7] com.flatirons.pinpoint.server.imports.service.impl.ImportLibraryPublicationServiceImpl:75 - Start process import model..
[2025-05-21 01:27:04]  INFO [ThreadPoolTaskScheduler-7] com.flatirons.pinpoint.server.imports.service.impl.ImportLibraryPublicationServiceImpl:235 - Start get all wait import revision from DB...
[2025-05-21 01:27:04]  INFO [ThreadPoolTaskScheduler-7] com.flatirons.pinpoint.server.imports.service.impl.ImportLibraryPublicationServiceImpl:245 - Finish get all wait import revision from DB, size is 0...
[2025-05-21 01:27:04]  INFO [ThreadPoolTaskScheduler-7] com.flatirons.pinpoint.server.imports.service.impl.ImportLibraryPublicationServiceImpl:148 - There is no revision that need to import...
[2025-05-21 01:27:04]  INFO [ThreadPoolTaskScheduler-7] com.flatirons.pinpoint.server.imports.service.impl.ImportLibraryPublicationServiceImpl:154 - Finish process import model..
[2025-05-21 01:27:04]  INFO [ThreadPoolTaskScheduler-7] com.flatirons.pinpoint.server.imports.ImportJob:32 - finish importing....
[2025-05-21 01:27:06]  INFO [ThreadPoolTaskScheduler-7] com.flatirons.pinpoint.server.imports.ImportJob:30 - start importing....
[2025-05-21 01:27:06]  INFO [ThreadPoolTaskScheduler-7] com.flatirons.pinpoint.server.imports.service.impl.ImportLibraryPublicationServiceImpl:75 - Start process import model..
[2025-05-21 01:27:06]  INFO [ThreadPoolTaskScheduler-7] com.flatirons.pinpoint.server.imports.service.impl.ImportLibraryPublicationServiceImpl:235 - Start get all wait import revision from DB...
[2025-05-21 01:27:06]  INFO [ThreadPoolTaskScheduler-7] com.flatirons.pinpoint.server.imports.service.impl.ImportLibraryPublicationServiceImpl:245 - Finish get all wait import revision from DB, size is 0...
[2025-05-21 01:27:06]  INFO [ThreadPoolTaskScheduler-7] com.flatirons.pinpoint.server.imports.service.impl.ImportLibraryPublicationServiceImpl:148 - There is no revision that need to import...
[2025-05-21 01:27:06]  INFO [ThreadPoolTaskScheduler-7] com.flatirons.pinpoint.server.imports.service.impl.ImportLibraryPublicationServiceImpl:154 - Finish process import model..
[2025-05-21 01:27:06]  INFO [ThreadPoolTaskScheduler-7] com.flatirons.pinpoint.server.imports.ImportJob:32 - finish importing....
[2025-05-21 01:27:08]  INFO [ThreadPoolTaskScheduler-7] com.flatirons.pinpoint.server.imports.ImportJob:30 - start importing....
[2025-05-21 01:27:08]  INFO [ThreadPoolTaskScheduler-7] com.flatirons.pinpoint.server.imports.service.impl.ImportLibraryPublicationServiceImpl:75 - Start process import model..
[2025-05-21 01:27:08]  INFO [ThreadPoolTaskScheduler-7] com.flatirons.pinpoint.server.imports.service.impl.ImportLibraryPublicationServiceImpl:235 - Start get all wait import revision from DB...
[2025-05-21 01:27:08]  INFO [ThreadPoolTaskScheduler-7] com.flatirons.pinpoint.server.imports.service.impl.ImportLibraryPublicationServiceImpl:245 - Finish get all wait import revision from DB, size is 0...
[2025-05-21 01:27:08]  INFO [ThreadPoolTaskScheduler-7] com.flatirons.pinpoint.server.imports.service.impl.ImportLibraryPublicationServiceImpl:148 - There is no revision that need to import...
[2025-05-21 01:27:08]  INFO [ThreadPoolTaskScheduler-7] com.flatirons.pinpoint.server.imports.service.impl.ImportLibraryPublicationServiceImpl:154 - Finish process import model..
[2025-05-21 01:27:08]  INFO [ThreadPoolTaskScheduler-7] com.flatirons.pinpoint.server.imports.ImportJob:32 - finish importing....
[2025-05-21 01:27:10]  INFO [ThreadPoolTaskScheduler-2] com.flatirons.pinpoint.server.imports.ImportJob:30 - start importing....
[2025-05-21 01:27:10]  INFO [ThreadPoolTaskScheduler-2] com.flatirons.pinpoint.server.imports.service.impl.ImportLibraryPublicationServiceImpl:75 - Start process import model..
[2025-05-21 01:27:10]  INFO [ThreadPoolTaskScheduler-2] com.flatirons.pinpoint.server.imports.service.impl.ImportLibraryPublicationServiceImpl:235 - Start get all wait import revision from DB...
[2025-05-21 01:27:10]  INFO [ThreadPoolTaskScheduler-2] com.flatirons.pinpoint.server.imports.service.impl.ImportLibraryPublicationServiceImpl:245 - Finish get all wait import revision from DB, size is 0...
[2025-05-21 01:27:10]  INFO [ThreadPoolTaskScheduler-2] com.flatirons.pinpoint.server.imports.service.impl.ImportLibraryPublicationServiceImpl:148 - There is no revision that need to import...
[2025-05-21 01:27:10]  INFO [ThreadPoolTaskScheduler-2] com.flatirons.pinpoint.server.imports.service.impl.ImportLibraryPublicationServiceImpl:154 - Finish process import model..
[2025-05-21 01:27:10]  INFO [ThreadPoolTaskScheduler-2] com.flatirons.pinpoint.server.imports.ImportJob:32 - finish importing....
[2025-05-21 01:27:12]  INFO [ThreadPoolTaskScheduler-2] com.flatirons.pinpoint.server.imports.ImportJob:30 - start importing....
[2025-05-21 01:27:12]  INFO [ThreadPoolTaskScheduler-2] com.flatirons.pinpoint.server.imports.service.impl.ImportLibraryPublicationServiceImpl:75 - Start process import model..
[2025-05-21 01:27:12]  INFO [ThreadPoolTaskScheduler-2] com.flatirons.pinpoint.server.imports.service.impl.ImportLibraryPublicationServiceImpl:235 - Start get all wait import revision from DB...
[2025-05-21 01:27:12]  INFO [ThreadPoolTaskScheduler-2] com.flatirons.pinpoint.server.imports.service.impl.ImportLibraryPublicationServiceImpl:245 - Finish get all wait import revision from DB, size is 0...
[2025-05-21 01:27:12]  INFO [ThreadPoolTaskScheduler-2] com.flatirons.pinpoint.server.imports.service.impl.ImportLibraryPublicationServiceImpl:148 - There is no revision that need to import...
[2025-05-21 01:27:12]  INFO [ThreadPoolTaskScheduler-2] com.flatirons.pinpoint.server.imports.service.impl.ImportLibraryPublicationServiceImpl:154 - Finish process import model..
[2025-05-21 01:27:12]  INFO [ThreadPoolTaskScheduler-2] com.flatirons.pinpoint.server.imports.ImportJob:32 - finish importing....
[2025-05-21 01:27:14]  INFO [ThreadPoolTaskScheduler-2] com.flatirons.pinpoint.server.imports.ImportJob:30 - start importing....
[2025-05-21 01:27:14]  INFO [ThreadPoolTaskScheduler-2] com.flatirons.pinpoint.server.imports.service.impl.ImportLibraryPublicationServiceImpl:75 - Start process import model..
[2025-05-21 01:27:14]  INFO [ThreadPoolTaskScheduler-2] com.flatirons.pinpoint.server.imports.service.impl.ImportLibraryPublicationServiceImpl:235 - Start get all wait import revision from DB...
[2025-05-21 01:27:14]  INFO [ThreadPoolTaskScheduler-2] com.flatirons.pinpoint.server.imports.service.impl.ImportLibraryPublicationServiceImpl:245 - Finish get all wait import revision from DB, size is 0...
[2025-05-21 01:27:14]  INFO [ThreadPoolTaskScheduler-2] com.flatirons.pinpoint.server.imports.service.impl.ImportLibraryPublicationServiceImpl:148 - There is no revision that need to import...
[2025-05-21 01:27:14]  INFO [ThreadPoolTaskScheduler-2] com.flatirons.pinpoint.server.imports.service.impl.ImportLibraryPublicationServiceImpl:154 - Finish process import model..
[2025-05-21 01:27:14]  INFO [ThreadPoolTaskScheduler-2] com.flatirons.pinpoint.server.imports.ImportJob:32 - finish importing....
[2025-05-21 01:27:16]  INFO [ThreadPoolTaskScheduler-4] com.flatirons.pinpoint.server.imports.ImportJob:30 - start importing....
[2025-05-21 01:27:16]  INFO [ThreadPoolTaskScheduler-4] com.flatirons.pinpoint.server.imports.service.impl.ImportLibraryPublicationServiceImpl:75 - Start process import model..
[2025-05-21 01:27:16]  INFO [ThreadPoolTaskScheduler-4] com.flatirons.pinpoint.server.imports.service.impl.ImportLibraryPublicationServiceImpl:235 - Start get all wait import revision from DB...
[2025-05-21 01:27:16]  INFO [ThreadPoolTaskScheduler-4] com.flatirons.pinpoint.server.imports.service.impl.ImportLibraryPublicationServiceImpl:245 - Finish get all wait import revision from DB, size is 0...
[2025-05-21 01:27:16]  INFO [ThreadPoolTaskScheduler-4] com.flatirons.pinpoint.server.imports.service.impl.ImportLibraryPublicationServiceImpl:148 - There is no revision that need to import...
[2025-05-21 01:27:16]  INFO [ThreadPoolTaskScheduler-4] com.flatirons.pinpoint.server.imports.service.impl.ImportLibraryPublicationServiceImpl:154 - Finish process import model..
[2025-05-21 01:27:16]  INFO [ThreadPoolTaskScheduler-4] com.flatirons.pinpoint.server.imports.ImportJob:32 - finish importing....
[2025-05-21 01:27:18]  INFO [ThreadPoolTaskScheduler-4] com.flatirons.pinpoint.server.imports.ImportJob:30 - start importing....
[2025-05-21 01:27:18]  INFO [ThreadPoolTaskScheduler-4] com.flatirons.pinpoint.server.imports.service.impl.ImportLibraryPublicationServiceImpl:75 - Start process import model..
[2025-05-21 01:27:18]  INFO [ThreadPoolTaskScheduler-4] com.flatirons.pinpoint.server.imports.service.impl.ImportLibraryPublicationServiceImpl:235 - Start get all wait import revision from DB...
[2025-05-21 01:27:18]  INFO [ThreadPoolTaskScheduler-4] com.flatirons.pinpoint.server.imports.service.impl.ImportLibraryPublicationServiceImpl:245 - Finish get all wait import revision from DB, size is 0...
[2025-05-21 01:27:18]  INFO [ThreadPoolTaskScheduler-4] com.flatirons.pinpoint.server.imports.service.impl.ImportLibraryPublicationServiceImpl:148 - There is no revision that need to import...
[2025-05-21 01:27:18]  INFO [ThreadPoolTaskScheduler-4] com.flatirons.pinpoint.server.imports.service.impl.ImportLibraryPublicationServiceImpl:154 - Finish process import model..
[2025-05-21 01:27:18]  INFO [ThreadPoolTaskScheduler-4] com.flatirons.pinpoint.server.imports.ImportJob:32 - finish importing....
[2025-05-21 01:27:20]  INFO [ThreadPoolTaskScheduler-4] com.flatirons.pinpoint.server.imports.ImportJob:30 - start importing....
[2025-05-21 01:27:20]  INFO [ThreadPoolTaskScheduler-4] com.flatirons.pinpoint.server.imports.service.impl.ImportLibraryPublicationServiceImpl:75 - Start process import model..
[2025-05-21 01:27:20]  INFO [ThreadPoolTaskScheduler-4] com.flatirons.pinpoint.server.imports.service.impl.ImportLibraryPublicationServiceImpl:235 - Start get all wait import revision from DB...
[2025-05-21 01:27:20]  INFO [ThreadPoolTaskScheduler-4] com.flatirons.pinpoint.server.imports.service.impl.ImportLibraryPublicationServiceImpl:245 - Finish get all wait import revision from DB, size is 0...
[2025-05-21 01:27:20]  INFO [ThreadPoolTaskScheduler-4] com.flatirons.pinpoint.server.imports.service.impl.ImportLibraryPublicationServiceImpl:148 - There is no revision that need to import...
[2025-05-21 01:27:20]  INFO [ThreadPoolTaskScheduler-4] com.flatirons.pinpoint.server.imports.service.impl.ImportLibraryPublicationServiceImpl:154 - Finish process import model..
[2025-05-21 01:27:20]  INFO [ThreadPoolTaskScheduler-4] com.flatirons.pinpoint.server.imports.ImportJob:32 - finish importing....
[2025-05-21 01:27:22]  INFO [ThreadPoolTaskScheduler-4] com.flatirons.pinpoint.server.imports.ImportJob:30 - start importing....
[2025-05-21 01:27:22]  INFO [ThreadPoolTaskScheduler-4] com.flatirons.pinpoint.server.imports.service.impl.ImportLibraryPublicationServiceImpl:75 - Start process import model..
[2025-05-21 01:27:22]  INFO [ThreadPoolTaskScheduler-4] com.flatirons.pinpoint.server.imports.service.impl.ImportLibraryPublicationServiceImpl:235 - Start get all wait import revision from DB...
[2025-05-21 01:27:22]  INFO [ThreadPoolTaskScheduler-4] com.flatirons.pinpoint.server.imports.service.impl.ImportLibraryPublicationServiceImpl:245 - Finish get all wait import revision from DB, size is 0...
[2025-05-21 01:27:22]  INFO [ThreadPoolTaskScheduler-4] com.flatirons.pinpoint.server.imports.service.impl.ImportLibraryPublicationServiceImpl:148 - There is no revision that need to import...
[2025-05-21 01:27:22]  INFO [ThreadPoolTaskScheduler-4] com.flatirons.pinpoint.server.imports.service.impl.ImportLibraryPublicationServiceImpl:154 - Finish process import model..
[2025-05-21 01:27:22]  INFO [ThreadPoolTaskScheduler-4] com.flatirons.pinpoint.server.imports.ImportJob:32 - finish importing....
[2025-05-21 01:27:24]  INFO [ThreadPoolTaskScheduler-4] com.flatirons.pinpoint.server.imports.ImportJob:30 - start importing....
[2025-05-21 01:27:24]  INFO [ThreadPoolTaskScheduler-4] com.flatirons.pinpoint.server.imports.service.impl.ImportLibraryPublicationServiceImpl:75 - Start process import model..
[2025-05-21 01:27:24]  INFO [ThreadPoolTaskScheduler-4] com.flatirons.pinpoint.server.imports.service.impl.ImportLibraryPublicationServiceImpl:235 - Start get all wait import revision from DB...
[2025-05-21 01:27:24]  INFO [ThreadPoolTaskScheduler-4] com.flatirons.pinpoint.server.imports.service.impl.ImportLibraryPublicationServiceImpl:245 - Finish get all wait import revision from DB, size is 0...
[2025-05-21 01:27:24]  INFO [ThreadPoolTaskScheduler-4] com.flatirons.pinpoint.server.imports.service.impl.ImportLibraryPublicationServiceImpl:148 - There is no revision that need to import...
[2025-05-21 01:27:24]  INFO [ThreadPoolTaskScheduler-4] com.flatirons.pinpoint.server.imports.service.impl.ImportLibraryPublicationServiceImpl:154 - Finish process import model..
[2025-05-21 01:27:24]  INFO [ThreadPoolTaskScheduler-4] com.flatirons.pinpoint.server.imports.ImportJob:32 - finish importing....
[2025-05-21 01:27:26]  INFO [ThreadPoolTaskScheduler-4] com.flatirons.pinpoint.server.imports.ImportJob:30 - start importing....
[2025-05-21 01:27:26]  INFO [ThreadPoolTaskScheduler-4] com.flatirons.pinpoint.server.imports.service.impl.ImportLibraryPublicationServiceImpl:75 - Start process import model..
[2025-05-21 01:27:26]  INFO [ThreadPoolTaskScheduler-4] com.flatirons.pinpoint.server.imports.service.impl.ImportLibraryPublicationServiceImpl:235 - Start get all wait import revision from DB...
[2025-05-21 01:27:26]  INFO [ThreadPoolTaskScheduler-4] com.flatirons.pinpoint.server.imports.service.impl.ImportLibraryPublicationServiceImpl:245 - Finish get all wait import revision from DB, size is 0...
[2025-05-21 01:27:26]  INFO [ThreadPoolTaskScheduler-4] com.flatirons.pinpoint.server.imports.service.impl.ImportLibraryPublicationServiceImpl:148 - There is no revision that need to import...
[2025-05-21 01:27:26]  INFO [ThreadPoolTaskScheduler-4] com.flatirons.pinpoint.server.imports.service.impl.ImportLibraryPublicationServiceImpl:154 - Finish process import model..
[2025-05-21 01:27:26]  INFO [ThreadPoolTaskScheduler-4] com.flatirons.pinpoint.server.imports.ImportJob:32 - finish importing....
[2025-05-21 01:27:28]  INFO [ThreadPoolTaskScheduler-4] com.flatirons.pinpoint.server.imports.ImportJob:30 - start importing....
[2025-05-21 01:27:28]  INFO [ThreadPoolTaskScheduler-4] com.flatirons.pinpoint.server.imports.service.impl.ImportLibraryPublicationServiceImpl:75 - Start process import model..
[2025-05-21 01:27:28]  INFO [ThreadPoolTaskScheduler-4] com.flatirons.pinpoint.server.imports.service.impl.ImportLibraryPublicationServiceImpl:235 - Start get all wait import revision from DB...
[2025-05-21 01:27:28]  INFO [ThreadPoolTaskScheduler-4] com.flatirons.pinpoint.server.imports.service.impl.ImportLibraryPublicationServiceImpl:245 - Finish get all wait import revision from DB, size is 0...
[2025-05-21 01:27:28]  INFO [ThreadPoolTaskScheduler-4] com.flatirons.pinpoint.server.imports.service.impl.ImportLibraryPublicationServiceImpl:148 - There is no revision that need to import...
[2025-05-21 01:27:28]  INFO [ThreadPoolTaskScheduler-4] com.flatirons.pinpoint.server.imports.service.impl.ImportLibraryPublicationServiceImpl:154 - Finish process import model..
[2025-05-21 01:27:28]  INFO [ThreadPoolTaskScheduler-4] com.flatirons.pinpoint.server.imports.ImportJob:32 - finish importing....
