[2025-05-21 01:25:11] ERROR [Thread-58] com.flatirons.pinpoint.server.access.impl.AcmServerTalk:113 - Error process http request
com.google.api.client.http.HttpResponseException: 403
<html><body><h1>Whitelabel Error Page</h1><p>This application has no explicit mapping for /error, so you are seeing this as a fallback.</p><div id='created'>Wed May 21 01:25:11 PDT 2025</div><div>There was an unexpected error (type=Forbidden, status=403).</div></body></html>
	at com.google.api.client.http.HttpRequest.execute(HttpRequest.java:1061)
	at com.flatirons.pinpoint.server.access.ServerTalk.executeHttpRequest(ServerTalk.java:128)
	at com.flatirons.pinpoint.server.access.impl.AcmServerTalk.doPost(AcmServerTalk.java:107)
	at com.flatirons.pinpoint.server.listener.CreateResourcesRunnable.postResources(CreateResourcesRunnable.java:45)
	at com.flatirons.pinpoint.server.listener.CreateResourcesRunnable.run(CreateResourcesRunnable.java:25)
	at java.base/java.lang.Thread.run(Unknown Source)
[2025-05-21 01:25:16] ERROR [Thread-58] com.flatirons.pinpoint.server.access.impl.AcmServerTalk:113 - Error process http request
com.google.api.client.http.HttpResponseException: 403
<html><body><h1>Whitelabel Error Page</h1><p>This application has no explicit mapping for /error, so you are seeing this as a fallback.</p><div id='created'>Wed May 21 01:25:16 PDT 2025</div><div>There was an unexpected error (type=Forbidden, status=403).</div></body></html>
	at com.google.api.client.http.HttpRequest.execute(HttpRequest.java:1061)
	at com.flatirons.pinpoint.server.access.ServerTalk.executeHttpRequest(ServerTalk.java:128)
	at com.flatirons.pinpoint.server.access.impl.AcmServerTalk.doPost(AcmServerTalk.java:107)
	at com.flatirons.pinpoint.server.listener.CreateResourcesRunnable.postResources(CreateResourcesRunnable.java:45)
	at com.flatirons.pinpoint.server.listener.CreateResourcesRunnable.run(CreateResourcesRunnable.java:25)
	at java.base/java.lang.Thread.run(Unknown Source)
[2025-05-21 01:25:19]  INFO [http-nio-8085-exec-9] com.flatirons.pinpoint.server.access.impl.AcmServerTalk:91 - PUT http://localhost:8086/acmserver/api/auth/privileges.return status 200
[2025-05-21 01:25:19]  INFO [http-nio-8085-exec-8] com.flatirons.pinpoint.server.access.impl.AcmServerTalk:91 - PUT http://localhost:8086/acmserver/api/auth/privileges.return status 200
[2025-05-21 01:25:19]  INFO [http-nio-8085-exec-1] com.flatirons.pinpoint.server.access.impl.AcmServerTalk:91 - PUT http://localhost:8086/acmserver/api/auth/privileges.return status 200
[2025-05-21 01:25:19]  INFO [http-nio-8085-exec-5] com.flatirons.pinpoint.server.access.impl.AcmServerTalk:91 - PUT http://localhost:8086/acmserver/api/auth/privileges.return status 200
[2025-05-21 01:25:19]  INFO [http-nio-8085-exec-10] com.flatirons.pinpoint.server.access.impl.AcmServerTalk:91 - PUT http://localhost:8086/acmserver/api/auth/privileges.return status 200
[2025-05-21 01:25:19]  INFO [http-nio-8085-exec-3] com.flatirons.pinpoint.server.access.impl.AcmServerTalk:91 - PUT http://localhost:8086/acmserver/api/auth/privileges.return status 200
[2025-05-21 01:25:19]  INFO [http-nio-8085-exec-5] com.flatirons.pinpoint.server.access.impl.AcmServerTalk:73 - Get http://localhost:8086/acmserver/api/users/Guest.return status 200
[2025-05-21 01:25:19]  INFO [http-nio-8085-exec-10] com.flatirons.pinpoint.server.access.impl.AcmServerTalk:73 - Get http://localhost:8086/acmserver/api/organizations/SYS.return status 200
[2025-05-21 01:25:19]  INFO [http-nio-8085-exec-1] com.flatirons.pinpoint.server.access.impl.AcmServerTalk:91 - PUT http://localhost:8086/acmserver/api/auth/privileges.return status 200
[2025-05-21 01:25:19]  INFO [http-nio-8085-exec-5] com.flatirons.pinpoint.server.access.impl.AcmServerTalk:73 - Get http://localhost:8086/acmserver/api/usergroups/1.return status 200
[2025-05-21 01:25:19]  INFO [http-nio-8085-exec-5] com.flatirons.pinpoint.server.access.impl.AcmServerTalk:73 - Get http://localhost:8086/acmserver/api/usergroups/3.return status 200
[2025-05-21 01:25:19]  INFO [http-nio-8085-exec-2] com.flatirons.pinpoint.server.access.impl.AcmServerTalk:91 - PUT http://localhost:8086/acmserver/api/auth/privileges.return status 200
[2025-05-21 01:25:19]  INFO [http-nio-8085-exec-7] com.flatirons.pinpoint.server.access.impl.AcmServerTalk:91 - PUT http://localhost:8086/acmserver/api/auth/privileges.return status 200
[2025-05-21 01:25:19]  INFO [http-nio-8085-exec-7] com.flatirons.pinpoint.server.access.impl.AcmServerTalk:73 - Get http://localhost:8086/acmserver/api/users/Guest.return status 200
[2025-05-21 01:25:19]  INFO [http-nio-8085-exec-7] com.flatirons.pinpoint.server.access.impl.AcmServerTalk:73 - Get http://localhost:8086/acmserver/api/usergroups?ncage=SYS&groupType=organization.return status 200
[2025-05-21 01:25:20]  INFO [http-nio-8085-exec-3] com.flatirons.pinpoint.server.access.impl.AcmServerTalk:91 - PUT http://localhost:8086/acmserver/api/auth/privileges.return status 200
[2025-05-21 01:25:20]  INFO [http-nio-8085-exec-9] com.flatirons.pinpoint.server.access.impl.AcmServerTalk:91 - PUT http://localhost:8086/acmserver/api/auth/privileges.return status 200
[2025-05-21 01:25:20]  INFO [http-nio-8085-exec-5] com.flatirons.pinpoint.server.access.impl.AcmServerTalk:91 - PUT http://localhost:8086/acmserver/api/auth/privileges.return status 200
[2025-05-21 01:25:20]  INFO [http-nio-8085-exec-5] com.flatirons.pinpoint.server.access.impl.AcmServerTalk:91 - PUT http://localhost:8086/acmserver/api/auth/privileges.return status 200
[2025-05-21 01:25:20]  INFO [http-nio-8085-exec-5] com.flatirons.pinpoint.server.access.impl.AcmServerTalk:91 - PUT http://localhost:8086/acmserver/api/auth/privileges.return status 200
[2025-05-21 01:25:20]  INFO [http-nio-8085-exec-5] com.flatirons.pinpoint.server.access.impl.AcmServerTalk:91 - PUT http://localhost:8086/acmserver/api/auth/privileges.return status 200
[2025-05-21 01:25:20]  INFO [http-nio-8085-exec-5] com.flatirons.pinpoint.server.access.impl.AcmServerTalk:91 - PUT http://localhost:8086/acmserver/api/auth/privileges.return status 200
[2025-05-21 01:25:20]  INFO [http-nio-8085-exec-5] com.flatirons.pinpoint.server.access.impl.AcmServerTalk:91 - PUT http://localhost:8086/acmserver/api/auth/privileges.return status 200
[2025-05-21 01:25:20]  INFO [http-nio-8085-exec-5] com.flatirons.pinpoint.server.access.impl.AcmServerTalk:91 - PUT http://localhost:8086/acmserver/api/auth/privileges.return status 200
[2025-05-21 01:25:20]  INFO [http-nio-8085-exec-5] com.flatirons.pinpoint.server.access.impl.AcmServerTalk:91 - PUT http://localhost:8086/acmserver/api/auth/privileges.return status 200
[2025-05-21 01:25:20]  INFO [http-nio-8085-exec-5] com.flatirons.pinpoint.server.access.impl.AcmServerTalk:91 - PUT http://localhost:8086/acmserver/api/auth/privileges.return status 200
[2025-05-21 01:25:20]  INFO [http-nio-8085-exec-5] com.flatirons.pinpoint.server.access.impl.AcmServerTalk:91 - PUT http://localhost:8086/acmserver/api/auth/privileges.return status 200
[2025-05-21 01:25:20]  INFO [http-nio-8085-exec-5] com.flatirons.pinpoint.server.access.impl.AcmServerTalk:91 - PUT http://localhost:8086/acmserver/api/auth/privileges.return status 200
[2025-05-21 01:25:20]  INFO [http-nio-8085-exec-5] com.flatirons.pinpoint.server.access.impl.AcmServerTalk:91 - PUT http://localhost:8086/acmserver/api/auth/privileges.return status 200
[2025-05-21 01:25:20]  INFO [http-nio-8085-exec-5] com.flatirons.pinpoint.server.access.impl.AcmServerTalk:91 - PUT http://localhost:8086/acmserver/api/auth/privileges.return status 200
[2025-05-21 01:25:20]  INFO [http-nio-8085-exec-5] com.flatirons.pinpoint.server.access.impl.AcmServerTalk:91 - PUT http://localhost:8086/acmserver/api/auth/privileges.return status 200
[2025-05-21 01:25:20]  INFO [http-nio-8085-exec-5] com.flatirons.pinpoint.server.access.impl.AcmServerTalk:91 - PUT http://localhost:8086/acmserver/api/auth/privileges.return status 200
[2025-05-21 01:25:20]  INFO [http-nio-8085-exec-5] com.flatirons.pinpoint.server.access.impl.AcmServerTalk:91 - PUT http://localhost:8086/acmserver/api/auth/privileges.return status 200
[2025-05-21 01:25:20]  INFO [http-nio-8085-exec-5] com.flatirons.pinpoint.server.access.impl.AcmServerTalk:91 - PUT http://localhost:8086/acmserver/api/auth/privileges.return status 200
[2025-05-21 01:25:20]  INFO [http-nio-8085-exec-5] com.flatirons.pinpoint.server.access.impl.AcmServerTalk:91 - PUT http://localhost:8086/acmserver/api/auth/privileges.return status 200
[2025-05-21 01:25:20]  INFO [http-nio-8085-exec-5] com.flatirons.pinpoint.server.access.impl.AcmServerTalk:91 - PUT http://localhost:8086/acmserver/api/auth/privileges.return status 200
[2025-05-21 01:25:20]  INFO [http-nio-8085-exec-5] com.flatirons.pinpoint.server.access.impl.AcmServerTalk:91 - PUT http://localhost:8086/acmserver/api/auth/privileges.return status 200
[2025-05-21 01:25:20]  INFO [http-nio-8085-exec-3] com.flatirons.pinpoint.server.access.impl.AcmServerTalk:91 - PUT http://localhost:8086/acmserver/api/auth/privileges.return status 200
[2025-05-21 01:25:20]  INFO [http-nio-8085-exec-5] com.flatirons.pinpoint.server.access.impl.AcmServerTalk:91 - PUT http://localhost:8086/acmserver/api/auth/privileges.return status 200
[2025-05-21 01:25:20]  INFO [http-nio-8085-exec-5] com.flatirons.pinpoint.server.access.impl.AcmServerTalk:91 - PUT http://localhost:8086/acmserver/api/auth/privileges.return status 200
[2025-05-21 01:25:20]  INFO [http-nio-8085-exec-5] com.flatirons.pinpoint.server.access.impl.AcmServerTalk:91 - PUT http://localhost:8086/acmserver/api/auth/privileges.return status 200
[2025-05-21 01:25:20]  INFO [http-nio-8085-exec-5] com.flatirons.pinpoint.server.access.impl.AcmServerTalk:91 - PUT http://localhost:8086/acmserver/api/auth/privileges.return status 200
[2025-05-21 01:25:20]  INFO [http-nio-8085-exec-2] com.flatirons.pinpoint.server.access.impl.AcmServerTalk:91 - PUT http://localhost:8086/acmserver/api/auth/privileges.return status 200
[2025-05-21 01:25:20]  INFO [http-nio-8085-exec-5] com.flatirons.pinpoint.server.access.impl.AcmServerTalk:91 - PUT http://localhost:8086/acmserver/api/auth/privileges.return status 200
[2025-05-21 01:25:20]  INFO [http-nio-8085-exec-5] com.flatirons.pinpoint.server.access.impl.AcmServerTalk:91 - PUT http://localhost:8086/acmserver/api/auth/privileges.return status 200
[2025-05-21 01:25:20]  INFO [http-nio-8085-exec-3] com.flatirons.pinpoint.server.access.impl.AcmServerTalk:53 - Get http://localhost:8086/acmserver/api/organizations/SYS.return status 200
[2025-05-21 01:25:20]  INFO [http-nio-8085-exec-5] com.flatirons.pinpoint.server.access.impl.AcmServerTalk:91 - PUT http://localhost:8086/acmserver/api/auth/privileges.return status 200
[2025-05-21 01:25:20]  INFO [http-nio-8085-exec-5] com.flatirons.pinpoint.server.access.impl.AcmServerTalk:91 - PUT http://localhost:8086/acmserver/api/auth/privileges.return status 200
[2025-05-21 01:25:20]  INFO [http-nio-8085-exec-5] com.flatirons.pinpoint.server.access.impl.AcmServerTalk:91 - PUT http://localhost:8086/acmserver/api/auth/privileges.return status 200
[2025-05-21 01:25:20]  INFO [http-nio-8085-exec-5] com.flatirons.pinpoint.server.access.impl.AcmServerTalk:91 - PUT http://localhost:8086/acmserver/api/auth/privileges.return status 200
[2025-05-21 01:25:20]  INFO [http-nio-8085-exec-5] com.flatirons.pinpoint.server.access.impl.AcmServerTalk:91 - PUT http://localhost:8086/acmserver/api/auth/privileges.return status 200
[2025-05-21 01:25:20]  INFO [http-nio-8085-exec-5] com.flatirons.pinpoint.server.access.impl.AcmServerTalk:91 - PUT http://localhost:8086/acmserver/api/auth/privileges.return status 200
[2025-05-21 01:25:20]  INFO [http-nio-8085-exec-5] com.flatirons.pinpoint.server.access.impl.AcmServerTalk:91 - PUT http://localhost:8086/acmserver/api/auth/privileges.return status 200
[2025-05-21 01:25:20]  INFO [http-nio-8085-exec-5] com.flatirons.pinpoint.server.access.impl.AcmServerTalk:91 - PUT http://localhost:8086/acmserver/api/auth/privileges.return status 200
[2025-05-21 01:25:20]  INFO [http-nio-8085-exec-5] com.flatirons.pinpoint.server.access.impl.AcmServerTalk:91 - PUT http://localhost:8086/acmserver/api/auth/privileges.return status 200
[2025-05-21 01:25:20]  INFO [http-nio-8085-exec-7] com.flatirons.pinpoint.server.access.impl.AcmServerTalk:91 - PUT http://localhost:8086/acmserver/api/auth/privileges.return status 200
[2025-05-21 01:25:20]  INFO [http-nio-8085-exec-5] com.flatirons.pinpoint.server.access.impl.AcmServerTalk:91 - PUT http://localhost:8086/acmserver/api/auth/privileges.return status 200
[2025-05-21 01:25:20]  INFO [http-nio-8085-exec-5] com.flatirons.pinpoint.server.access.impl.AcmServerTalk:91 - PUT http://localhost:8086/acmserver/api/auth/privileges.return status 200
[2025-05-21 01:25:20]  INFO [http-nio-8085-exec-5] com.flatirons.pinpoint.server.access.impl.AcmServerTalk:91 - PUT http://localhost:8086/acmserver/api/auth/privileges.return status 200
[2025-05-21 01:25:20]  INFO [http-nio-8085-exec-5] com.flatirons.pinpoint.server.access.impl.AcmServerTalk:91 - PUT http://localhost:8086/acmserver/api/auth/privileges.return status 200
[2025-05-21 01:25:20]  INFO [http-nio-8085-exec-5] com.flatirons.pinpoint.server.access.impl.AcmServerTalk:91 - PUT http://localhost:8086/acmserver/api/auth/privileges.return status 200
[2025-05-21 01:25:20]  INFO [http-nio-8085-exec-5] com.flatirons.pinpoint.server.access.impl.AcmServerTalk:91 - PUT http://localhost:8086/acmserver/api/auth/privileges.return status 200
[2025-05-21 01:25:21]  INFO [http-nio-8085-exec-5] com.flatirons.pinpoint.server.access.impl.AcmServerTalk:91 - PUT http://localhost:8086/acmserver/api/auth/privileges.return status 200
[2025-05-21 01:25:21]  INFO [http-nio-8085-exec-5] com.flatirons.pinpoint.server.access.impl.AcmServerTalk:91 - PUT http://localhost:8086/acmserver/api/auth/privileges.return status 200
[2025-05-21 01:25:21]  INFO [http-nio-8085-exec-5] com.flatirons.pinpoint.server.access.impl.AcmServerTalk:91 - PUT http://localhost:8086/acmserver/api/auth/privileges.return status 200
[2025-05-21 01:25:21]  INFO [http-nio-8085-exec-5] com.flatirons.pinpoint.server.access.impl.AcmServerTalk:91 - PUT http://localhost:8086/acmserver/api/auth/privileges.return status 200
[2025-05-21 01:25:21]  INFO [http-nio-8085-exec-5] com.flatirons.pinpoint.server.access.impl.AcmServerTalk:91 - PUT http://localhost:8086/acmserver/api/auth/privileges.return status 200
[2025-05-21 01:25:21]  INFO [http-nio-8085-exec-1] com.flatirons.pinpoint.server.access.impl.AcmServerTalk:91 - PUT http://localhost:8086/acmserver/api/auth/privileges.return status 200
[2025-05-21 01:25:21] ERROR [Thread-58] com.flatirons.pinpoint.server.access.impl.AcmServerTalk:113 - Error process http request
com.google.api.client.http.HttpResponseException: 403
<html><body><h1>Whitelabel Error Page</h1><p>This application has no explicit mapping for /error, so you are seeing this as a fallback.</p><div id='created'>Wed May 21 01:25:21 PDT 2025</div><div>There was an unexpected error (type=Forbidden, status=403).</div></body></html>
	at com.google.api.client.http.HttpRequest.execute(HttpRequest.java:1061)
	at com.flatirons.pinpoint.server.access.ServerTalk.executeHttpRequest(ServerTalk.java:128)
	at com.flatirons.pinpoint.server.access.impl.AcmServerTalk.doPost(AcmServerTalk.java:107)
	at com.flatirons.pinpoint.server.listener.CreateResourcesRunnable.postResources(CreateResourcesRunnable.java:45)
	at com.flatirons.pinpoint.server.listener.CreateResourcesRunnable.run(CreateResourcesRunnable.java:25)
	at java.base/java.lang.Thread.run(Unknown Source)
[2025-05-21 01:25:26] ERROR [Thread-58] com.flatirons.pinpoint.server.access.impl.AcmServerTalk:113 - Error process http request
com.google.api.client.http.HttpResponseException: 403
<html><body><h1>Whitelabel Error Page</h1><p>This application has no explicit mapping for /error, so you are seeing this as a fallback.</p><div id='created'>Wed May 21 01:25:26 PDT 2025</div><div>There was an unexpected error (type=Forbidden, status=403).</div></body></html>
	at com.google.api.client.http.HttpRequest.execute(HttpRequest.java:1061)
	at com.flatirons.pinpoint.server.access.ServerTalk.executeHttpRequest(ServerTalk.java:128)
	at com.flatirons.pinpoint.server.access.impl.AcmServerTalk.doPost(AcmServerTalk.java:107)
	at com.flatirons.pinpoint.server.listener.CreateResourcesRunnable.postResources(CreateResourcesRunnable.java:45)
	at com.flatirons.pinpoint.server.listener.CreateResourcesRunnable.run(CreateResourcesRunnable.java:25)
	at java.base/java.lang.Thread.run(Unknown Source)
[2025-05-21 01:25:31] ERROR [Thread-58] com.flatirons.pinpoint.server.access.impl.AcmServerTalk:113 - Error process http request
com.google.api.client.http.HttpResponseException: 403
<html><body><h1>Whitelabel Error Page</h1><p>This application has no explicit mapping for /error, so you are seeing this as a fallback.</p><div id='created'>Wed May 21 01:25:31 PDT 2025</div><div>There was an unexpected error (type=Forbidden, status=403).</div></body></html>
	at com.google.api.client.http.HttpRequest.execute(HttpRequest.java:1061)
	at com.flatirons.pinpoint.server.access.ServerTalk.executeHttpRequest(ServerTalk.java:128)
	at com.flatirons.pinpoint.server.access.impl.AcmServerTalk.doPost(AcmServerTalk.java:107)
	at com.flatirons.pinpoint.server.listener.CreateResourcesRunnable.postResources(CreateResourcesRunnable.java:45)
	at com.flatirons.pinpoint.server.listener.CreateResourcesRunnable.run(CreateResourcesRunnable.java:25)
	at java.base/java.lang.Thread.run(Unknown Source)
[2025-05-21 01:25:37] ERROR [Thread-58] com.flatirons.pinpoint.server.access.impl.AcmServerTalk:113 - Error process http request
com.google.api.client.http.HttpResponseException: 403
<html><body><h1>Whitelabel Error Page</h1><p>This application has no explicit mapping for /error, so you are seeing this as a fallback.</p><div id='created'>Wed May 21 01:25:37 PDT 2025</div><div>There was an unexpected error (type=Forbidden, status=403).</div></body></html>
	at com.google.api.client.http.HttpRequest.execute(HttpRequest.java:1061)
	at com.flatirons.pinpoint.server.access.ServerTalk.executeHttpRequest(ServerTalk.java:128)
	at com.flatirons.pinpoint.server.access.impl.AcmServerTalk.doPost(AcmServerTalk.java:107)
	at com.flatirons.pinpoint.server.listener.CreateResourcesRunnable.postResources(CreateResourcesRunnable.java:45)
	at com.flatirons.pinpoint.server.listener.CreateResourcesRunnable.run(CreateResourcesRunnable.java:25)
	at java.base/java.lang.Thread.run(Unknown Source)
[2025-05-21 01:25:42] ERROR [Thread-58] com.flatirons.pinpoint.server.access.impl.AcmServerTalk:113 - Error process http request
com.google.api.client.http.HttpResponseException: 403
<html><body><h1>Whitelabel Error Page</h1><p>This application has no explicit mapping for /error, so you are seeing this as a fallback.</p><div id='created'>Wed May 21 01:25:42 PDT 2025</div><div>There was an unexpected error (type=Forbidden, status=403).</div></body></html>
	at com.google.api.client.http.HttpRequest.execute(HttpRequest.java:1061)
	at com.flatirons.pinpoint.server.access.ServerTalk.executeHttpRequest(ServerTalk.java:128)
	at com.flatirons.pinpoint.server.access.impl.AcmServerTalk.doPost(AcmServerTalk.java:107)
	at com.flatirons.pinpoint.server.listener.CreateResourcesRunnable.postResources(CreateResourcesRunnable.java:45)
	at com.flatirons.pinpoint.server.listener.CreateResourcesRunnable.run(CreateResourcesRunnable.java:25)
	at java.base/java.lang.Thread.run(Unknown Source)
[2025-05-21 01:25:43]  INFO [http-nio-8085-exec-7] com.flatirons.pinpoint.server.access.impl.AcmServerTalk:91 - PUT http://localhost:8086/acmserver/api/auth/privileges.return status 200
[2025-05-21 01:25:47] ERROR [Thread-58] com.flatirons.pinpoint.server.access.impl.AcmServerTalk:113 - Error process http request
com.google.api.client.http.HttpResponseException: 403
<html><body><h1>Whitelabel Error Page</h1><p>This application has no explicit mapping for /error, so you are seeing this as a fallback.</p><div id='created'>Wed May 21 01:25:47 PDT 2025</div><div>There was an unexpected error (type=Forbidden, status=403).</div></body></html>
	at com.google.api.client.http.HttpRequest.execute(HttpRequest.java:1061)
	at com.flatirons.pinpoint.server.access.ServerTalk.executeHttpRequest(ServerTalk.java:128)
	at com.flatirons.pinpoint.server.access.impl.AcmServerTalk.doPost(AcmServerTalk.java:107)
	at com.flatirons.pinpoint.server.listener.CreateResourcesRunnable.postResources(CreateResourcesRunnable.java:45)
	at com.flatirons.pinpoint.server.listener.CreateResourcesRunnable.run(CreateResourcesRunnable.java:25)
	at java.base/java.lang.Thread.run(Unknown Source)
[2025-05-21 01:25:52] ERROR [Thread-58] com.flatirons.pinpoint.server.access.impl.AcmServerTalk:113 - Error process http request
com.google.api.client.http.HttpResponseException: 403
<html><body><h1>Whitelabel Error Page</h1><p>This application has no explicit mapping for /error, so you are seeing this as a fallback.</p><div id='created'>Wed May 21 01:25:52 PDT 2025</div><div>There was an unexpected error (type=Forbidden, status=403).</div></body></html>
	at com.google.api.client.http.HttpRequest.execute(HttpRequest.java:1061)
	at com.flatirons.pinpoint.server.access.ServerTalk.executeHttpRequest(ServerTalk.java:128)
	at com.flatirons.pinpoint.server.access.impl.AcmServerTalk.doPost(AcmServerTalk.java:107)
	at com.flatirons.pinpoint.server.listener.CreateResourcesRunnable.postResources(CreateResourcesRunnable.java:45)
	at com.flatirons.pinpoint.server.listener.CreateResourcesRunnable.run(CreateResourcesRunnable.java:25)
	at java.base/java.lang.Thread.run(Unknown Source)
[2025-05-21 01:25:57] ERROR [Thread-58] com.flatirons.pinpoint.server.access.impl.AcmServerTalk:113 - Error process http request
com.google.api.client.http.HttpResponseException: 403
<html><body><h1>Whitelabel Error Page</h1><p>This application has no explicit mapping for /error, so you are seeing this as a fallback.</p><div id='created'>Wed May 21 01:25:57 PDT 2025</div><div>There was an unexpected error (type=Forbidden, status=403).</div></body></html>
	at com.google.api.client.http.HttpRequest.execute(HttpRequest.java:1061)
	at com.flatirons.pinpoint.server.access.ServerTalk.executeHttpRequest(ServerTalk.java:128)
	at com.flatirons.pinpoint.server.access.impl.AcmServerTalk.doPost(AcmServerTalk.java:107)
	at com.flatirons.pinpoint.server.listener.CreateResourcesRunnable.postResources(CreateResourcesRunnable.java:45)
	at com.flatirons.pinpoint.server.listener.CreateResourcesRunnable.run(CreateResourcesRunnable.java:25)
	at java.base/java.lang.Thread.run(Unknown Source)
[2025-05-21 01:25:58]  INFO [http-nio-8085-exec-5] com.flatirons.pinpoint.server.access.impl.AcmServerTalk:91 - PUT http://localhost:8086/acmserver/api/auth/privileges.return status 200
[2025-05-21 01:25:58]  INFO [http-nio-8085-exec-10] com.flatirons.pinpoint.server.access.impl.AcmServerTalk:91 - PUT http://localhost:8086/acmserver/api/auth/privileges.return status 200
[2025-05-21 01:25:58]  INFO [http-nio-8085-exec-10] com.flatirons.pinpoint.server.access.impl.AcmServerTalk:91 - PUT http://localhost:8086/acmserver/api/auth/privileges.return status 200
[2025-05-21 01:25:59]  INFO [http-nio-8085-exec-1] com.flatirons.pinpoint.server.access.impl.AcmServerTalk:91 - PUT http://localhost:8086/acmserver/api/auth/privileges.return status 200
[2025-05-21 01:25:59]  INFO [http-nio-8085-exec-1] com.flatirons.pinpoint.server.access.impl.AcmServerTalk:73 - Get http://localhost:8086/acmserver/api/users/Guest.return status 200
[2025-05-21 01:25:59]  INFO [http-nio-8085-exec-1] com.flatirons.pinpoint.server.access.impl.AcmServerTalk:91 - PUT http://localhost:8086/acmserver/api/auth/privileges.return status 200
[2025-05-21 01:26:01]  INFO [http-nio-8085-exec-8] com.flatirons.pinpoint.server.access.impl.AcmServerTalk:91 - PUT http://localhost:8086/acmserver/api/auth/privileges.return status 200
[2025-05-21 01:26:01]  INFO [http-nio-8085-exec-2] com.flatirons.pinpoint.server.access.impl.AcmServerTalk:91 - PUT http://localhost:8086/acmserver/api/auth/privileges.return status 200
[2025-05-21 01:26:01]  INFO [http-nio-8085-exec-3] com.flatirons.pinpoint.server.access.impl.AcmServerTalk:91 - PUT http://localhost:8086/acmserver/api/auth/privileges.return status 200
[2025-05-21 01:26:01]  INFO [http-nio-8085-exec-6] com.flatirons.pinpoint.server.access.impl.AcmServerTalk:91 - PUT http://localhost:8086/acmserver/api/auth/privileges.return status 200
[2025-05-21 01:26:01]  INFO [http-nio-8085-exec-6] com.flatirons.pinpoint.server.access.impl.AcmServerTalk:91 - PUT http://localhost:8086/acmserver/api/auth/privileges.return status 200
[2025-05-21 01:26:01]  INFO [http-nio-8085-exec-2] com.flatirons.pinpoint.server.access.impl.AcmServerTalk:73 - Get http://localhost:8086/acmserver/api/users/Guest.return status 200
[2025-05-21 01:26:01]  INFO [http-nio-8085-exec-7] com.flatirons.pinpoint.server.access.impl.AcmServerTalk:91 - PUT http://localhost:8086/acmserver/api/auth/privileges.return status 200
[2025-05-21 01:26:01]  INFO [http-nio-8085-exec-8] com.flatirons.pinpoint.server.access.impl.AcmServerTalk:91 - PUT http://localhost:8086/acmserver/api/auth/privileges.return status 200
[2025-05-21 01:26:01]  INFO [http-nio-8085-exec-6] com.flatirons.pinpoint.server.access.impl.AcmServerTalk:91 - PUT http://localhost:8086/acmserver/api/auth/user/privileges.return status 200
[2025-05-21 01:26:01]  INFO [http-nio-8085-exec-3] com.flatirons.pinpoint.server.access.impl.AcmServerTalk:91 - PUT http://localhost:8086/acmserver/api/auth/privileges.return status 200
[2025-05-21 01:26:02]  INFO [http-nio-8085-exec-8] com.flatirons.pinpoint.server.access.impl.AcmServerTalk:91 - PUT http://localhost:8086/acmserver/api/auth/user/privileges.return status 200
[2025-05-21 01:26:02]  INFO [http-nio-8085-exec-2] com.flatirons.pinpoint.server.access.impl.AcmServerTalk:91 - PUT http://localhost:8086/acmserver/api/auth/privileges.return status 200
[2025-05-21 01:26:02]  INFO [http-nio-8085-exec-3] com.flatirons.pinpoint.server.access.impl.AcmServerTalk:91 - PUT http://localhost:8086/acmserver/api/auth/user/privileges.return status 200
[2025-05-21 01:26:02]  INFO [http-nio-8085-exec-4] com.flatirons.pinpoint.server.access.impl.AcmServerTalk:91 - PUT http://localhost:8086/acmserver/api/auth/privileges.return status 200
[2025-05-21 01:26:02]  INFO [http-nio-8085-exec-6] com.flatirons.pinpoint.server.access.impl.AcmServerTalk:73 - Get http://localhost:8086/acmserver/api/organizations/SYS.return status 200
[2025-05-21 01:26:02]  INFO [http-nio-8085-exec-2] com.flatirons.pinpoint.server.access.impl.AcmServerTalk:91 - PUT http://localhost:8086/acmserver/api/auth/user/privileges.return status 200
[2025-05-21 01:26:02]  INFO [http-nio-8085-exec-5] com.flatirons.pinpoint.server.access.impl.AcmServerTalk:91 - PUT http://localhost:8086/acmserver/api/auth/privileges.return status 200
[2025-05-21 01:26:02]  INFO [http-nio-8085-exec-1] com.flatirons.pinpoint.server.access.impl.AcmServerTalk:91 - PUT http://localhost:8086/acmserver/api/auth/privileges.return status 200
[2025-05-21 01:26:02] ERROR [Thread-58] com.flatirons.pinpoint.server.access.impl.AcmServerTalk:113 - Error process http request
com.google.api.client.http.HttpResponseException: 403
<html><body><h1>Whitelabel Error Page</h1><p>This application has no explicit mapping for /error, so you are seeing this as a fallback.</p><div id='created'>Wed May 21 01:26:02 PDT 2025</div><div>There was an unexpected error (type=Forbidden, status=403).</div></body></html>
	at com.google.api.client.http.HttpRequest.execute(HttpRequest.java:1061)
	at com.flatirons.pinpoint.server.access.ServerTalk.executeHttpRequest(ServerTalk.java:128)
	at com.flatirons.pinpoint.server.access.impl.AcmServerTalk.doPost(AcmServerTalk.java:107)
	at com.flatirons.pinpoint.server.listener.CreateResourcesRunnable.postResources(CreateResourcesRunnable.java:45)
	at com.flatirons.pinpoint.server.listener.CreateResourcesRunnable.run(CreateResourcesRunnable.java:25)
	at java.base/java.lang.Thread.run(Unknown Source)
[2025-05-21 01:26:02]  INFO [http-nio-8085-exec-1] com.flatirons.pinpoint.server.access.impl.AcmServerTalk:91 - PUT http://localhost:8086/acmserver/api/auth/privileges.return status 200
[2025-05-21 01:26:02]  INFO [http-nio-8085-exec-1] com.flatirons.pinpoint.server.access.impl.AcmServerTalk:91 - PUT http://localhost:8086/acmserver/api/auth/user/privileges.return status 200
[2025-05-21 01:26:07]  INFO [http-nio-8085-exec-9] com.flatirons.pinpoint.server.access.impl.AcmServerTalk:91 - PUT http://localhost:8086/acmserver/api/auth/privileges.return status 200
[2025-05-21 01:26:07]  INFO [http-nio-8085-exec-9] com.flatirons.pinpoint.server.access.impl.AcmServerTalk:91 - PUT http://localhost:8086/acmserver/api/auth/privileges.return status 200
[2025-05-21 01:26:07]  INFO [http-nio-8085-exec-9] com.flatirons.pinpoint.server.access.impl.AcmServerTalk:91 - PUT http://localhost:8086/acmserver/api/auth/user/privileges.return status 200
[2025-05-21 01:26:07]  INFO [http-nio-8085-exec-4] com.flatirons.pinpoint.server.access.impl.AcmServerTalk:91 - PUT http://localhost:8086/acmserver/api/auth/privileges.return status 200
[2025-05-21 01:26:07]  INFO [http-nio-8085-exec-3] com.flatirons.pinpoint.server.access.impl.AcmServerTalk:91 - PUT http://localhost:8086/acmserver/api/auth/privileges.return status 200
[2025-05-21 01:26:07]  INFO [http-nio-8085-exec-3] com.flatirons.pinpoint.server.access.impl.AcmServerTalk:91 - PUT http://localhost:8086/acmserver/api/auth/privileges.return status 200
[2025-05-21 01:26:07]  INFO [http-nio-8085-exec-4] com.flatirons.pinpoint.server.access.impl.AcmServerTalk:91 - PUT http://localhost:8086/acmserver/api/auth/privileges.return status 200
[2025-05-21 01:26:07]  INFO [http-nio-8085-exec-4] com.flatirons.pinpoint.server.access.impl.AcmServerTalk:91 - PUT http://localhost:8086/acmserver/api/auth/user/privileges.return status 200
[2025-05-21 01:26:07]  INFO [http-nio-8085-exec-3] com.flatirons.pinpoint.server.access.impl.AcmServerTalk:91 - PUT http://localhost:8086/acmserver/api/auth/user/privileges.return status 200
[2025-05-21 01:26:07] ERROR [Thread-58] com.flatirons.pinpoint.server.access.impl.AcmServerTalk:113 - Error process http request
com.google.api.client.http.HttpResponseException: 403
<html><body><h1>Whitelabel Error Page</h1><p>This application has no explicit mapping for /error, so you are seeing this as a fallback.</p><div id='created'>Wed May 21 01:26:07 PDT 2025</div><div>There was an unexpected error (type=Forbidden, status=403).</div></body></html>
	at com.google.api.client.http.HttpRequest.execute(HttpRequest.java:1061)
	at com.flatirons.pinpoint.server.access.ServerTalk.executeHttpRequest(ServerTalk.java:128)
	at com.flatirons.pinpoint.server.access.impl.AcmServerTalk.doPost(AcmServerTalk.java:107)
	at com.flatirons.pinpoint.server.listener.CreateResourcesRunnable.postResources(CreateResourcesRunnable.java:45)
	at com.flatirons.pinpoint.server.listener.CreateResourcesRunnable.run(CreateResourcesRunnable.java:25)
	at java.base/java.lang.Thread.run(Unknown Source)
[2025-05-21 01:26:09]  INFO [http-nio-8085-exec-2] com.flatirons.pinpoint.server.access.impl.AcmServerTalk:91 - PUT http://localhost:8086/acmserver/api/auth/privileges.return status 200
[2025-05-21 01:26:09]  INFO [http-nio-8085-exec-10] com.flatirons.pinpoint.server.access.impl.AcmServerTalk:91 - PUT http://localhost:8086/acmserver/api/auth/privileges.return status 200
[2025-05-21 01:26:09]  INFO [http-nio-8085-exec-10] com.flatirons.pinpoint.server.access.impl.AcmServerTalk:91 - PUT http://localhost:8086/acmserver/api/auth/privileges.return status 200
[2025-05-21 01:26:09]  INFO [http-nio-8085-exec-10] com.flatirons.pinpoint.server.access.impl.AcmServerTalk:91 - PUT http://localhost:8086/acmserver/api/auth/user/privileges.return status 200
[2025-05-21 01:26:09]  INFO [http-nio-8085-exec-2] com.flatirons.pinpoint.server.access.impl.AcmServerTalk:91 - PUT http://localhost:8086/acmserver/api/auth/privileges.return status 200
[2025-05-21 01:26:09]  INFO [http-nio-8085-exec-2] com.flatirons.pinpoint.server.access.impl.AcmServerTalk:91 - PUT http://localhost:8086/acmserver/api/auth/user/privileges.return status 200
[2025-05-21 01:26:09]  INFO [http-nio-8085-exec-2] com.flatirons.pinpoint.server.access.impl.AcmServerTalk:91 - PUT http://localhost:8086/acmserver/api/auth/user/privileges.return status 200
[2025-05-21 01:26:10]  INFO [http-nio-8085-exec-5] com.flatirons.pinpoint.server.access.impl.AcmServerTalk:91 - PUT http://localhost:8086/acmserver/api/auth/privileges.return status 200
[2025-05-21 01:26:10]  INFO [http-nio-8085-exec-7] com.flatirons.pinpoint.server.access.impl.AcmServerTalk:91 - PUT http://localhost:8086/acmserver/api/auth/privileges.return status 200
[2025-05-21 01:26:10]  INFO [http-nio-8085-exec-9] com.flatirons.pinpoint.server.access.impl.AcmServerTalk:91 - PUT http://localhost:8086/acmserver/api/auth/privileges.return status 200
[2025-05-21 01:26:10]  INFO [http-nio-8085-exec-1] com.flatirons.pinpoint.server.access.impl.AcmServerTalk:91 - PUT http://localhost:8086/acmserver/api/auth/privileges.return status 200
[2025-05-21 01:26:10]  INFO [http-nio-8085-exec-7] com.flatirons.pinpoint.server.access.impl.AcmServerTalk:91 - PUT http://localhost:8086/acmserver/api/auth/privileges.return status 200
[2025-05-21 01:26:10]  INFO [http-nio-8085-exec-9] com.flatirons.pinpoint.server.access.impl.AcmServerTalk:91 - PUT http://localhost:8086/acmserver/api/auth/privileges.return status 200
[2025-05-21 01:26:10]  INFO [http-nio-8085-exec-1] com.flatirons.pinpoint.server.access.impl.AcmServerTalk:91 - PUT http://localhost:8086/acmserver/api/auth/privileges.return status 200
[2025-05-21 01:26:10]  INFO [http-nio-8085-exec-7] com.flatirons.pinpoint.server.access.impl.AcmServerTalk:91 - PUT http://localhost:8086/acmserver/api/auth/privileges.return status 200
[2025-05-21 01:26:10]  INFO [http-nio-8085-exec-9] com.flatirons.pinpoint.server.access.impl.AcmServerTalk:91 - PUT http://localhost:8086/acmserver/api/auth/user/privileges.return status 200
[2025-05-21 01:26:10]  INFO [http-nio-8085-exec-1] com.flatirons.pinpoint.server.access.impl.AcmServerTalk:91 - PUT http://localhost:8086/acmserver/api/auth/user/privileges.return status 200
[2025-05-21 01:26:10]  INFO [http-nio-8085-exec-4] com.flatirons.pinpoint.server.access.impl.AcmServerTalk:91 - PUT http://localhost:8086/acmserver/api/auth/privileges.return status 200
[2025-05-21 01:26:10]  INFO [http-nio-8085-exec-7] com.flatirons.pinpoint.server.access.impl.AcmServerTalk:91 - PUT http://localhost:8086/acmserver/api/auth/privileges.return status 200
[2025-05-21 01:26:10]  INFO [http-nio-8085-exec-6] com.flatirons.pinpoint.server.access.impl.AcmServerTalk:91 - PUT http://localhost:8086/acmserver/api/auth/privileges.return status 200
[2025-05-21 01:26:10]  INFO [http-nio-8085-exec-7] com.flatirons.pinpoint.server.access.impl.AcmServerTalk:91 - PUT http://localhost:8086/acmserver/api/auth/user/privileges.return status 200
[2025-05-21 01:26:10]  INFO [http-nio-8085-exec-9] com.flatirons.pinpoint.server.access.impl.AcmServerTalk:73 - Get http://localhost:8086/acmserver/api/organizations/SYS.return status 200
[2025-05-21 01:26:10]  INFO [http-nio-8085-exec-6] com.flatirons.pinpoint.server.access.impl.AcmServerTalk:91 - PUT http://localhost:8086/acmserver/api/auth/privileges.return status 200
[2025-05-21 01:26:10]  INFO [http-nio-8085-exec-6] com.flatirons.pinpoint.server.access.impl.AcmServerTalk:91 - PUT http://localhost:8086/acmserver/api/auth/privileges.return status 200
[2025-05-21 01:26:10]  INFO [http-nio-8085-exec-6] com.flatirons.pinpoint.server.access.impl.AcmServerTalk:91 - PUT http://localhost:8086/acmserver/api/auth/privileges.return status 200
[2025-05-21 01:26:10]  INFO [http-nio-8085-exec-6] com.flatirons.pinpoint.server.access.impl.AcmServerTalk:91 - PUT http://localhost:8086/acmserver/api/auth/user/privileges.return status 200
[2025-05-21 01:26:10]  INFO [http-nio-8085-exec-2] com.flatirons.pinpoint.server.access.impl.AcmServerTalk:91 - PUT http://localhost:8086/acmserver/api/auth/privileges.return status 200
[2025-05-21 01:26:11]  INFO [http-nio-8085-exec-3] com.flatirons.pinpoint.server.access.impl.AcmServerTalk:91 - PUT http://localhost:8086/acmserver/api/auth/privileges.return status 200
[2025-05-21 01:26:11]  INFO [http-nio-8085-exec-10] com.flatirons.pinpoint.server.access.impl.AcmServerTalk:91 - PUT http://localhost:8086/acmserver/api/auth/privileges.return status 200
[2025-05-21 01:26:11]  INFO [http-nio-8085-exec-2] com.flatirons.pinpoint.server.access.impl.AcmServerTalk:91 - PUT http://localhost:8086/acmserver/api/auth/privileges.return status 200
[2025-05-21 01:26:11]  INFO [http-nio-8085-exec-3] com.flatirons.pinpoint.server.access.impl.AcmServerTalk:91 - PUT http://localhost:8086/acmserver/api/auth/privileges.return status 200
[2025-05-21 01:26:11]  INFO [http-nio-8085-exec-10] com.flatirons.pinpoint.server.access.impl.AcmServerTalk:91 - PUT http://localhost:8086/acmserver/api/auth/privileges.return status 200
[2025-05-21 01:26:11]  INFO [http-nio-8085-exec-2] com.flatirons.pinpoint.server.access.impl.AcmServerTalk:91 - PUT http://localhost:8086/acmserver/api/auth/user/privileges.return status 200
[2025-05-21 01:26:11]  INFO [http-nio-8085-exec-10] com.flatirons.pinpoint.server.access.impl.AcmServerTalk:91 - PUT http://localhost:8086/acmserver/api/auth/user/privileges.return status 200
[2025-05-21 01:26:11]  INFO [http-nio-8085-exec-3] com.flatirons.pinpoint.server.access.impl.AcmServerTalk:91 - PUT http://localhost:8086/acmserver/api/auth/user/privileges.return status 200
[2025-05-21 01:26:11]  INFO [http-nio-8085-exec-8] com.flatirons.pinpoint.server.access.impl.AcmServerTalk:91 - PUT http://localhost:8086/acmserver/api/auth/privileges.return status 200
[2025-05-21 01:26:11]  INFO [http-nio-8085-exec-8] com.flatirons.pinpoint.server.access.impl.AcmServerTalk:91 - PUT http://localhost:8086/acmserver/api/auth/privileges.return status 200
[2025-05-21 01:26:11]  INFO [http-nio-8085-exec-8] com.flatirons.pinpoint.server.access.impl.AcmServerTalk:91 - PUT http://localhost:8086/acmserver/api/auth/user/privileges.return status 200
[2025-05-21 01:26:12] ERROR [Thread-58] com.flatirons.pinpoint.server.access.impl.AcmServerTalk:113 - Error process http request
com.google.api.client.http.HttpResponseException: 403
<html><body><h1>Whitelabel Error Page</h1><p>This application has no explicit mapping for /error, so you are seeing this as a fallback.</p><div id='created'>Wed May 21 01:26:12 PDT 2025</div><div>There was an unexpected error (type=Forbidden, status=403).</div></body></html>
	at com.google.api.client.http.HttpRequest.execute(HttpRequest.java:1061)
	at com.flatirons.pinpoint.server.access.ServerTalk.executeHttpRequest(ServerTalk.java:128)
	at com.flatirons.pinpoint.server.access.impl.AcmServerTalk.doPost(AcmServerTalk.java:107)
	at com.flatirons.pinpoint.server.listener.CreateResourcesRunnable.postResources(CreateResourcesRunnable.java:45)
	at com.flatirons.pinpoint.server.listener.CreateResourcesRunnable.run(CreateResourcesRunnable.java:25)
	at java.base/java.lang.Thread.run(Unknown Source)
[2025-05-21 01:26:17] ERROR [Thread-58] com.flatirons.pinpoint.server.access.impl.AcmServerTalk:113 - Error process http request
com.google.api.client.http.HttpResponseException: 403
<html><body><h1>Whitelabel Error Page</h1><p>This application has no explicit mapping for /error, so you are seeing this as a fallback.</p><div id='created'>Wed May 21 01:26:17 PDT 2025</div><div>There was an unexpected error (type=Forbidden, status=403).</div></body></html>
	at com.google.api.client.http.HttpRequest.execute(HttpRequest.java:1061)
	at com.flatirons.pinpoint.server.access.ServerTalk.executeHttpRequest(ServerTalk.java:128)
	at com.flatirons.pinpoint.server.access.impl.AcmServerTalk.doPost(AcmServerTalk.java:107)
	at com.flatirons.pinpoint.server.listener.CreateResourcesRunnable.postResources(CreateResourcesRunnable.java:45)
	at com.flatirons.pinpoint.server.listener.CreateResourcesRunnable.run(CreateResourcesRunnable.java:25)
	at java.base/java.lang.Thread.run(Unknown Source)
[2025-05-21 01:26:22] ERROR [Thread-58] com.flatirons.pinpoint.server.access.impl.AcmServerTalk:113 - Error process http request
com.google.api.client.http.HttpResponseException: 403
<html><body><h1>Whitelabel Error Page</h1><p>This application has no explicit mapping for /error, so you are seeing this as a fallback.</p><div id='created'>Wed May 21 01:26:22 PDT 2025</div><div>There was an unexpected error (type=Forbidden, status=403).</div></body></html>
	at com.google.api.client.http.HttpRequest.execute(HttpRequest.java:1061)
	at com.flatirons.pinpoint.server.access.ServerTalk.executeHttpRequest(ServerTalk.java:128)
	at com.flatirons.pinpoint.server.access.impl.AcmServerTalk.doPost(AcmServerTalk.java:107)
	at com.flatirons.pinpoint.server.listener.CreateResourcesRunnable.postResources(CreateResourcesRunnable.java:45)
	at com.flatirons.pinpoint.server.listener.CreateResourcesRunnable.run(CreateResourcesRunnable.java:25)
	at java.base/java.lang.Thread.run(Unknown Source)
[2025-05-21 01:26:27] ERROR [Thread-58] com.flatirons.pinpoint.server.access.impl.AcmServerTalk:113 - Error process http request
com.google.api.client.http.HttpResponseException: 403
<html><body><h1>Whitelabel Error Page</h1><p>This application has no explicit mapping for /error, so you are seeing this as a fallback.</p><div id='created'>Wed May 21 01:26:27 PDT 2025</div><div>There was an unexpected error (type=Forbidden, status=403).</div></body></html>
	at com.google.api.client.http.HttpRequest.execute(HttpRequest.java:1061)
	at com.flatirons.pinpoint.server.access.ServerTalk.executeHttpRequest(ServerTalk.java:128)
	at com.flatirons.pinpoint.server.access.impl.AcmServerTalk.doPost(AcmServerTalk.java:107)
	at com.flatirons.pinpoint.server.listener.CreateResourcesRunnable.postResources(CreateResourcesRunnable.java:45)
	at com.flatirons.pinpoint.server.listener.CreateResourcesRunnable.run(CreateResourcesRunnable.java:25)
	at java.base/java.lang.Thread.run(Unknown Source)
[2025-05-21 01:26:28]  INFO [http-nio-8085-exec-7] com.flatirons.pinpoint.server.access.impl.AcmServerTalk:91 - PUT http://localhost:8086/acmserver/api/auth/privileges.return status 200
[2025-05-21 01:26:28]  INFO [http-nio-8085-exec-7] com.flatirons.pinpoint.server.access.impl.AcmServerTalk:91 - PUT http://localhost:8086/acmserver/api/auth/privileges.return status 200
[2025-05-21 01:26:28]  INFO [http-nio-8085-exec-7] com.flatirons.pinpoint.server.access.impl.AcmServerTalk:91 - PUT http://localhost:8086/acmserver/api/auth/user/privileges.return status 200
[2025-05-21 01:26:29]  INFO [http-nio-8085-exec-6] com.flatirons.pinpoint.server.access.impl.AcmServerTalk:91 - PUT http://localhost:8086/acmserver/api/auth/privileges.return status 200
[2025-05-21 01:26:30]  INFO [http-nio-8085-exec-10] com.flatirons.pinpoint.server.access.impl.AcmServerTalk:91 - PUT http://localhost:8086/acmserver/api/auth/privileges.return status 200
[2025-05-21 01:26:30]  INFO [http-nio-8085-exec-2] com.flatirons.pinpoint.server.access.impl.AcmServerTalk:91 - PUT http://localhost:8086/acmserver/api/auth/privileges.return status 200
[2025-05-21 01:26:30]  INFO [http-nio-8085-exec-3] com.flatirons.pinpoint.server.access.impl.AcmServerTalk:91 - PUT http://localhost:8086/acmserver/api/auth/privileges.return status 200
[2025-05-21 01:26:30]  INFO [http-nio-8085-exec-10] com.flatirons.pinpoint.server.access.impl.AcmServerTalk:91 - PUT http://localhost:8086/acmserver/api/auth/privileges.return status 200
[2025-05-21 01:26:30]  INFO [http-nio-8085-exec-3] com.flatirons.pinpoint.server.access.impl.AcmServerTalk:91 - PUT http://localhost:8086/acmserver/api/auth/privileges.return status 200
[2025-05-21 01:26:30]  INFO [http-nio-8085-exec-2] com.flatirons.pinpoint.server.access.impl.AcmServerTalk:91 - PUT http://localhost:8086/acmserver/api/auth/privileges.return status 200
[2025-05-21 01:26:30]  INFO [http-nio-8085-exec-2] com.flatirons.pinpoint.server.access.impl.AcmServerTalk:91 - PUT http://localhost:8086/acmserver/api/auth/privileges.return status 200
[2025-05-21 01:26:30]  INFO [http-nio-8085-exec-10] com.flatirons.pinpoint.server.access.impl.AcmServerTalk:91 - PUT http://localhost:8086/acmserver/api/auth/user/privileges.return status 200
[2025-05-21 01:26:30]  INFO [http-nio-8085-exec-3] com.flatirons.pinpoint.server.access.impl.AcmServerTalk:91 - PUT http://localhost:8086/acmserver/api/auth/user/privileges.return status 200
[2025-05-21 01:26:30]  INFO [http-nio-8085-exec-2] com.flatirons.pinpoint.server.access.impl.AcmServerTalk:91 - PUT http://localhost:8086/acmserver/api/auth/privileges.return status 200
[2025-05-21 01:26:30]  INFO [http-nio-8085-exec-3] com.flatirons.pinpoint.server.access.impl.AcmServerTalk:73 - Get http://localhost:8086/acmserver/api/organizations/SYS.return status 200
[2025-05-21 01:26:30]  INFO [http-nio-8085-exec-2] com.flatirons.pinpoint.server.access.impl.AcmServerTalk:91 - PUT http://localhost:8086/acmserver/api/auth/user/privileges.return status 200
[2025-05-21 01:26:30]  INFO [http-nio-8085-exec-5] com.flatirons.pinpoint.server.access.impl.AcmServerTalk:91 - PUT http://localhost:8086/acmserver/api/auth/privileges.return status 200
[2025-05-21 01:26:30]  INFO [http-nio-8085-exec-8] com.flatirons.pinpoint.server.access.impl.AcmServerTalk:91 - PUT http://localhost:8086/acmserver/api/auth/privileges.return status 200
[2025-05-21 01:26:30]  INFO [http-nio-8085-exec-8] com.flatirons.pinpoint.server.access.impl.AcmServerTalk:91 - PUT http://localhost:8086/acmserver/api/auth/privileges.return status 200
[2025-05-21 01:26:30]  INFO [http-nio-8085-exec-8] com.flatirons.pinpoint.server.access.impl.AcmServerTalk:91 - PUT http://localhost:8086/acmserver/api/auth/privileges.return status 200
[2025-05-21 01:26:30]  INFO [http-nio-8085-exec-8] com.flatirons.pinpoint.server.access.impl.AcmServerTalk:91 - PUT http://localhost:8086/acmserver/api/auth/privileges.return status 200
[2025-05-21 01:26:30]  INFO [http-nio-8085-exec-8] com.flatirons.pinpoint.server.access.impl.AcmServerTalk:91 - PUT http://localhost:8086/acmserver/api/auth/user/privileges.return status 200
[2025-05-21 01:26:30]  INFO [http-nio-8085-exec-9] com.flatirons.pinpoint.server.access.impl.AcmServerTalk:91 - PUT http://localhost:8086/acmserver/api/auth/privileges.return status 200
[2025-05-21 01:26:30]  INFO [http-nio-8085-exec-7] com.flatirons.pinpoint.server.access.impl.AcmServerTalk:91 - PUT http://localhost:8086/acmserver/api/auth/privileges.return status 200
[2025-05-21 01:26:30]  INFO [http-nio-8085-exec-4] com.flatirons.pinpoint.server.access.impl.AcmServerTalk:91 - PUT http://localhost:8086/acmserver/api/auth/privileges.return status 200
[2025-05-21 01:26:30]  INFO [http-nio-8085-exec-7] com.flatirons.pinpoint.server.access.impl.AcmServerTalk:91 - PUT http://localhost:8086/acmserver/api/auth/privileges.return status 200
[2025-05-21 01:26:30]  INFO [http-nio-8085-exec-9] com.flatirons.pinpoint.server.access.impl.AcmServerTalk:91 - PUT http://localhost:8086/acmserver/api/auth/privileges.return status 200
[2025-05-21 01:26:30]  INFO [http-nio-8085-exec-4] com.flatirons.pinpoint.server.access.impl.AcmServerTalk:91 - PUT http://localhost:8086/acmserver/api/auth/privileges.return status 200
[2025-05-21 01:26:30]  INFO [http-nio-8085-exec-7] com.flatirons.pinpoint.server.access.impl.AcmServerTalk:91 - PUT http://localhost:8086/acmserver/api/auth/user/privileges.return status 200
[2025-05-21 01:26:30]  INFO [http-nio-8085-exec-9] com.flatirons.pinpoint.server.access.impl.AcmServerTalk:91 - PUT http://localhost:8086/acmserver/api/auth/user/privileges.return status 200
[2025-05-21 01:26:30]  INFO [http-nio-8085-exec-4] com.flatirons.pinpoint.server.access.impl.AcmServerTalk:91 - PUT http://localhost:8086/acmserver/api/auth/user/privileges.return status 200
[2025-05-21 01:26:30]  INFO [http-nio-8085-exec-3] com.flatirons.pinpoint.server.access.impl.AcmServerTalk:91 - PUT http://localhost:8086/acmserver/api/auth/privileges.return status 200
[2025-05-21 01:26:30]  INFO [http-nio-8085-exec-3] com.flatirons.pinpoint.server.access.impl.AcmServerTalk:91 - PUT http://localhost:8086/acmserver/api/auth/privileges.return status 200
[2025-05-21 01:26:30]  INFO [http-nio-8085-exec-3] com.flatirons.pinpoint.server.access.impl.AcmServerTalk:91 - PUT http://localhost:8086/acmserver/api/auth/user/privileges.return status 200
[2025-05-21 01:26:32] ERROR [Thread-58] com.flatirons.pinpoint.server.access.impl.AcmServerTalk:113 - Error process http request
com.google.api.client.http.HttpResponseException: 403
<html><body><h1>Whitelabel Error Page</h1><p>This application has no explicit mapping for /error, so you are seeing this as a fallback.</p><div id='created'>Wed May 21 01:26:32 PDT 2025</div><div>There was an unexpected error (type=Forbidden, status=403).</div></body></html>
	at com.google.api.client.http.HttpRequest.execute(HttpRequest.java:1061)
	at com.flatirons.pinpoint.server.access.ServerTalk.executeHttpRequest(ServerTalk.java:128)
	at com.flatirons.pinpoint.server.access.impl.AcmServerTalk.doPost(AcmServerTalk.java:107)
	at com.flatirons.pinpoint.server.listener.CreateResourcesRunnable.postResources(CreateResourcesRunnable.java:45)
	at com.flatirons.pinpoint.server.listener.CreateResourcesRunnable.run(CreateResourcesRunnable.java:25)
	at java.base/java.lang.Thread.run(Unknown Source)
[2025-05-21 01:26:37] ERROR [Thread-58] com.flatirons.pinpoint.server.access.impl.AcmServerTalk:113 - Error process http request
com.google.api.client.http.HttpResponseException: 403
<html><body><h1>Whitelabel Error Page</h1><p>This application has no explicit mapping for /error, so you are seeing this as a fallback.</p><div id='created'>Wed May 21 01:26:37 PDT 2025</div><div>There was an unexpected error (type=Forbidden, status=403).</div></body></html>
	at com.google.api.client.http.HttpRequest.execute(HttpRequest.java:1061)
	at com.flatirons.pinpoint.server.access.ServerTalk.executeHttpRequest(ServerTalk.java:128)
	at com.flatirons.pinpoint.server.access.impl.AcmServerTalk.doPost(AcmServerTalk.java:107)
	at com.flatirons.pinpoint.server.listener.CreateResourcesRunnable.postResources(CreateResourcesRunnable.java:45)
	at com.flatirons.pinpoint.server.listener.CreateResourcesRunnable.run(CreateResourcesRunnable.java:25)
	at java.base/java.lang.Thread.run(Unknown Source)
[2025-05-21 01:26:42]  INFO [http-nio-8085-exec-5] com.flatirons.pinpoint.server.access.impl.AcmServerTalk:91 - PUT http://localhost:8086/acmserver/api/auth/privileges.return status 200
[2025-05-21 01:26:42] ERROR [Thread-58] com.flatirons.pinpoint.server.access.impl.AcmServerTalk:113 - Error process http request
com.google.api.client.http.HttpResponseException: 403
<html><body><h1>Whitelabel Error Page</h1><p>This application has no explicit mapping for /error, so you are seeing this as a fallback.</p><div id='created'>Wed May 21 01:26:42 PDT 2025</div><div>There was an unexpected error (type=Forbidden, status=403).</div></body></html>
	at com.google.api.client.http.HttpRequest.execute(HttpRequest.java:1061)
	at com.flatirons.pinpoint.server.access.ServerTalk.executeHttpRequest(ServerTalk.java:128)
	at com.flatirons.pinpoint.server.access.impl.AcmServerTalk.doPost(AcmServerTalk.java:107)
	at com.flatirons.pinpoint.server.listener.CreateResourcesRunnable.postResources(CreateResourcesRunnable.java:45)
	at com.flatirons.pinpoint.server.listener.CreateResourcesRunnable.run(CreateResourcesRunnable.java:25)
	at java.base/java.lang.Thread.run(Unknown Source)
[2025-05-21 01:26:44]  INFO [http-nio-8085-exec-5] com.flatirons.pinpoint.server.access.impl.AcmServerTalk:91 - PUT http://localhost:8086/acmserver/api/auth/privileges.return status 200
[2025-05-21 01:26:44]  INFO [http-nio-8085-exec-5] com.flatirons.pinpoint.server.access.impl.AcmServerTalk:91 - PUT http://localhost:8086/acmserver/api/auth/user/privileges.return status 200
[2025-05-21 01:26:44]  INFO [http-nio-8085-exec-5] com.flatirons.pinpoint.server.access.impl.AcmServerTalk:91 - PUT http://localhost:8086/acmserver/api/auth/user/privileges.return status 200
[2025-05-21 01:26:44]  INFO [http-nio-8085-exec-5] com.flatirons.pinpoint.server.access.impl.AcmServerTalk:91 - PUT http://localhost:8086/acmserver/api/auth/user/privileges.return status 200
[2025-05-21 01:26:44]  INFO [http-nio-8085-exec-5] com.flatirons.pinpoint.server.access.impl.AcmServerTalk:91 - PUT http://localhost:8086/acmserver/api/auth/user/privileges.return status 200
[2025-05-21 01:26:44]  INFO [http-nio-8085-exec-5] com.flatirons.pinpoint.server.access.impl.AcmServerTalk:91 - PUT http://localhost:8086/acmserver/api/auth/user/privileges.return status 200
[2025-05-21 01:26:44]  INFO [http-nio-8085-exec-5] com.flatirons.pinpoint.server.access.impl.AcmServerTalk:91 - PUT http://localhost:8086/acmserver/api/auth/user/privileges.return status 200
[2025-05-21 01:26:46]  INFO [http-nio-8085-exec-7] com.flatirons.pinpoint.server.access.impl.AcmServerTalk:91 - PUT http://localhost:8086/acmserver/api/auth/privileges.return status 200
[2025-05-21 01:26:46]  INFO [http-nio-8085-exec-8] com.flatirons.pinpoint.server.access.impl.AcmServerTalk:91 - PUT http://localhost:8086/acmserver/api/auth/privileges.return status 200
[2025-05-21 01:26:46]  INFO [http-nio-8085-exec-8] com.flatirons.pinpoint.server.access.impl.AcmServerTalk:91 - PUT http://localhost:8086/acmserver/api/auth/privileges.return status 200
[2025-05-21 01:26:46]  INFO [http-nio-8085-exec-8] com.flatirons.pinpoint.server.access.impl.AcmServerTalk:91 - PUT http://localhost:8086/acmserver/api/auth/user/privileges.return status 200
[2025-05-21 01:26:47] ERROR [Thread-58] com.flatirons.pinpoint.server.access.impl.AcmServerTalk:113 - Error process http request
com.google.api.client.http.HttpResponseException: 403
<html><body><h1>Whitelabel Error Page</h1><p>This application has no explicit mapping for /error, so you are seeing this as a fallback.</p><div id='created'>Wed May 21 01:26:47 PDT 2025</div><div>There was an unexpected error (type=Forbidden, status=403).</div></body></html>
	at com.google.api.client.http.HttpRequest.execute(HttpRequest.java:1061)
	at com.flatirons.pinpoint.server.access.ServerTalk.executeHttpRequest(ServerTalk.java:128)
	at com.flatirons.pinpoint.server.access.impl.AcmServerTalk.doPost(AcmServerTalk.java:107)
	at com.flatirons.pinpoint.server.listener.CreateResourcesRunnable.postResources(CreateResourcesRunnable.java:45)
	at com.flatirons.pinpoint.server.listener.CreateResourcesRunnable.run(CreateResourcesRunnable.java:25)
	at java.base/java.lang.Thread.run(Unknown Source)
[2025-05-21 01:26:49]  INFO [http-nio-8085-exec-9] com.flatirons.pinpoint.server.access.impl.AcmServerTalk:91 - PUT http://localhost:8086/acmserver/api/auth/privileges.return status 200
[2025-05-21 01:26:49]  INFO [http-nio-8085-exec-1] com.flatirons.pinpoint.server.access.impl.AcmServerTalk:91 - PUT http://localhost:8086/acmserver/api/auth/privileges.return status 200
[2025-05-21 01:26:49]  INFO [http-nio-8085-exec-6] com.flatirons.pinpoint.server.access.impl.AcmServerTalk:91 - PUT http://localhost:8086/acmserver/api/auth/privileges.return status 200
[2025-05-21 01:26:49]  INFO [http-nio-8085-exec-3] com.flatirons.pinpoint.server.access.impl.AcmServerTalk:91 - PUT http://localhost:8086/acmserver/api/auth/privileges.return status 200
[2025-05-21 01:26:49]  INFO [http-nio-8085-exec-3] com.flatirons.pinpoint.server.access.impl.AcmServerTalk:91 - PUT http://localhost:8086/acmserver/api/auth/privileges.return status 200
[2025-05-21 01:26:49]  INFO [http-nio-8085-exec-1] com.flatirons.pinpoint.server.access.impl.AcmServerTalk:91 - PUT http://localhost:8086/acmserver/api/auth/privileges.return status 200
[2025-05-21 01:26:49]  INFO [http-nio-8085-exec-6] com.flatirons.pinpoint.server.access.impl.AcmServerTalk:91 - PUT http://localhost:8086/acmserver/api/auth/privileges.return status 200
[2025-05-21 01:26:49]  INFO [http-nio-8085-exec-1] com.flatirons.pinpoint.server.access.impl.AcmServerTalk:91 - PUT http://localhost:8086/acmserver/api/auth/privileges.return status 200
[2025-05-21 01:26:49]  INFO [http-nio-8085-exec-3] com.flatirons.pinpoint.server.access.impl.AcmServerTalk:91 - PUT http://localhost:8086/acmserver/api/auth/user/privileges.return status 200
[2025-05-21 01:26:49]  INFO [http-nio-8085-exec-6] com.flatirons.pinpoint.server.access.impl.AcmServerTalk:91 - PUT http://localhost:8086/acmserver/api/auth/user/privileges.return status 200
[2025-05-21 01:26:49]  INFO [http-nio-8085-exec-1] com.flatirons.pinpoint.server.access.impl.AcmServerTalk:91 - PUT http://localhost:8086/acmserver/api/auth/privileges.return status 200
[2025-05-21 01:26:49]  INFO [http-nio-8085-exec-3] com.flatirons.pinpoint.server.access.impl.AcmServerTalk:73 - Get http://localhost:8086/acmserver/api/organizations/SYS.return status 200
[2025-05-21 01:26:49]  INFO [http-nio-8085-exec-1] com.flatirons.pinpoint.server.access.impl.AcmServerTalk:91 - PUT http://localhost:8086/acmserver/api/auth/user/privileges.return status 200
[2025-05-21 01:26:50]  INFO [http-nio-8085-exec-10] com.flatirons.pinpoint.server.access.impl.AcmServerTalk:91 - PUT http://localhost:8086/acmserver/api/auth/privileges.return status 200
[2025-05-21 01:26:50]  INFO [http-nio-8085-exec-2] com.flatirons.pinpoint.server.access.impl.AcmServerTalk:91 - PUT http://localhost:8086/acmserver/api/auth/privileges.return status 200
[2025-05-21 01:26:50]  INFO [http-nio-8085-exec-2] com.flatirons.pinpoint.server.access.impl.AcmServerTalk:91 - PUT http://localhost:8086/acmserver/api/auth/privileges.return status 200
[2025-05-21 01:26:50]  INFO [http-nio-8085-exec-2] com.flatirons.pinpoint.server.access.impl.AcmServerTalk:91 - PUT http://localhost:8086/acmserver/api/auth/privileges.return status 200
[2025-05-21 01:26:50]  INFO [http-nio-8085-exec-2] com.flatirons.pinpoint.server.access.impl.AcmServerTalk:91 - PUT http://localhost:8086/acmserver/api/auth/privileges.return status 200
[2025-05-21 01:26:50]  INFO [http-nio-8085-exec-2] com.flatirons.pinpoint.server.access.impl.AcmServerTalk:91 - PUT http://localhost:8086/acmserver/api/auth/user/privileges.return status 200
[2025-05-21 01:26:50]  INFO [http-nio-8085-exec-7] com.flatirons.pinpoint.server.access.impl.AcmServerTalk:91 - PUT http://localhost:8086/acmserver/api/auth/privileges.return status 200
[2025-05-21 01:26:50]  INFO [http-nio-8085-exec-4] com.flatirons.pinpoint.server.access.impl.AcmServerTalk:91 - PUT http://localhost:8086/acmserver/api/auth/privileges.return status 200
[2025-05-21 01:26:50]  INFO [http-nio-8085-exec-5] com.flatirons.pinpoint.server.access.impl.AcmServerTalk:91 - PUT http://localhost:8086/acmserver/api/auth/privileges.return status 200
[2025-05-21 01:26:50]  INFO [http-nio-8085-exec-4] com.flatirons.pinpoint.server.access.impl.AcmServerTalk:91 - PUT http://localhost:8086/acmserver/api/auth/privileges.return status 200
[2025-05-21 01:26:50]  INFO [http-nio-8085-exec-7] com.flatirons.pinpoint.server.access.impl.AcmServerTalk:91 - PUT http://localhost:8086/acmserver/api/auth/privileges.return status 200
[2025-05-21 01:26:50]  INFO [http-nio-8085-exec-5] com.flatirons.pinpoint.server.access.impl.AcmServerTalk:91 - PUT http://localhost:8086/acmserver/api/auth/privileges.return status 200
[2025-05-21 01:26:50]  INFO [http-nio-8085-exec-4] com.flatirons.pinpoint.server.access.impl.AcmServerTalk:91 - PUT http://localhost:8086/acmserver/api/auth/user/privileges.return status 200
[2025-05-21 01:26:50]  INFO [http-nio-8085-exec-7] com.flatirons.pinpoint.server.access.impl.AcmServerTalk:91 - PUT http://localhost:8086/acmserver/api/auth/user/privileges.return status 200
[2025-05-21 01:26:50]  INFO [http-nio-8085-exec-5] com.flatirons.pinpoint.server.access.impl.AcmServerTalk:91 - PUT http://localhost:8086/acmserver/api/auth/user/privileges.return status 200
[2025-05-21 01:26:51]  INFO [http-nio-8085-exec-8] com.flatirons.pinpoint.server.access.impl.AcmServerTalk:91 - PUT http://localhost:8086/acmserver/api/auth/privileges.return status 200
[2025-05-21 01:26:51]  INFO [http-nio-8085-exec-8] com.flatirons.pinpoint.server.access.impl.AcmServerTalk:91 - PUT http://localhost:8086/acmserver/api/auth/privileges.return status 200
[2025-05-21 01:26:51]  INFO [http-nio-8085-exec-8] com.flatirons.pinpoint.server.access.impl.AcmServerTalk:91 - PUT http://localhost:8086/acmserver/api/auth/user/privileges.return status 200
[2025-05-21 01:26:52] ERROR [Thread-58] com.flatirons.pinpoint.server.access.impl.AcmServerTalk:113 - Error process http request
com.google.api.client.http.HttpResponseException: 403
<html><body><h1>Whitelabel Error Page</h1><p>This application has no explicit mapping for /error, so you are seeing this as a fallback.</p><div id='created'>Wed May 21 01:26:52 PDT 2025</div><div>There was an unexpected error (type=Forbidden, status=403).</div></body></html>
	at com.google.api.client.http.HttpRequest.execute(HttpRequest.java:1061)
	at com.flatirons.pinpoint.server.access.ServerTalk.executeHttpRequest(ServerTalk.java:128)
	at com.flatirons.pinpoint.server.access.impl.AcmServerTalk.doPost(AcmServerTalk.java:107)
	at com.flatirons.pinpoint.server.listener.CreateResourcesRunnable.postResources(CreateResourcesRunnable.java:45)
	at com.flatirons.pinpoint.server.listener.CreateResourcesRunnable.run(CreateResourcesRunnable.java:25)
	at java.base/java.lang.Thread.run(Unknown Source)
[2025-05-21 01:26:57] ERROR [Thread-58] com.flatirons.pinpoint.server.access.impl.AcmServerTalk:113 - Error process http request
com.google.api.client.http.HttpResponseException: 403
<html><body><h1>Whitelabel Error Page</h1><p>This application has no explicit mapping for /error, so you are seeing this as a fallback.</p><div id='created'>Wed May 21 01:26:57 PDT 2025</div><div>There was an unexpected error (type=Forbidden, status=403).</div></body></html>
	at com.google.api.client.http.HttpRequest.execute(HttpRequest.java:1061)
	at com.flatirons.pinpoint.server.access.ServerTalk.executeHttpRequest(ServerTalk.java:128)
	at com.flatirons.pinpoint.server.access.impl.AcmServerTalk.doPost(AcmServerTalk.java:107)
	at com.flatirons.pinpoint.server.listener.CreateResourcesRunnable.postResources(CreateResourcesRunnable.java:45)
	at com.flatirons.pinpoint.server.listener.CreateResourcesRunnable.run(CreateResourcesRunnable.java:25)
	at java.base/java.lang.Thread.run(Unknown Source)
[2025-05-21 01:27:02] ERROR [Thread-58] com.flatirons.pinpoint.server.access.impl.AcmServerTalk:113 - Error process http request
com.google.api.client.http.HttpResponseException: 403
<html><body><h1>Whitelabel Error Page</h1><p>This application has no explicit mapping for /error, so you are seeing this as a fallback.</p><div id='created'>Wed May 21 01:27:02 PDT 2025</div><div>There was an unexpected error (type=Forbidden, status=403).</div></body></html>
	at com.google.api.client.http.HttpRequest.execute(HttpRequest.java:1061)
	at com.flatirons.pinpoint.server.access.ServerTalk.executeHttpRequest(ServerTalk.java:128)
	at com.flatirons.pinpoint.server.access.impl.AcmServerTalk.doPost(AcmServerTalk.java:107)
	at com.flatirons.pinpoint.server.listener.CreateResourcesRunnable.postResources(CreateResourcesRunnable.java:45)
	at com.flatirons.pinpoint.server.listener.CreateResourcesRunnable.run(CreateResourcesRunnable.java:25)
	at java.base/java.lang.Thread.run(Unknown Source)
[2025-05-21 01:27:03]  INFO [http-nio-8085-exec-3] com.flatirons.pinpoint.server.access.impl.AcmServerTalk:91 - PUT http://localhost:8086/acmserver/api/auth/privileges.return status 200
[2025-05-21 01:27:07] ERROR [Thread-58] com.flatirons.pinpoint.server.access.impl.AcmServerTalk:113 - Error process http request
com.google.api.client.http.HttpResponseException: 403
<html><body><h1>Whitelabel Error Page</h1><p>This application has no explicit mapping for /error, so you are seeing this as a fallback.</p><div id='created'>Wed May 21 01:27:07 PDT 2025</div><div>There was an unexpected error (type=Forbidden, status=403).</div></body></html>
	at com.google.api.client.http.HttpRequest.execute(HttpRequest.java:1061)
	at com.flatirons.pinpoint.server.access.ServerTalk.executeHttpRequest(ServerTalk.java:128)
	at com.flatirons.pinpoint.server.access.impl.AcmServerTalk.doPost(AcmServerTalk.java:107)
	at com.flatirons.pinpoint.server.listener.CreateResourcesRunnable.postResources(CreateResourcesRunnable.java:45)
	at com.flatirons.pinpoint.server.listener.CreateResourcesRunnable.run(CreateResourcesRunnable.java:25)
	at java.base/java.lang.Thread.run(Unknown Source)
[2025-05-21 01:27:11]  INFO [http-nio-8085-exec-10] com.flatirons.pinpoint.server.access.impl.AcmServerTalk:91 - PUT http://localhost:8086/acmserver/api/auth/privileges.return status 200
[2025-05-21 01:27:11]  INFO [http-nio-8085-exec-10] com.flatirons.pinpoint.server.access.impl.AcmServerTalk:91 - PUT http://localhost:8086/acmserver/api/auth/privileges.return status 200
[2025-05-21 01:27:11]  INFO [http-nio-8085-exec-10] com.flatirons.pinpoint.server.access.impl.AcmServerTalk:91 - PUT http://localhost:8086/acmserver/api/auth/user/privileges.return status 200
[2025-05-21 01:27:11]  INFO [http-nio-8085-exec-2] com.flatirons.pinpoint.server.access.impl.AcmServerTalk:91 - PUT http://localhost:8086/acmserver/api/auth/privileges.return status 200
[2025-05-21 01:27:11]  INFO [http-nio-8085-exec-2] com.flatirons.pinpoint.server.access.impl.AcmServerTalk:91 - PUT http://localhost:8086/acmserver/api/auth/privileges.return status 200
[2025-05-21 01:27:11]  INFO [http-nio-8085-exec-2] com.flatirons.pinpoint.server.access.impl.AcmServerTalk:91 - PUT http://localhost:8086/acmserver/api/auth/user/privileges.return status 200
[2025-05-21 01:27:12] ERROR [Thread-58] com.flatirons.pinpoint.server.access.impl.AcmServerTalk:113 - Error process http request
com.google.api.client.http.HttpResponseException: 403
<html><body><h1>Whitelabel Error Page</h1><p>This application has no explicit mapping for /error, so you are seeing this as a fallback.</p><div id='created'>Wed May 21 01:27:12 PDT 2025</div><div>There was an unexpected error (type=Forbidden, status=403).</div></body></html>
	at com.google.api.client.http.HttpRequest.execute(HttpRequest.java:1061)
	at com.flatirons.pinpoint.server.access.ServerTalk.executeHttpRequest(ServerTalk.java:128)
	at com.flatirons.pinpoint.server.access.impl.AcmServerTalk.doPost(AcmServerTalk.java:107)
	at com.flatirons.pinpoint.server.listener.CreateResourcesRunnable.postResources(CreateResourcesRunnable.java:45)
	at com.flatirons.pinpoint.server.listener.CreateResourcesRunnable.run(CreateResourcesRunnable.java:25)
	at java.base/java.lang.Thread.run(Unknown Source)
[2025-05-21 01:27:15]  INFO [http-nio-8085-exec-7] com.flatirons.pinpoint.server.access.impl.AcmServerTalk:91 - PUT http://localhost:8086/acmserver/api/auth/privileges.return status 200
[2025-05-21 01:27:15]  INFO [http-nio-8085-exec-7] com.flatirons.pinpoint.server.access.impl.AcmServerTalk:91 - PUT http://localhost:8086/acmserver/api/auth/privileges.return status 200
[2025-05-21 01:27:15]  INFO [http-nio-8085-exec-4] com.flatirons.pinpoint.server.access.impl.AcmServerTalk:91 - PUT http://localhost:8086/acmserver/api/auth/privileges.return status 200
[2025-05-21 01:27:15]  INFO [http-nio-8085-exec-7] com.flatirons.pinpoint.server.access.impl.AcmServerTalk:91 - PUT http://localhost:8086/acmserver/api/auth/user/privileges.return status 200
[2025-05-21 01:27:15]  INFO [http-nio-8085-exec-4] com.flatirons.pinpoint.server.access.impl.AcmServerTalk:91 - PUT http://localhost:8086/acmserver/api/auth/privileges.return status 200
[2025-05-21 01:27:15]  INFO [http-nio-8085-exec-7] com.flatirons.pinpoint.server.access.impl.AcmServerTalk:91 - PUT http://localhost:8086/acmserver/api/auth/user/privileges.return status 200
[2025-05-21 01:27:15]  INFO [http-nio-8085-exec-4] com.flatirons.pinpoint.server.access.impl.AcmServerTalk:91 - PUT http://localhost:8086/acmserver/api/auth/user/privileges.return status 200
[2025-05-21 01:27:17]  INFO [http-nio-8085-exec-5] com.flatirons.pinpoint.server.access.impl.AcmServerTalk:91 - PUT http://localhost:8086/acmserver/api/auth/privileges.return status 200
[2025-05-21 01:27:17]  INFO [http-nio-8085-exec-9] com.flatirons.pinpoint.server.access.impl.AcmServerTalk:91 - PUT http://localhost:8086/acmserver/api/auth/privileges.return status 200
[2025-05-21 01:27:17]  INFO [http-nio-8085-exec-3] com.flatirons.pinpoint.server.access.impl.AcmServerTalk:91 - PUT http://localhost:8086/acmserver/api/auth/privileges.return status 200
[2025-05-21 01:27:17]  INFO [http-nio-8085-exec-3] com.flatirons.pinpoint.server.access.impl.AcmServerTalk:91 - PUT http://localhost:8086/acmserver/api/auth/privileges.return status 200
[2025-05-21 01:27:17]  INFO [http-nio-8085-exec-9] com.flatirons.pinpoint.server.access.impl.AcmServerTalk:91 - PUT http://localhost:8086/acmserver/api/auth/privileges.return status 200
[2025-05-21 01:27:17]  INFO [http-nio-8085-exec-8] com.flatirons.pinpoint.server.access.impl.AcmServerTalk:91 - PUT http://localhost:8086/acmserver/api/auth/privileges.return status 200
[2025-05-21 01:27:17]  INFO [http-nio-8085-exec-9] com.flatirons.pinpoint.server.access.impl.AcmServerTalk:91 - PUT http://localhost:8086/acmserver/api/auth/user/privileges.return status 200
[2025-05-21 01:27:17]  INFO [http-nio-8085-exec-3] com.flatirons.pinpoint.server.access.impl.AcmServerTalk:91 - PUT http://localhost:8086/acmserver/api/auth/user/privileges.return status 200
[2025-05-21 01:27:17]  INFO [http-nio-8085-exec-8] com.flatirons.pinpoint.server.access.impl.AcmServerTalk:91 - PUT http://localhost:8086/acmserver/api/auth/privileges.return status 200
[2025-05-21 01:27:17]  INFO [http-nio-8085-exec-3] com.flatirons.pinpoint.server.access.impl.AcmServerTalk:73 - Get http://localhost:8086/acmserver/api/organizations/SYS.return status 200
[2025-05-21 01:27:17]  INFO [http-nio-8085-exec-8] com.flatirons.pinpoint.server.access.impl.AcmServerTalk:91 - PUT http://localhost:8086/acmserver/api/auth/privileges.return status 200
[2025-05-21 01:27:17]  INFO [http-nio-8085-exec-8] com.flatirons.pinpoint.server.access.impl.AcmServerTalk:91 - PUT http://localhost:8086/acmserver/api/auth/privileges.return status 200
[2025-05-21 01:27:17]  INFO [http-nio-8085-exec-8] com.flatirons.pinpoint.server.access.impl.AcmServerTalk:91 - PUT http://localhost:8086/acmserver/api/auth/user/privileges.return status 200
[2025-05-21 01:27:17]  INFO [http-nio-8085-exec-6] com.flatirons.pinpoint.server.access.impl.AcmServerTalk:91 - PUT http://localhost:8086/acmserver/api/auth/privileges.return status 200
[2025-05-21 01:27:17]  INFO [http-nio-8085-exec-1] com.flatirons.pinpoint.server.access.impl.AcmServerTalk:91 - PUT http://localhost:8086/acmserver/api/auth/privileges.return status 200
[2025-05-21 01:27:17]  INFO [http-nio-8085-exec-1] com.flatirons.pinpoint.server.access.impl.AcmServerTalk:91 - PUT http://localhost:8086/acmserver/api/auth/privileges.return status 200
[2025-05-21 01:27:17]  INFO [http-nio-8085-exec-1] com.flatirons.pinpoint.server.access.impl.AcmServerTalk:91 - PUT http://localhost:8086/acmserver/api/auth/privileges.return status 200
[2025-05-21 01:27:17]  INFO [http-nio-8085-exec-1] com.flatirons.pinpoint.server.access.impl.AcmServerTalk:91 - PUT http://localhost:8086/acmserver/api/auth/privileges.return status 200
[2025-05-21 01:27:17]  INFO [http-nio-8085-exec-1] com.flatirons.pinpoint.server.access.impl.AcmServerTalk:91 - PUT http://localhost:8086/acmserver/api/auth/user/privileges.return status 200
[2025-05-21 01:27:17] ERROR [Thread-58] com.flatirons.pinpoint.server.access.impl.AcmServerTalk:113 - Error process http request
com.google.api.client.http.HttpResponseException: 403
<html><body><h1>Whitelabel Error Page</h1><p>This application has no explicit mapping for /error, so you are seeing this as a fallback.</p><div id='created'>Wed May 21 01:27:17 PDT 2025</div><div>There was an unexpected error (type=Forbidden, status=403).</div></body></html>
	at com.google.api.client.http.HttpRequest.execute(HttpRequest.java:1061)
	at com.flatirons.pinpoint.server.access.ServerTalk.executeHttpRequest(ServerTalk.java:128)
	at com.flatirons.pinpoint.server.access.impl.AcmServerTalk.doPost(AcmServerTalk.java:107)
	at com.flatirons.pinpoint.server.listener.CreateResourcesRunnable.postResources(CreateResourcesRunnable.java:45)
	at com.flatirons.pinpoint.server.listener.CreateResourcesRunnable.run(CreateResourcesRunnable.java:25)
	at java.base/java.lang.Thread.run(Unknown Source)
[2025-05-21 01:27:17]  INFO [http-nio-8085-exec-4] com.flatirons.pinpoint.server.access.impl.AcmServerTalk:91 - PUT http://localhost:8086/acmserver/api/auth/privileges.return status 200
[2025-05-21 01:27:17]  INFO [http-nio-8085-exec-10] com.flatirons.pinpoint.server.access.impl.AcmServerTalk:91 - PUT http://localhost:8086/acmserver/api/auth/privileges.return status 200
[2025-05-21 01:27:17]  INFO [http-nio-8085-exec-2] com.flatirons.pinpoint.server.access.impl.AcmServerTalk:91 - PUT http://localhost:8086/acmserver/api/auth/privileges.return status 200
[2025-05-21 01:27:17]  INFO [http-nio-8085-exec-4] com.flatirons.pinpoint.server.access.impl.AcmServerTalk:91 - PUT http://localhost:8086/acmserver/api/auth/privileges.return status 200
[2025-05-21 01:27:17]  INFO [http-nio-8085-exec-2] com.flatirons.pinpoint.server.access.impl.AcmServerTalk:91 - PUT http://localhost:8086/acmserver/api/auth/privileges.return status 200
[2025-05-21 01:27:17]  INFO [http-nio-8085-exec-10] com.flatirons.pinpoint.server.access.impl.AcmServerTalk:91 - PUT http://localhost:8086/acmserver/api/auth/privileges.return status 200
[2025-05-21 01:27:17]  INFO [http-nio-8085-exec-4] com.flatirons.pinpoint.server.access.impl.AcmServerTalk:91 - PUT http://localhost:8086/acmserver/api/auth/user/privileges.return status 200
[2025-05-21 01:27:17]  INFO [http-nio-8085-exec-2] com.flatirons.pinpoint.server.access.impl.AcmServerTalk:91 - PUT http://localhost:8086/acmserver/api/auth/user/privileges.return status 200
[2025-05-21 01:27:17]  INFO [http-nio-8085-exec-10] com.flatirons.pinpoint.server.access.impl.AcmServerTalk:91 - PUT http://localhost:8086/acmserver/api/auth/user/privileges.return status 200
[2025-05-21 01:27:18]  INFO [http-nio-8085-exec-7] com.flatirons.pinpoint.server.access.impl.AcmServerTalk:91 - PUT http://localhost:8086/acmserver/api/auth/privileges.return status 200
[2025-05-21 01:27:18]  INFO [http-nio-8085-exec-7] com.flatirons.pinpoint.server.access.impl.AcmServerTalk:91 - PUT http://localhost:8086/acmserver/api/auth/privileges.return status 200
[2025-05-21 01:27:18]  INFO [http-nio-8085-exec-7] com.flatirons.pinpoint.server.access.impl.AcmServerTalk:91 - PUT http://localhost:8086/acmserver/api/auth/user/privileges.return status 200
[2025-05-21 01:27:21]  INFO [http-nio-8085-exec-5] com.flatirons.pinpoint.server.access.impl.AcmServerTalk:91 - PUT http://localhost:8086/acmserver/api/auth/privileges.return status 200
[2025-05-21 01:27:22] ERROR [Thread-58] com.flatirons.pinpoint.server.access.impl.AcmServerTalk:113 - Error process http request
com.google.api.client.http.HttpResponseException: 403
<html><body><h1>Whitelabel Error Page</h1><p>This application has no explicit mapping for /error, so you are seeing this as a fallback.</p><div id='created'>Wed May 21 01:27:22 PDT 2025</div><div>There was an unexpected error (type=Forbidden, status=403).</div></body></html>
	at com.google.api.client.http.HttpRequest.execute(HttpRequest.java:1061)
	at com.flatirons.pinpoint.server.access.ServerTalk.executeHttpRequest(ServerTalk.java:128)
	at com.flatirons.pinpoint.server.access.impl.AcmServerTalk.doPost(AcmServerTalk.java:107)
	at com.flatirons.pinpoint.server.listener.CreateResourcesRunnable.postResources(CreateResourcesRunnable.java:45)
	at com.flatirons.pinpoint.server.listener.CreateResourcesRunnable.run(CreateResourcesRunnable.java:25)
	at java.base/java.lang.Thread.run(Unknown Source)
[2025-05-21 01:27:27] ERROR [Thread-58] com.flatirons.pinpoint.server.access.impl.AcmServerTalk:113 - Error process http request
com.google.api.client.http.HttpResponseException: 403
<html><body><h1>Whitelabel Error Page</h1><p>This application has no explicit mapping for /error, so you are seeing this as a fallback.</p><div id='created'>Wed May 21 01:27:27 PDT 2025</div><div>There was an unexpected error (type=Forbidden, status=403).</div></body></html>
	at com.google.api.client.http.HttpRequest.execute(HttpRequest.java:1061)
	at com.flatirons.pinpoint.server.access.ServerTalk.executeHttpRequest(ServerTalk.java:128)
	at com.flatirons.pinpoint.server.access.impl.AcmServerTalk.doPost(AcmServerTalk.java:107)
	at com.flatirons.pinpoint.server.listener.CreateResourcesRunnable.postResources(CreateResourcesRunnable.java:45)
	at com.flatirons.pinpoint.server.listener.CreateResourcesRunnable.run(CreateResourcesRunnable.java:25)
	at java.base/java.lang.Thread.run(Unknown Source)
